# t11: t11_attach_project_readonly.sql
# wall 30.03s  exit 1  peak RSS 199168 kB
# command: /usr/bin/time -v -o /home/hermes/.hermes/profiles/bruno/cache/scratch/transport_a/t11.time /home/hermes/.local/bin/duckdb -init /dev/null :memory: <<'SQL'
# (SQL as run, after placeholder substitution; __SA_PATH__ stands for the
#  service-account key path, which is never written to this log)

-- T11: attach a WHOLE project. Two ways to get it wrong, both real.
LOAD bigquery;
CREATE SECRET bq_pub (TYPE bigquery, SCOPE 'bq://bigquery-public-data',
                      SERVICE_ACCOUNT_PATH '__SA_PATH__');
CREATE SECRET bq_me (TYPE bigquery, SCOPE 'bq://coreychimpbot',
                     SERVICE_ACCOUNT_PATH '__SA_PATH__');
-- bq_debug_show_queries is deliberately OFF here: attaching a whole project makes
-- the extension send one enormous UNION ALL over every dataset's
-- INFORMATION_SCHEMA.COLUMNS, and echoing it would fill this log with megabytes of
-- generated SQL. The two failures below are the evidence.

.print '--- (a) whole project, no billing_project: the reader runs its metadata queries in the DATA project'
ATTACH 'project=bigquery-public-data' AS bq_data (TYPE bigquery, READ_ONLY);
SELECT count(*) AS schemas FROM duckdb_schemas() WHERE database_name = 'bq_data';

.print '--- (b) whole project, billing_project set: metadata queries move to the paying project'
ATTACH 'project=bigquery-public-data billing_project=coreychimpbot' AS bq_paid (TYPE bigquery, READ_ONLY);
SELECT count(*) AS schemas FROM duckdb_schemas() WHERE database_name = 'bq_paid';

.print '--- (c) attach the paying project itself'
ATTACH 'project=coreychimpbot' AS bq_me (TYPE bigquery, READ_ONLY);
SELECT schema_name FROM duckdb_schemas() WHERE database_name = 'bq_me' ORDER BY 1;

# ---- output ----
┌─────────┐
│ Success │
│ boolean │
├─────────┤
│ true    │
└─────────┘
┌─────────┐
│ Success │
│ boolean │
├─────────┤
│ true    │
└─────────┘
--- (a) whole project, no billing_project: the reader runs its metadata queries in the DATA project
--- (b) whole project, billing_project set: metadata queries move to the paying project
--- (c) attach the paying project itself
Permission Error: BigQuery Permission Denied

Your credentials are valid, but they do not have enough IAM permissions for this operation.

Required actions:
  1. Verify you are using the correct credentials for this project.
  2. Verify your credentials have the required BigQuery roles for this path:
     • BigQuery Data Viewer (roles/bigquery.dataViewer) - read access to tables and views
     • BigQuery Data Editor (roles/bigquery.dataEditor) - write access to destination tables
     • BigQuery Job User (roles/bigquery.jobUser) - query and job execution
     • BigQuery Read Session User (roles/bigquery.readSessionUser) - Storage Read API access
  3. Check both project-level and dataset/table/view-level permissions.

Error details from BigQuery API:
  Error in non-idempotent operation: Access Denied: Project bigquery-public-data: User does not have bigquery.jobs.create permission in project bigquery-public-data.
Binder Error: Query execution failed: Error in non-idempotent operation: Linked dataset bigquery-public-data:crypto_kusama is unlinked.
Binder Error: Query execution failed: Error in non-idempotent operation: Linked dataset bigquery-public-data:crypto_kusama is unlinked.

