# load_duckdb_real_sources.sh  2026-09-27T19:38:19Z
# duckdb v1.5.5 (Variegata) d8cdaa33fd; bigquery extension 27d85ad from community
# data bigquery-public-data.thelook_ecommerce, billing coreychimpbot, BQ_KEYFILE set
# mode: raw timestamps (what the extension returns)
# target target/raw_timestamps.duckdb (schema thelook_ecommerce); session TimeZone Europe/Vienna

BigQuery table metadata (tables.get, not a query job):
  distribution_centers   numRows         10   numBytes         809
  products               numRows      29120   numBytes     4285975
  users                  numRows     100000   numBytes    19818028
  inventory_items        numRows     489625   numBytes    81215181
  orders                 numRows     124952   numBytes     6748723
  order_items            numRows     181313   numBytes    13601246
  events                 numRows    2425698   numBytes   385279179

table                       local    numRows   rows  transfer_s      map_s  ts_cols  moved
distribution_centers           10         10     ok        1.75          -        -      -
products                    29120      29120     ok        2.39          -        -      -
users                      100000     100000     ok        3.46          -        -      -
inventory_items            489625     489625     ok        4.73          -        -      -
orders                     124952     124952     ok        2.43          -        -      -
order_items                181313     181313     ok        2.63          -        -      -
events                    2425698    2425698     ok       21.47          -        -      -
total wall 39.15 s for 7 tables

Columns as loaded (table | column | DuckDB type):
  distribution_centers|id|BIGINT
  distribution_centers|name|VARCHAR
  distribution_centers|latitude|DOUBLE
  distribution_centers|longitude|DOUBLE
  distribution_centers|distribution_center_geom|GEOMETRY
  events|id|BIGINT
  events|user_id|BIGINT
  events|sequence_number|BIGINT
  events|session_id|VARCHAR
  events|created_at|TIMESTAMP
  events|ip_address|VARCHAR
  events|city|VARCHAR
  events|state|VARCHAR
  events|postal_code|VARCHAR
  events|browser|VARCHAR
  events|traffic_source|VARCHAR
  events|uri|VARCHAR
  events|event_type|VARCHAR
  inventory_items|id|BIGINT
  inventory_items|product_id|BIGINT
  inventory_items|created_at|TIMESTAMP
  inventory_items|sold_at|TIMESTAMP
  inventory_items|cost|DOUBLE
  inventory_items|product_category|VARCHAR
  inventory_items|product_name|VARCHAR
  inventory_items|product_brand|VARCHAR
  inventory_items|product_retail_price|DOUBLE
  inventory_items|product_department|VARCHAR
  inventory_items|product_sku|VARCHAR
  inventory_items|product_distribution_center_id|BIGINT
  order_items|id|BIGINT
  order_items|order_id|BIGINT
  order_items|user_id|BIGINT
  order_items|product_id|BIGINT
  order_items|inventory_item_id|BIGINT
  order_items|status|VARCHAR
  order_items|created_at|TIMESTAMP
  order_items|shipped_at|TIMESTAMP
  order_items|delivered_at|TIMESTAMP
  order_items|returned_at|TIMESTAMP
  order_items|sale_price|DOUBLE
  orders|order_id|BIGINT
  orders|user_id|BIGINT
  orders|status|VARCHAR
  orders|gender|VARCHAR
  orders|created_at|TIMESTAMP
  orders|returned_at|TIMESTAMP
  orders|shipped_at|TIMESTAMP
  orders|delivered_at|TIMESTAMP
  orders|num_of_item|BIGINT
  products|id|BIGINT
  products|cost|DOUBLE
  products|category|VARCHAR
  products|name|VARCHAR
  products|brand|VARCHAR
  products|retail_price|DOUBLE
  products|department|VARCHAR
  products|sku|VARCHAR
  products|distribution_center_id|BIGINT
  users|id|BIGINT
  users|first_name|VARCHAR
  users|last_name|VARCHAR
  users|email|VARCHAR
  users|age|BIGINT
  users|gender|VARCHAR
  users|state|VARCHAR
  users|street_address|VARCHAR
  users|postal_code|VARCHAR
  users|city|VARCHAR
  users|country|VARCHAR
  users|latitude|DOUBLE
  users|longitude|DOUBLE
  users|traffic_source|VARCHAR
  users|created_at|TIMESTAMP
  users|user_geom|GEOMETRY

Real vs fixture schema (columns that differ; the fixture is the local stand-in):
  table                  column                     difference       real                         fixture
  distribution_centers   distribution_center_geom   only in real     GEOMETRY                     -
  events                 created_at                 type differs     TIMESTAMP                    TIMESTAMP WITH TIME ZONE
  inventory_items        created_at                 type differs     TIMESTAMP                    TIMESTAMP WITH TIME ZONE
  inventory_items        sold_at                    type differs     TIMESTAMP                    TIMESTAMP WITH TIME ZONE
  order_items            created_at                 type differs     TIMESTAMP                    TIMESTAMP WITH TIME ZONE
  order_items            delivered_at               type differs     TIMESTAMP                    TIMESTAMP WITH TIME ZONE
  order_items            returned_at                type differs     TIMESTAMP                    TIMESTAMP WITH TIME ZONE
  order_items            shipped_at                 type differs     TIMESTAMP                    TIMESTAMP WITH TIME ZONE
  orders                 created_at                 type differs     TIMESTAMP                    TIMESTAMP WITH TIME ZONE
  orders                 delivered_at               type differs     TIMESTAMP                    TIMESTAMP WITH TIME ZONE
  orders                 returned_at                type differs     TIMESTAMP                    TIMESTAMP WITH TIME ZONE
  orders                 shipped_at                 type differs     TIMESTAMP                    TIMESTAMP WITH TIME ZONE
  users                  created_at                 type differs     TIMESTAMP                    TIMESTAMP WITH TIME ZONE
  users                  user_geom                  only in real     GEOMETRY                     -

D2 probe, session TimeZone Europe/Vienna (macro = timezone('UTC', cast(c as timestamptz))):
  table                  column         type                        non_null   shifted  shift_h      min_value                        macro_of_min
  events                 created_at     TIMESTAMP                    2425698   2425698  [-2.0, -1.0] 2019-01-02 00:20:00              2019-01-01 23:20:00
  inventory_items        created_at     TIMESTAMP                     489625    489625  [-2.0, -1.0] 2018-12-05 03:21:22              2018-12-05 02:21:22
  inventory_items        sold_at        TIMESTAMP                     181313    181313  [-2.0, -1.0] 2019-01-15 05:45:22              2019-01-15 04:45:22
  order_items            created_at     TIMESTAMP                     181313    181313  [-2.0, -1.0] 2019-01-15 05:45:22              2019-01-15 04:45:22
  order_items            shipped_at     TIMESTAMP                     117432    117432  [-2.0, -1.0] 2019-01-17 12:51:47              2019-01-17 11:51:47
  order_items            delivered_at   TIMESTAMP                      63184     63184  [-2.0, -1.0] 2019-01-22 08:17:47              2019-01-22 07:17:47
  order_items            returned_at    TIMESTAMP                      17951     17951  [-2.0, -1.0] 2019-01-23 04:28:47              2019-01-23 03:28:47
  orders                 created_at     TIMESTAMP                     124952    124952  [-2.0, -1.0] 2019-01-15 07:03:47              2019-01-15 06:03:47
  orders                 returned_at    TIMESTAMP                      12379     12379  [-2.0, -1.0] 2019-01-23 04:28:47              2019-01-23 03:28:47
  orders                 shipped_at     TIMESTAMP                      80947     80947  [-2.0, -1.0] 2019-01-17 12:51:47              2019-01-17 11:51:47
  orders                 delivered_at   TIMESTAMP                      43464     43464  [-2.0, -1.0] 2019-01-22 08:17:47              2019-01-22 07:17:47
  users                  created_at     TIMESTAMP                     100000    100000  [-2.0, -1.0] 2019-01-02 00:26:00              2019-01-01 23:26:00

Real sources loaded as the extension returns them (raw timestamps) into target/raw_timestamps.duckdb; every row count matches BigQuery.
