# load_duckdb_real_sources.sh  2026-09-27T19:31:51Z
# duckdb v1.5.5 (Variegata) d8cdaa33fd; bigquery extension 27d85ad from community
# data bigquery-public-data.thelook_ecommerce, billing coreychimpbot, BQ_KEYFILE set
# mode: D2: TIMESTAMP -> TIMESTAMPTZ via to_timestamp(epoch_us(c) / 1000000.0)
# target dev.duckdb (schema thelook_ecommerce); session TimeZone Europe/Vienna

BigQuery table metadata (tables.get, not a query job):
  distribution_centers   numRows         10   numBytes         809
  products               numRows      29120   numBytes     4285975
  users                  numRows     100000   numBytes    19818028
  inventory_items        numRows     489625   numBytes    81215181
  orders                 numRows     124952   numBytes     6748723
  order_items            numRows     181313   numBytes    13601246
  events                 numRows    2425698   numBytes   385279179

table                       local    numRows   rows  transfer_s      map_s  ts_cols  moved
distribution_centers           10         10     ok        2.05       0.21        0      0
products                    29120      29120     ok        2.41       0.33        0      0
users                      100000     100000     ok        3.20       0.76        1      0
inventory_items            489625     489625     ok        4.63       0.93        2      0
orders                     124952     124952     ok        2.54       0.47        4      0
order_items                181313     181313     ok        2.85       0.53        4      0
events                    2425698    2425698     ok       22.28       3.86        1      0
total wall 47.40 s for 7 tables

Columns as loaded (table | column | DuckDB type):
  distribution_centers|id|BIGINT
  distribution_centers|name|VARCHAR
  distribution_centers|latitude|DOUBLE
  distribution_centers|longitude|DOUBLE
  distribution_centers|distribution_center_geom|GEOMETRY
  events|id|BIGINT
  events|user_id|BIGINT
  events|sequence_number|BIGINT
  events|session_id|VARCHAR
  events|created_at|TIMESTAMP WITH TIME ZONE
  events|ip_address|VARCHAR
  events|city|VARCHAR
  events|state|VARCHAR
  events|postal_code|VARCHAR
  events|browser|VARCHAR
  events|traffic_source|VARCHAR
  events|uri|VARCHAR
  events|event_type|VARCHAR
  inventory_items|id|BIGINT
  inventory_items|product_id|BIGINT
  inventory_items|created_at|TIMESTAMP WITH TIME ZONE
  inventory_items|sold_at|TIMESTAMP WITH TIME ZONE
  inventory_items|cost|DOUBLE
  inventory_items|product_category|VARCHAR
  inventory_items|product_name|VARCHAR
  inventory_items|product_brand|VARCHAR
  inventory_items|product_retail_price|DOUBLE
  inventory_items|product_department|VARCHAR
  inventory_items|product_sku|VARCHAR
  inventory_items|product_distribution_center_id|BIGINT
  order_items|id|BIGINT
  order_items|order_id|BIGINT
  order_items|user_id|BIGINT
  order_items|product_id|BIGINT
  order_items|inventory_item_id|BIGINT
  order_items|status|VARCHAR
  order_items|created_at|TIMESTAMP WITH TIME ZONE
  order_items|shipped_at|TIMESTAMP WITH TIME ZONE
  order_items|delivered_at|TIMESTAMP WITH TIME ZONE
  order_items|returned_at|TIMESTAMP WITH TIME ZONE
  order_items|sale_price|DOUBLE
  orders|order_id|BIGINT
  orders|user_id|BIGINT
  orders|status|VARCHAR
  orders|gender|VARCHAR
  orders|created_at|TIMESTAMP WITH TIME ZONE
  orders|returned_at|TIMESTAMP WITH TIME ZONE
  orders|shipped_at|TIMESTAMP WITH TIME ZONE
  orders|delivered_at|TIMESTAMP WITH TIME ZONE
  orders|num_of_item|BIGINT
  products|id|BIGINT
  products|cost|DOUBLE
  products|category|VARCHAR
  products|name|VARCHAR
  products|brand|VARCHAR
  products|retail_price|DOUBLE
  products|department|VARCHAR
  products|sku|VARCHAR
  products|distribution_center_id|BIGINT
  users|id|BIGINT
  users|first_name|VARCHAR
  users|last_name|VARCHAR
  users|email|VARCHAR
  users|age|BIGINT
  users|gender|VARCHAR
  users|state|VARCHAR
  users|street_address|VARCHAR
  users|postal_code|VARCHAR
  users|city|VARCHAR
  users|country|VARCHAR
  users|latitude|DOUBLE
  users|longitude|DOUBLE
  users|traffic_source|VARCHAR
  users|created_at|TIMESTAMP WITH TIME ZONE
  users|user_geom|GEOMETRY

Real vs fixture schema (columns that differ; the fixture is the local stand-in):
  table                  column                     difference       real                         fixture
  distribution_centers   distribution_center_geom   only in real     GEOMETRY                     -
  users                  user_geom                  only in real     GEOMETRY                     -

D2 probe, session TimeZone Europe/Vienna (macro = timezone('UTC', cast(c as timestamptz))):
  table                  column         type                        non_null   shifted  shift_h      min_value                        macro_of_min
  events                 created_at     TIMESTAMP WITH TIME ZONE     2425698         0  [0.0]        2019-01-02 01:20:00+01           2019-01-02 00:20:00
  inventory_items        created_at     TIMESTAMP WITH TIME ZONE      489625         0  [0.0]        2018-12-05 04:21:22+01           2018-12-05 03:21:22
  inventory_items        sold_at        TIMESTAMP WITH TIME ZONE      181313         0  [0.0]        2019-01-15 06:45:22+01           2019-01-15 05:45:22
  order_items            created_at     TIMESTAMP WITH TIME ZONE      181313         0  [0.0]        2019-01-15 06:45:22+01           2019-01-15 05:45:22
  order_items            shipped_at     TIMESTAMP WITH TIME ZONE      117432         0  [0.0]        2019-01-17 13:51:47+01           2019-01-17 12:51:47
  order_items            delivered_at   TIMESTAMP WITH TIME ZONE       63184         0  [0.0]        2019-01-22 09:17:47+01           2019-01-22 08:17:47
  order_items            returned_at    TIMESTAMP WITH TIME ZONE       17951         0  [0.0]        2019-01-23 05:28:47+01           2019-01-23 04:28:47
  orders                 created_at     TIMESTAMP WITH TIME ZONE      124952         0  [0.0]        2019-01-15 08:03:47+01           2019-01-15 07:03:47
  orders                 returned_at    TIMESTAMP WITH TIME ZONE       12379         0  [0.0]        2019-01-23 05:28:47+01           2019-01-23 04:28:47
  orders                 shipped_at     TIMESTAMP WITH TIME ZONE       80947         0  [0.0]        2019-01-17 13:51:47+01           2019-01-17 12:51:47
  orders                 delivered_at   TIMESTAMP WITH TIME ZONE       43464         0  [0.0]        2019-01-22 09:17:47+01           2019-01-22 08:17:47
  users                  created_at     TIMESTAMP WITH TIME ZONE      100000         0  [0.0]        2019-01-02 01:26:00+01           2019-01-02 00:26:00

Real sources loaded into dev.duckdb: every row count matches BigQuery, every timestamp mapped to TIMESTAMPTZ with no instant moved.
