# b22c: row order, export D (identical SQL, third run)
# sql: analyses/transport_b/sql/b22c_row_order_d.sql
# wall (job insert + poll) 5.60s  http 200  job job_MsPtIXf8jyOljvs2uLDYj7O9gSs4
# statementType EXPORT_DATA  state DONE
# expected to fail: False
# objects under gs://coreychimpbot-experiments/transport_b/b22/d-: 17

-- b22c: row order, export D. A third run of the identical unordered SQL, so the shard
-- evidence in b24 is three observations rather than one pair.
EXPORT DATA OPTIONS(
  uri='gs://coreychimpbot-experiments/transport_b/b22/d-*.parquet',
  format='PARQUET', overwrite=true) AS
SELECT stn, year, mo, da, temp
FROM `bigquery-public-data.noaa_gsod.gsod2023`
WHERE temp IS NOT NULL

# ---- job resource ----
{
 "kind": "bigquery#job",
 "etag": "MQcOuIK7AG9HcY9y7HjBnQ==",
 "id": "coreychimpbot:US.job_MsPtIXf8jyOljvs2uLDYj7O9gSs4",
 "selfLink": "https://bigquery.googleapis.com/bigquery/v2/projects/coreychimpbot/jobs/job_MsPtIXf8jyOljvs2uLDYj7O9gSs4?location=US",
 "user_email": "coreychimpbot@coreychimpbot.iam.gserviceaccount.com",
 "configuration": {
  "query": {
   "query": "-- b22c: row order, export D. A third run of the identical unordered SQL, so the shard\n-- evidence in b24 is three observations rather than one pair.\nEXPORT DATA OPTIONS(\n  uri='gs://coreychimpbot-experiments/transport_b/b22/d-*.parquet',\n  format='PARQUET', overwrite=true) AS\nSELECT stn, year, mo, da, temp\nFROM `bigquery-public-data.noaa_gsod.gsod2023`\nWHERE temp IS NOT NULL\n",
   "priority": "INTERACTIVE",
   "maximumBytesBilled": "1000000000000",
   "useLegacySql": false
  },
  "jobType": "QUERY"
 },
 "jobReference": {
  "projectId": "coreychimpbot",
  "jobId": "job_MsPtIXf8jyOljvs2uLDYj7O9gSs4",
  "location": "US"
 },
 "statistics": {
  "creationTime": "1790526305795",
  "startTime": "1790526305940",
  "endTime": "1790526309766",
  "totalBytesProcessed": "121162410",
  "query": {
   "queryPlan": [
    {
     "name": "S00: Output",
     "id": "0",
     "startMs": "1790526306077",
     "endMs": "1790526309693",
     "waitRatioAvg": 0.00029214139643587495,
     "waitMsAvg": "1",
     "waitRatioMax": 0.0008764241893076249,
     "waitMsMax": "3",
     "readRatioAvg": 0.00292141396435875,
     "readMsAvg": "10",
     "readRatioMax": 0.00408997955010225,
     "readMsMax": "14",
     "computeRatioAvg": 0.06719252118025124,
     "computeMsAvg": "230",
     "computeRatioMax": 0.09348524685948,
     "computeMsMax": "320",
     "writeRatioAvg": 0.7274320771253286,
     "writeMsAvg": "2490",
     "writeRatioMax": 1,
     "writeMsMax": "3423",
     "shuffleOutputBytes": "0",
     "shuffleOutputBytesSpilled": "0",
     "recordsRead": "4038747",
     "recordsWritten": "4038747",
     "parallelInputs": "17",
     "completedParallelInputs": "17",
     "status": "COMPLETE",
     "steps": [
      {
       "kind": "READ",
       "substeps": [
        "$1:stn, $2:year, $3:mo, $4:da, $5:temp",
        "FROM bigquery-public-data.noaa_gsod.gsod2023",
        "WHERE not(is_null($5))"
       ]
      },
      {
       "kind": "WRITE",
       "substeps": [
        "$1, $2, $3, $4, $5",
        "TO __stage00_output"
       ]
      }
     ],
     "slotMs": "27086",
     "computeMode": "BIGQUERY"
    }
   ],
   "estimatedBytesProcessed": "121162410",
   "timeline": [
    {
     "elapsedMs": "1060",
     "totalSlotMs": "27086",
     "pendingUnits": "14",
     "completedUnits": "3",
     "activeUnits": "14",
     "estimatedRunnableUnits": "0"
    },
    {
     "elapsedMs": "2060",
     "totalSlotMs": "27086",
     "pendingUnits": "13",
     "completedUnits": "4",
     "activeUnits": "13",
     "estimatedRunnableUnits": "0"
    },
    {
     "elapsedMs": "3768",
     "totalSlotMs": "27086",
     "pendingUnits": "0",
     "completedUnits": "17",
     "activeUnits": "12",
     "estimatedRunnableUnits": "0"
    }
   ],
   "totalPartitionsProcessed": "0",
   "totalBytesProcessed": "121162410",
   "totalBytesBilled": "121634816",
   "billingTier": 1,
   "totalSlotMs": "27086",
   "cacheHit": false,
   "referencedTables": [
    {
     "projectId": "bigquery-public-data",
     "datasetId": "noaa_gsod",
     "tableId": "gsod2023"
    }
   ],
   "statementType": "EXPORT_DATA",
   "exportDataStatistics": {
    "fileCount": "17",
    "rowCount": "4038747"
   },
   "performanceInsights": {
    "avgPreviousExecutionMs": "2179"
   },
   "transferredBytes": "0",
   "metadataCacheStatistics": {
    "tableMetadataCacheUsage": [
     {
      "tableReference": {
       "projectId": "bigquery-public-data",
       "datasetId": "noaa_gsod",
       "tableId": "gsod2023"
      },
      "unusedReason": "OTHER_REASON",
      "explanation": "Table does not have CMETA."
     }
    ]
   }
  },
  "totalSlotMs": "27086",
  "finalExecutionDurationMs": "3671"
 },
 "status": {
  "state": "DONE"
 },
 "principal_subject": "serviceAccount:coreychimpbot@coreychimpbot.iam.gserviceaccount.com",
 "jobCreationReason": {
  "code": "REQUESTED"
 }
}
# ---- objects ----
transport_b/b22/d-000000000000.parquet  880530 bytes  2026-09-27T16:25:06.614Z
transport_b/b22/d-000000000001.parquet  882626 bytes  2026-09-27T16:25:09.495Z
transport_b/b22/d-000000000002.parquet  883276 bytes  2026-09-27T16:25:09.023Z
transport_b/b22/d-000000000003.parquet  880170 bytes  2026-09-27T16:25:09.417Z
transport_b/b22/d-000000000004.parquet  879690 bytes  2026-09-27T16:25:09.329Z
transport_b/b22/d-000000000005.parquet  881981 bytes  2026-09-27T16:25:09.293Z
transport_b/b22/d-000000000006.parquet  881442 bytes  2026-09-27T16:25:09.149Z
transport_b/b22/d-000000000007.parquet  880215 bytes  2026-09-27T16:25:09.519Z
transport_b/b22/d-000000000008.parquet  880088 bytes  2026-09-27T16:25:09.217Z
transport_b/b22/d-000000000009.parquet  880325 bytes  2026-09-27T16:25:08.697Z
transport_b/b22/d-000000000010.parquet  878624 bytes  2026-09-27T16:25:09.107Z
transport_b/b22/d-000000000011.parquet  883580 bytes  2026-09-27T16:25:09.555Z
transport_b/b22/d-000000000012.parquet  881277 bytes  2026-09-27T16:25:08.968Z
transport_b/b22/d-000000000013.parquet  879804 bytes  2026-09-27T16:25:06.955Z
transport_b/b22/d-000000000014.parquet  878871 bytes  2026-09-27T16:25:06.754Z
transport_b/b22/d-000000000015.parquet  879218 bytes  2026-09-27T16:25:09.659Z
transport_b/b22/d-000000000016.parquet  880539 bytes  2026-09-27T16:25:06.777Z
