# rows gate
[
 {
  "model": "dim_distribution_centers",
  "l2": 10,
  "bigquery": 10,
  "fresh_recorded": {
   "duckdb": 10,
   "bigquery": 10
  },
  "ok": true
 },
 {
  "model": "dim_products",
  "l2": 29120,
  "bigquery": 29120,
  "fresh_recorded": {
   "duckdb": 29120,
   "bigquery": 29120
  },
  "ok": true
 },
 {
  "model": "dim_users",
  "l2": 100000,
  "bigquery": 100000,
  "fresh_recorded": {
   "duckdb": 100000,
   "bigquery": 100000
  },
  "ok": true
 },
 {
  "model": "fct_inventory_items",
  "l2": 492226,
  "bigquery": 492226,
  "fresh_recorded": {
   "duckdb": 492226,
   "bigquery": 492226
  },
  "ok": true
 },
 {
  "model": "fct_order_items",
  "l2": 182483,
  "bigquery": 182483,
  "fresh_recorded": {
   "duckdb": 182483,
   "bigquery": 182483
  },
  "ok": true
 },
 {
  "model": "fct_orders",
  "l2": 125545,
  "bigquery": 125545,
  "fresh_recorded": {
   "duckdb": 125545,
   "bigquery": 125545
  },
  "ok": true
 },
 {
  "model": "int_cohorts__user_months",
  "l2": 121219,
  "bigquery": 121219,
  "fresh_recorded": {
   "duckdb": 121219,
   "bigquery": 121219
  },
  "ok": true
 },
 {
  "model": "int_inventory__by_product_center",
  "l2": 29054,
  "bigquery": 29054,
  "fresh_recorded": {
   "duckdb": 29054,
   "bigquery": 29054
  },
  "ok": true
 },
 {
  "model": "int_inventory_items__enriched",
  "l2": 492226,
  "bigquery": 492226,
  "fresh_recorded": {
   "duckdb": 492226,
   "bigquery": 492226
  },
  "ok": true
 },
 {
  "model": "int_order_items__enriched",
  "l2": 182483,
  "bigquery": 182483,
  "fresh_recorded": {
   "duckdb": 182483
  },
  "ok": true
 },
 {
  "model": "int_orders__daily",
  "l2": 2773,
  "bigquery": 2773,
  "fresh_recorded": {
   "duckdb": 2773,
   "bigquery": 2773
  },
  "ok": true
 },
 {
  "model": "int_orders__item_rollup",
  "l2": 125545,
  "bigquery": 125545,
  "fresh_recorded": {
   "duckdb": 125545,
   "bigquery": 125545
  },
  "ok": true
 },
 {
  "model": "int_products__sales",
  "l2": 29120,
  "bigquery": 29120,
  "fresh_recorded": {
   "duckdb": 29120,
   "bigquery": 29120
  },
  "ok": true
 },
 {
  "model": "int_users__lifetime_orders",
  "l2": 100000,
  "bigquery": 100000,
  "fresh_recorded": {
   "duckdb": 100000,
   "bigquery": 100000
  },
  "ok": true
 },
 {
  "model": "mart_cohort_retention",
  "l2": 3871,
  "bigquery": 3871,
  "fresh_recorded": {
   "duckdb": 3871,
   "bigquery": 3871
  },
  "ok": true
 },
 {
  "model": "mart_customer_summary",
  "l2": 100000,
  "bigquery": 100000,
  "fresh_recorded": {
   "duckdb": 100000,
   "bigquery": 100000
  },
  "ok": true
 },
 {
  "model": "mart_daily_revenue",
  "l2": 2773,
  "bigquery": 2773,
  "fresh_recorded": {
   "duckdb": 2773,
   "bigquery": 2773
  },
  "ok": true
 },
 {
  "model": "mart_product_performance",
  "l2": 29120,
  "bigquery": 29120,
  "fresh_recorded": {
   "duckdb": 29120,
   "bigquery": 29120
  },
  "ok": true
 },
 {
  "model": "stg_thelook__inventory_items",
  "l2": 492226,
  "bigquery": 492226,
  "fresh_recorded": {
   "duckdb": 492226,
   "bigquery": 492226
  },
  "ok": true
 },
 {
  "model": "stg_thelook__order_items",
  "l2": 182483,
  "bigquery": 182483,
  "fresh_recorded": {
   "duckdb": 182483,
   "bigquery": 182483
  },
  "ok": true
 },
 {
  "model": "stg_thelook__products",
  "l2": 29120,
  "bigquery": 29120,
  "fresh_recorded": {
   "duckdb": 29120,
   "bigquery": 29120
  },
  "ok": true
 }
]

# fresh-record values: REST now vs recorded (bigquery), dev.duckdb now vs recorded (duckdb)
leg      model                              column                   check                            recorded                now  ok
bigquery dim_distribution_centers           open_inventory_value     column_checksum               24933319936        24933319936  ok
bigquery dim_products                       gross_margin             column_checksum            62741305042170     62741305042170  ok
bigquery dim_products                       gross_margin             column_distinct_count               28555              28555  ok
bigquery dim_products                       gross_revenue            column_checksum            61977521227774     61977521227774  ok
bigquery dim_products                       gross_revenue            column_distinct_count                8959               8959  ok
bigquery dim_products                       retail_price             column_checksum            60862284818697     60862284818697  ok
bigquery dim_products                       unit_cost                column_checksum            62840061372025     62840061372025  ok
bigquery dim_products                       unit_cost                column_distinct_count               26375              26375  ok
bigquery dim_users                          lifetime_gross_margin    column_checksum           242130227607095    242130227607095  ok
bigquery dim_users                          lifetime_gross_margin    column_distinct_count               63935              63935  ok
bigquery dim_users                          lifetime_gross_revenue   column_checksum           239095200652017    239095200652017  ok
bigquery dim_users                          lifetime_gross_revenue   column_distinct_count               32794              32794  ok
bigquery fct_inventory_items                product_retail_price     column_checksum          1026779033479694   1026779033479694  ok
bigquery fct_inventory_items                unit_cost                column_checksum          1062769685553863   1062769685553863  ok
bigquery fct_inventory_items                unit_cost                column_distinct_count               26319              26319  ok
bigquery fct_order_items                    gross_margin             column_checksum           395343459841101    395343459841101  ok
bigquery fct_order_items                    gross_margin             column_distinct_count               26324              26324  ok
bigquery fct_order_items                    product_cost             column_checksum           393886355887699    393886355887699  ok
bigquery fct_order_items                    product_cost             column_distinct_count               26319              26319  ok
bigquery fct_order_items                    product_retail_price     column_checksum           380649569362133    380649569362133  ok
bigquery fct_order_items                    sale_price               column_checksum           380649569362133    380649569362133  ok
bigquery fct_orders                         gross_margin             column_checksum           270969576022951    270969576022951  ok
bigquery fct_orders                         gross_margin             column_distinct_count               62983              62983  ok
bigquery fct_orders                         gross_revenue            column_checksum           263573845581595    263573845581595  ok
bigquery fct_orders                         gross_revenue            column_distinct_count               24618              24618  ok
bigquery fct_orders                         total_cost               column_checksum           270160172184151    270160172184151  ok
bigquery fct_orders                         total_cost               column_distinct_count               62980              62980  ok
bigquery int_cohorts__user_months           revenue                  column_checksum           254610389329444    254610389329444  ok
bigquery int_cohorts__user_months           revenue                  column_distinct_count               25583              25583  ok
bigquery int_inventory__by_product_center   open_inventory_value     column_checksum            62214501989068     62214501989068  ok
bigquery int_inventory__by_product_center   open_inventory_value     column_distinct_count               28770              28770  ok
bigquery int_inventory__by_product_center   open_retail_value        column_checksum            62440661276094     62440661276094  ok
bigquery int_inventory__by_product_center   open_retail_value        column_distinct_count               10685              10685  ok
bigquery int_inventory_items__enriched      product_retail_price     column_checksum          1026779033479694   1026779033479694  ok
bigquery int_inventory_items__enriched      unit_cost                column_checksum          1062769685553863   1062769685553863  ok
bigquery int_inventory_items__enriched      unit_cost                column_distinct_count               26319              26319  ok
bigquery int_orders__daily                  gross_margin             column_checksum             5965433700464      5965433700464  ok
bigquery int_orders__daily                  gross_margin             column_distinct_count                2773               2773  ok
bigquery int_orders__daily                  gross_revenue            column_checksum             5923119384600      5923119384600  ok
bigquery int_orders__daily                  gross_revenue            column_distinct_count                2767               2767  ok
bigquery int_orders__daily                  total_cost               column_checksum             5913574042708      5913574042708  ok
bigquery int_orders__daily                  total_cost               column_distinct_count                2773               2773  ok
bigquery int_orders__item_rollup            gross_margin             column_checksum           270969576022951    270969576022951  ok
bigquery int_orders__item_rollup            gross_margin             column_distinct_count               62983              62983  ok
bigquery int_orders__item_rollup            gross_revenue            column_checksum           263573845581595    263573845581595  ok
bigquery int_orders__item_rollup            gross_revenue            column_distinct_count               24618              24618  ok
bigquery int_orders__item_rollup            total_cost               column_checksum           270160172184151    270160172184151  ok
bigquery int_orders__item_rollup            total_cost               column_distinct_count               62980              62980  ok
bigquery int_products__sales                gross_margin             column_checksum            62741305042170     62741305042170  ok
bigquery int_products__sales                gross_margin             column_distinct_count               28555              28555  ok
bigquery int_products__sales                gross_revenue            column_checksum            61977521227774     61977521227774  ok
bigquery int_products__sales                gross_revenue            column_distinct_count                8959               8959  ok
bigquery int_products__sales                total_cost               column_checksum            62776514248202     62776514248202  ok
bigquery int_products__sales                total_cost               column_distinct_count               28549              28549  ok
bigquery int_users__lifetime_orders         lifetime_gross_margin    column_checksum           242130227607095    242130227607095  ok
bigquery int_users__lifetime_orders         lifetime_gross_margin    column_distinct_count               63935              63935  ok
bigquery int_users__lifetime_orders         lifetime_gross_revenue   column_checksum           239095200652017    239095200652017  ok
bigquery int_users__lifetime_orders         lifetime_gross_revenue   column_distinct_count               32794              32794  ok
bigquery int_users__lifetime_orders         lifetime_total_cost      column_checksum           241319226971973    241319226971973  ok
bigquery int_users__lifetime_orders         lifetime_total_cost      column_distinct_count               63918              63918  ok
bigquery mart_cohort_retention              revenue                  column_checksum             8392971807333      8392971807333  ok
bigquery mart_cohort_retention              revenue                  column_distinct_count                3732               3732  ok
bigquery mart_customer_summary              average_order_value      column_checksum           170346429076884    170346429076884  ok
bigquery mart_customer_summary              average_order_value      column_distinct_count               17713              17713  ok
bigquery mart_customer_summary              lifetime_gross_margin    column_checksum           242130227607095    242130227607095  ok
bigquery mart_customer_summary              lifetime_gross_margin    column_distinct_count               63935              63935  ok
bigquery mart_customer_summary              lifetime_gross_revenue   column_checksum           239095200652017    239095200652017  ok
bigquery mart_customer_summary              lifetime_gross_revenue   column_distinct_count               32794              32794  ok
bigquery mart_daily_revenue                 average_order_value      column_checksum             5937890227579      5937890227579  ok
bigquery mart_daily_revenue                 average_order_value      column_distinct_count                2260               2260  ok
bigquery mart_daily_revenue                 gross_margin             column_checksum             5965433700464      5965433700464  ok
bigquery mart_daily_revenue                 gross_margin             column_distinct_count                2773               2773  ok
bigquery mart_daily_revenue                 gross_revenue            column_checksum             5923119384600      5923119384600  ok
bigquery mart_daily_revenue                 gross_revenue            column_distinct_count                2767               2767  ok
bigquery mart_daily_revenue                 total_cost               column_checksum             5913574042708      5913574042708  ok
bigquery mart_daily_revenue                 total_cost               column_distinct_count                2773               2773  ok
bigquery mart_product_performance           gross_margin             column_checksum            62741305042170     62741305042170  ok
bigquery mart_product_performance           gross_margin             column_distinct_count               28555              28555  ok
bigquery mart_product_performance           gross_margin_rate        column_checksum            61560615283091     61560615283091  ok
bigquery mart_product_performance           gross_margin_rate        column_distinct_count                 328                328  ok
bigquery mart_product_performance           gross_revenue            column_checksum            61977521227774     61977521227774  ok
bigquery mart_product_performance           gross_revenue            column_distinct_count                8959               8959  ok
bigquery mart_product_performance           retail_price             column_checksum            60862284818697     60862284818697  ok
bigquery mart_product_performance           total_cost               column_checksum            62776514248202     62776514248202  ok
bigquery mart_product_performance           total_cost               column_distinct_count               28549              28549  ok
bigquery mart_product_performance           unit_cost                column_checksum            62840061372025     62840061372025  ok
bigquery mart_product_performance           unit_cost                column_distinct_count               26375              26375  ok
bigquery stg_thelook__inventory_items       cost                     column_checksum          1062769685553863   1062769685553863  ok
bigquery stg_thelook__inventory_items       cost                     column_distinct_count               26319              26319  ok
bigquery stg_thelook__inventory_items       product_retail_price     column_checksum          1026779033479694   1026779033479694  ok
bigquery stg_thelook__order_items           sale_price               column_checksum           380649569362133    380649569362133  ok
bigquery stg_thelook__products              cost                     column_checksum            62840061372025     62840061372025  ok
bigquery stg_thelook__products              cost                     column_distinct_count               26375              26375  ok
bigquery stg_thelook__products              retail_price             column_checksum            60862284818697     60862284818697  ok
duckdb   dim_distribution_centers           open_inventory_value     column_checksum               26429039264        26429039264  ok
duckdb   dim_products                       gross_margin             column_checksum            62196937057056     62196937057056  ok
duckdb   dim_products                       gross_margin             column_distinct_count               15714              15714  ok
duckdb   dim_products                       gross_revenue            column_checksum            61981474198976     61981474198976  ok
duckdb   dim_products                       gross_revenue            column_distinct_count                8204               8204  ok
duckdb   dim_products                       retail_price             column_checksum            61217180993459     61217180993459  ok
duckdb   dim_products                       unit_cost                column_checksum            61429156578190     61429156578190  ok
duckdb   dim_products                       unit_cost                column_distinct_count                7435               7435  ok
duckdb   dim_users                          lifetime_gross_margin    column_checksum           240517130767922    240517130767922  ok
duckdb   dim_users                          lifetime_gross_margin    column_distinct_count               20617              20617  ok
duckdb   dim_users                          lifetime_gross_revenue   column_checksum           239676876500209    239676876500209  ok
duckdb   dim_users                          lifetime_gross_revenue   column_distinct_count               23038              23038  ok
duckdb   fct_inventory_items                product_retail_price     column_checksum          1033719678309565   1033719678309565  ok
duckdb   fct_inventory_items                unit_cost                column_checksum          1040187569323442   1040187569323442  ok
duckdb   fct_inventory_items                unit_cost                column_distinct_count                7425               7425  ok
duckdb   fct_order_items                    gross_margin             column_checksum           386952414615163    386952414615163  ok
duckdb   fct_order_items                    gross_margin             column_distinct_count                7789               7789  ok
duckdb   fct_order_items                    product_cost             column_checksum           385533893502497    385533893502497  ok
duckdb   fct_order_items                    product_cost             column_distinct_count                7425               7425  ok
duckdb   fct_order_items                    product_retail_price     column_checksum           383190907577063    383190907577063  ok
duckdb   fct_order_items                    sale_price               column_checksum           383190907577063    383190907577063  ok
duckdb   fct_orders                         gross_margin             column_checksum           266990321267762    266990321267762  ok
duckdb   fct_orders                         gross_margin             column_distinct_count               16452              16452  ok
duckdb   fct_orders                         gross_revenue            column_checksum           265499785215102    265499785215102  ok
duckdb   fct_orders                         gross_revenue            column_distinct_count               17243              17243  ok
duckdb   fct_orders                         total_cost               column_checksum           266184113589471    266184113589471  ok
duckdb   fct_orders                         total_cost               column_distinct_count               15492              15492  ok
duckdb   int_cohorts__user_months           revenue                  column_checksum           256691863885838    256691863885838  ok
duckdb   int_cohorts__user_months           revenue                  column_distinct_count               17893              17893  ok
duckdb   int_inventory__by_product_center   open_inventory_value     column_checksum            61995881618090     61995881618090  ok
duckdb   int_inventory__by_product_center   open_inventory_value     column_distinct_count               18084              18084  ok
duckdb   int_inventory__by_product_center   open_retail_value        column_checksum            63227873656369     63227873656369  ok
duckdb   int_inventory__by_product_center   open_retail_value        column_distinct_count                9913               9913  ok
duckdb   int_inventory_items__enriched      product_retail_price     column_checksum          1033719678309565   1033719678309565  ok
duckdb   int_inventory_items__enriched      unit_cost                column_checksum          1040187569323442   1040187569323442  ok
duckdb   int_inventory_items__enriched      unit_cost                column_distinct_count                7425               7425  ok
duckdb   int_orders__daily                  gross_margin             column_checksum             5954494914157      5954494914157  ok
duckdb   int_orders__daily                  gross_margin             column_distinct_count                2761               2761  ok
duckdb   int_orders__daily                  gross_revenue            column_checksum             5901933192991      5901933192991  ok
duckdb   int_orders__daily                  gross_revenue            column_distinct_count                2761               2761  ok
duckdb   int_orders__daily                  total_cost               column_checksum             5976373328149      5976373328149  ok
duckdb   int_orders__daily                  total_cost               column_distinct_count                2761               2761  ok
duckdb   int_orders__item_rollup            gross_margin             column_checksum           266990321267762    266990321267762  ok
duckdb   int_orders__item_rollup            gross_margin             column_distinct_count               16452              16452  ok
duckdb   int_orders__item_rollup            gross_revenue            column_checksum           265499785215102    265499785215102  ok
duckdb   int_orders__item_rollup            gross_revenue            column_distinct_count               17243              17243  ok
duckdb   int_orders__item_rollup            total_cost               column_checksum           266184113589471    266184113589471  ok
duckdb   int_orders__item_rollup            total_cost               column_distinct_count               15492              15492  ok
duckdb   int_products__sales                gross_margin             column_checksum            62196937057056     62196937057056  ok
duckdb   int_products__sales                gross_margin             column_distinct_count               15714              15714  ok
duckdb   int_products__sales                gross_revenue            column_checksum            61981474198976     61981474198976  ok
duckdb   int_products__sales                gross_revenue            column_distinct_count                8204               8204  ok
duckdb   int_products__sales                total_cost               column_checksum            62332627477484     62332627477484  ok
duckdb   int_products__sales                total_cost               column_distinct_count               15315              15315  ok
duckdb   int_users__lifetime_orders         lifetime_gross_margin    column_checksum           240517130767922    240517130767922  ok
duckdb   int_users__lifetime_orders         lifetime_gross_margin    column_distinct_count               20617              20617  ok
duckdb   int_users__lifetime_orders         lifetime_gross_revenue   column_checksum           239676876500209    239676876500209  ok
duckdb   int_users__lifetime_orders         lifetime_gross_revenue   column_distinct_count               23038              23038  ok
duckdb   int_users__lifetime_orders         lifetime_total_cost      column_checksum           239657592501877    239657592501877  ok
duckdb   int_users__lifetime_orders         lifetime_total_cost      column_distinct_count               19577              19577  ok
duckdb   mart_cohort_retention              revenue                  column_checksum             8273112552854      8273112552854  ok
duckdb   mart_cohort_retention              revenue                  column_distinct_count                3686               3686  ok
duckdb   mart_customer_summary              average_order_value      column_checksum           169898105085044    169898105085044  ok
duckdb   mart_customer_summary              average_order_value      column_distinct_count               17620              17620  ok
duckdb   mart_customer_summary              lifetime_gross_margin    column_checksum           240517130767922    240517130767922  ok
duckdb   mart_customer_summary              lifetime_gross_margin    column_distinct_count               20617              20617  ok
duckdb   mart_customer_summary              lifetime_gross_revenue   column_checksum           239676876500209    239676876500209  ok
duckdb   mart_customer_summary              lifetime_gross_revenue   column_distinct_count               23038              23038  ok
duckdb   mart_daily_revenue                 average_order_value      column_checksum             5944011400696      5944011400696  ok
duckdb   mart_daily_revenue                 average_order_value      column_distinct_count                2254               2254  ok
duckdb   mart_daily_revenue                 gross_margin             column_checksum             5954494914157      5954494914157  ok
duckdb   mart_daily_revenue                 gross_margin             column_distinct_count                2761               2761  ok
duckdb   mart_daily_revenue                 gross_revenue            column_checksum             5901933192991      5901933192991  ok
duckdb   mart_daily_revenue                 gross_revenue            column_distinct_count                2761               2761  ok
duckdb   mart_daily_revenue                 total_cost               column_checksum             5976373328149      5976373328149  ok
duckdb   mart_daily_revenue                 total_cost               column_distinct_count                2761               2761  ok
duckdb   mart_product_performance           gross_margin             column_checksum            62196937057056     62196937057056  ok
duckdb   mart_product_performance           gross_margin             column_distinct_count               15714              15714  ok
duckdb   mart_product_performance           gross_margin_rate        column_checksum            62292841077443     62292841077443  ok
duckdb   mart_product_performance           gross_margin_rate        column_distinct_count               18693              18693  ok
duckdb   mart_product_performance           gross_revenue            column_checksum            61981474198976     61981474198976  ok
duckdb   mart_product_performance           gross_revenue            column_distinct_count                8204               8204  ok
duckdb   mart_product_performance           retail_price             column_checksum            61217180993459     61217180993459  ok
duckdb   mart_product_performance           total_cost               column_checksum            62332627477484     62332627477484  ok
duckdb   mart_product_performance           total_cost               column_distinct_count               15315              15315  ok
duckdb   mart_product_performance           unit_cost                column_checksum            61429156578190     61429156578190  ok
duckdb   mart_product_performance           unit_cost                column_distinct_count                7435               7435  ok
duckdb   stg_thelook__inventory_items       cost                     column_checksum          1040187569323442   1040187569323442  ok
duckdb   stg_thelook__inventory_items       cost                     column_distinct_count                7425               7425  ok
duckdb   stg_thelook__inventory_items       product_retail_price     column_checksum          1033719678309565   1033719678309565  ok
duckdb   stg_thelook__order_items           sale_price               column_checksum           383190907577063    383190907577063  ok
duckdb   stg_thelook__products              cost                     column_checksum            61429156578190     61429156578190  ok
duckdb   stg_thelook__products              cost                     column_distinct_count                7435               7435  ok
duckdb   stg_thelook__products              retail_price             column_checksum            61217180993459     61217180993459  ok
