$ ./.venv/bin/dbt build --target duckdb --project-dir ./target/row_join/project --profiles-dir ./target/row_join --target-path ./target/row_join/project/target --log-path ./target/row_join/logs
# exit 0, wall 16.40 s
# the scratch project differs from the repository only by:
diff --git a./macros/polyglot/types.sql b./target/row_join/project/macros/polyglot/types.sql
index 773bfd1..81dd55b 100644
--- a./macros/polyglot/types.sql
+++ b./target/row_join/project/macros/polyglot/types.sql
@@ -83,7 +83,7 @@
 {%- endmacro %}
 
 {% macro default__money_type() -%}
-    decimal(18,2)
+    decimal(38,9)
 {%- endmacro %}
 
 {% macro bigquery__money_type() -%}

   dbt-oss 2.0.5
   Loading ../profiles.yml
   Started resolving packages from packages.yml
  Finished [  0.00s] resolving packages from packages.yml
 Succeeded model money9.stg_thelook__distribution_centers (view) [2 of 196 in 0.10s]
 Succeeded model money9.stg_thelook__users (view) [3 of 196 in 0.13s]
 Succeeded model money9.stg_thelook__orders (view) [5 of 196 in 0.14s]
 Succeeded model money9.stg_thelook__products (view) [4 of 196 in 0.14s]
 Succeeded model money9.stg_thelook__events (view) [1 of 196 in 0.16s]
    Passed test  not_null_stg_thelook__distribution_centers_distribution_center_id [9 of 196 in 0.10s]
    Passed test  unique_stg_thelook__distribution_centers_distribution_center_id [8 of 196 in 0.10s]
 Succeeded model money9.stg_thelook__inventory_items (view) [7 of 196 in 0.20s]
 Succeeded model money9.stg_thelook__order_items (view) [6 of 196 in 0.21s]
    Passed test  accepted_values_stg_thelook__users_gender__M__F [12 of 196 in 0.09s]
    Passed test  unique_stg_thelook__users_user_id [10 of 196 in 0.10s]
    Passed test  unique_stg_thelook__orders_order_id [17 of 196 in 0.11s]
    Passed test  not_null_stg_thelook__users_user_id [11 of 196 in 0.12s]
    Passed test  accepted_values_stg_thelook__users_traffic_source__Search__Organic__Facebook__Email__Display [14 of 196 in 0.12s]
    Passed test  not_null_stg_thelook__orders_user_id [18 of 196 in 0.13s]
    Passed test  not_null_stg_thelook__orders_order_id [15 of 196 in 0.13s]
    Passed test  accepted_values_stg_thelook__orders_status__Complete__Shipped__Processing__Returned__Cancelled [21 of 196 in 0.14s]
    Passed test  not_null_stg_thelook__orders_status [19 of 196 in 0.15s]
    Passed test  accepted_values_stg_thelook__orders_gender__M__F [22 of 196 in 0.16s]
    Passed test  not_null_stg_thelook__products_distribution_center_id [23 of 196 in 0.17s]
    Passed test  not_null_stg_thelook__orders_created_at [20 of 196 in 0.17s]
    Passed test  accepted_values_stg_thelook__products_department__Men__Women [24 of 196 in 0.18s]
    Passed test  unique_stg_thelook__products_product_id [25 of 196 in 0.18s]
    Passed test  not_null_stg_thelook__products_product_id [26 of 196 in 0.19s]
    Passed test  not_null_stg_thelook__users_created_at [13 of 196 in 0.23s]
    Passed test  not_null_stg_thelook__events_event_type [28 of 196 in 0.20s]
    Passed test  not_null_stg_thelook__events_session_id [30 of 196 in 0.23s]
    Passed test  not_null_stg_thelook__events_event_id [32 of 196 in 0.24s]
    Passed test  accepted_values_stg_thelook__events_event_type__home__department__product__cart__purchase__cancel [27 of 196 in 0.24s]
    Passed test  relationships_stg_thelook__events_user_id__user_id__ref_stg_thelook__users_ [31 of 196 in 0.44s]
    Passed test  not_null_stg_thelook__inventory_items_inventory_item_id [38 of 196 in 0.41s]
    Passed test  accepted_values_stg_thelook__events_traffic_source__Email__Adwords__Facebook__YouTube__Organic [35 of 196 in 0.49s]
    Passed test  not_null_stg_thelook__inventory_items_distribution_center_id [40 of 196 in 0.46s]
    Passed test  unique_stg_thelook__events_event_id [29 of 196 in 0.53s]
    Passed test  not_null_stg_thelook__inventory_items_product_id [39 of 196 in 0.51s]
    Passed test  unique_stg_thelook__inventory_items_inventory_item_id [37 of 196 in 0.55s]
    Passed test  not_null_stg_thelook__order_items_user_id [44 of 196 in 0.56s]
    Passed test  unique_stg_thelook__order_items_order_item_id [43 of 196 in 0.56s]
    Passed test  not_null_stg_thelook__order_items_product_id [45 of 196 in 0.57s]
    Passed test  not_null_stg_thelook__order_items_inventory_item_id [46 of 196 in 0.60s]
 Succeeded model money9.int_users__first_order_cohort (view) [16 of 196 in 0.50s]
    Passed test  not_null_stg_thelook__inventory_items_created_at [41 of 196 in 0.66s]
    Passed test  not_null_stg_thelook__order_items_order_item_id [49 of 196 in 0.67s]
    Passed test  not_null_stg_thelook__order_items_order_id [50 of 196 in 0.69s]
    Passed test  not_null_stg_thelook__order_items_status [52 of 196 in 0.70s]
    Passed test  not_null_stg_thelook__order_items_created_at [54 of 196 in 0.84s]
    Passed test  accepted_values_stg_thelook__order_items_status__Complete__Shipped__Processing__Returned__Cancelled [51 of 196 in 0.87s]
    Warned test  assert_order_item_created_at_is_plausible (tests/assert_order_item_created_at_is_plausible.sql) [47 of 196 in 0.96s]
    Passed test  assert_no_orphan_order_items [53 of 196 in 1.00s]
 Succeeded model money9.int_inventory_items__enriched (view) [36 of 196 in 0.50s]
    Passed test  not_null_int_users__first_order_cohort_user_id [55 of 196 in 0.44s]
    Passed test  assert_timestamps_are_before_after [48 of 196 in 1.08s]
    Passed test  not_null_stg_thelook__events_created_at [33 of 196 in 1.17s]
    Passed test  unique_int_users__first_order_cohort_user_id [56 of 196 in 0.50s]
    Passed test  not_null_int_inventory_items__enriched_product_id [59 of 196 in 0.10s]
    Passed test  not_null_int_inventory_items__enriched_distribution_center_id [60 of 196 in 0.11s]
    Passed test  not_null_int_inventory_items__enriched_inventory_item_id [61 of 196 in 0.15s]
    Passed test  not_null_int_users__first_order_cohort_signup_at [57 of 196 in 0.56s]
 Succeeded model money9.int_order_items__enriched (view) [42 of 196 in 0.24s]
    Passed test  unique_int_inventory_items__enriched_inventory_item_id [58 of 196 in 0.16s]
 Succeeded model money9.int_events__sessions (view) [34 of 196 in 0.19s]
    Passed test  accepted_values_int_order_items__enriched_order_item_status__Complete__Shipped__Processing__Returned__Cancelled [66 of 196 in 0.09s]
 Succeeded model money9.int_inventory__by_product_center (view) [62 of 196 in 0.18s]
    Passed test  unique_int_order_items__enriched_inventory_item_id [65 of 196 in 0.19s]
    Passed test  not_null_int_order_items__enriched_user_id [70 of 196 in 0.21s]
    Passed test  unique_int_order_items__enriched_order_item_id [64 of 196 in 0.27s]
    Passed test  accepted_values_int_order_items__enriched_user_traffic_source__Search__Organic__Facebook__Email__Display [68 of 196 in 0.27s]
    Passed test  not_null_int_order_items__enriched_order_id [72 of 196 in 0.29s]
    Passed test  not_null_int_order_items__enriched_order_item_id [73 of 196 in 0.34s]
    Passed test  not_null_int_order_items__enriched_distribution_center_id [67 of 196 in 0.39s]
    Passed test  not_null_int_order_items__enriched_sale_price [71 of 196 in 0.42s]
    Passed test  not_null_int_order_items__enriched_inventory_item_id [77 of 196 in 0.44s]
    Passed test  not_null_int_order_items__enriched_order_status [74 of 196 in 0.51s]
    Passed test  not_null_int_order_items__enriched_order_item_status [81 of 196 in 0.55s]
    Passed test  not_null_int_order_items__enriched_product_id [80 of 196 in 0.60s]
    Passed test  accepted_values_int_order_items__enriched_order_status__Complete__Shipped__Processing__Returned__Cancelled [82 of 196 in 0.65s]
    Passed test  relationships_int_order_items__enriched_inventory_item_id__inventory_item_id__ref_int_inventory_items__enriched_ [76 of 196 in 0.70s]
    Passed test  not_null_int_order_items__enriched_product_cost [78 of 196 in 0.70s]
 Succeeded model money9.fct_inventory_items (table) [63 of 196 in 1.98s]
    Passed test  not_null_int_inventory__by_product_center_distribution_center_id [86 of 196 in 1.82s]
    Passed test  not_null_int_inventory__by_product_center_product_center_key [87 of 196 in 2.20s]
    Passed test  unique_int_inventory__by_product_center_product_center_key [88 of 196 in 2.54s]
    Passed test  not_null_int_inventory__by_product_center_product_id [90 of 196 in 2.57s]
 Succeeded model money9.int_products__returns (view) [69 of 196 in 2.06s]
 Succeeded model money9.int_orders__item_rollup (view) [75 of 196 in 2.15s]
 Succeeded model money9.int_products__sales (view) [79 of 196 in 2.23s]
 Succeeded model money9.dim_distribution_centers (table) [89 of 196 in 1.23s]
    Passed test  not_null_fct_inventory_items_unit_cost [91 of 196 in 1.52s]
    Passed test  not_null_fct_inventory_items_created_at [93 of 196 in 1.53s]
    Passed test  unique_fct_inventory_items_inventory_item_id [92 of 196 in 1.68s]
    Passed test  not_null_fct_inventory_items_is_sold [94 of 196 in 1.70s]
    Passed test  not_null_fct_inventory_items_product_id [95 of 196 in 1.72s]
    Passed test  not_null_fct_inventory_items_distribution_center_id [96 of 196 in 1.74s]
    Passed test  not_null_fct_inventory_items_inventory_item_id [97 of 196 in 1.76s]
    Passed test  unique_int_products__returns_product_id [98 of 196 in 1.21s]
    Passed test  not_null_int_products__returns_product_id [99 of 196 in 1.55s]
    Passed test  relationships_int_order_items__enriched_order_id__order_id__ref_int_orders__item_rollup_ [101 of 196 in 1.92s]
    Passed test  not_null_int_orders__item_rollup_order_created_at [102 of 196 in 3.42s]
    Passed test  accepted_values_int_events__sessions_traffic_source__Email__Adwords__Facebook__YouTube__Organic [84 of 196 in 6.28s]
    Passed test  not_null_int_orders__item_rollup_order_id [103 of 196 in 3.91s]
    Passed test  unique_int_orders__item_rollup_order_id [105 of 196 in 3.93s]
    Passed test  accepted_values_int_orders__item_rollup_order_status__Complete__Shipped__Processing__Returned__Cancelled [108 of 196 in 4.26s]
    Passed test  not_null_int_orders__item_rollup_user_id [107 of 196 in 4.49s]
    Passed test  not_null_int_orders__item_rollup_order_status [109 of 196 in 4.76s]
    Passed test  not_null_int_orders__item_rollup_order_date [110 of 196 in 5.04s]
    Passed test  unique_int_products__sales_product_id [112 of 196 in 4.97s]
    Passed test  unique_dim_distribution_centers_distribution_center_id [115 of 196 in 4.62s]
    Passed test  not_null_int_events__sessions_session_id [85 of 196 in 7.92s]
    Passed test  not_null_dim_distribution_centers_distribution_center_id [117 of 196 in 4.66s]
    Passed test  relationships_fct_inventory_items_distribution_center_id__distribution_center_id__ref_dim_distribution_centers_ [116 of 196 in 4.67s]
    Passed test  not_null_int_products__sales_product_id [113 of 196 in 5.15s]
 Succeeded model money9.int_users__lifetime_orders (view) [106 of 196 in 0.71s]
 Succeeded model money9.int_orders__daily (view) [104 of 196 in 0.72s]
 Succeeded model money9.int_cohorts__user_months (view) [100 of 196 in 0.73s]
    Passed test  unique_int_events__sessions_session_id [83 of 196 in 8.14s]
    Passed test  unique_int_orders__daily_order_date [121 of 196 in 0.46s]
    Passed test  not_null_int_users__lifetime_orders_user_id [119 of 196 in 0.55s]
 Succeeded model money9.dim_products (table) [111 of 196 in 1.17s]
 Succeeded model money9.mart_product_performance (table) [114 of 196 in 1.22s]
    Passed test  unique_int_users__lifetime_orders_user_id [118 of 196 in 0.85s]
    Passed test  not_null_int_orders__daily_order_date [124 of 196 in 0.82s]
    Passed test  relationships_int_cohorts__user_months_user_id__user_id__ref_int_users__first_order_cohort_ [125 of 196 in 1.10s]
    Passed test  not_null_int_cohorts__user_months_activity_month [128 of 196 in 1.52s]
    Passed test  not_null_int_cohorts__user_months_user_id [131 of 196 in 1.55s]
    Passed test  not_null_int_cohorts__user_months_user_month_key [127 of 196 in 1.56s]
    Passed test  not_null_int_cohorts__user_months_cohort_month [130 of 196 in 1.58s]
 Succeeded model money9.dim_date (table) [122 of 196 in 1.31s]
    Passed test  accepted_values_dim_products_department__Men__Women [133 of 196 in 1.41s]
    Passed test  unique_dim_products_product_id [132 of 196 in 1.43s]
    Passed test  relationships_fct_inventory_items_product_id__product_id__ref_dim_products_ [134 of 196 in 1.52s]
    Passed test  relationships_dim_products_distribution_center_id__distribution_center_id__ref_dim_distribution_centers_ [136 of 196 in 1.53s]
    Passed test  not_null_dim_products_distribution_center_id [135 of 196 in 1.56s]
    Passed test  unique_int_cohorts__user_months_user_month_key [129 of 196 in 2.24s]
    Passed test  not_null_dim_products_product_id [137 of 196 in 1.60s]
 Succeeded model money9.mart_daily_revenue (table) [123 of 196 in 1.53s]
    Passed test  relationships_mart_product_performance_product_id__product_id__ref_dim_products_ [138 of 196 in 1.61s]
    Passed test  not_null_mart_product_performance_product_id [140 of 196 in 1.61s]
    Passed test  unique_mart_product_performance_product_id [139 of 196 in 1.64s]
    Passed test  not_null_dim_date_month_start_at [143 of 196 in 0.29s]
    Passed test  not_null_dim_date_date_day [144 of 196 in 0.29s]
    Passed test  not_null_dim_date_day_of_week_iso [141 of 196 in 0.32s]
    Passed test  not_null_dim_date_is_weekend [142 of 196 in 0.34s]
    Passed test  not_null_dim_date_date_month [145 of 196 in 0.34s]
    Passed test  unique_dim_date_date_day [146 of 196 in 0.35s]
    Passed test  not_null_dim_date_days_since_first_order [147 of 196 in 0.36s]
    Passed test  relationships_mart_daily_revenue_revenue_date__date_day__ref_dim_date_ [149 of 196 in 0.16s]
    Passed test  not_null_mart_daily_revenue_revenue_date [150 of 196 in 0.19s]
    Passed test  unique_mart_daily_revenue_revenue_date [148 of 196 in 0.21s]
 Succeeded model money9.mart_cohort_retention (table) [126 of 196 in 0.55s]
    Passed test  not_null_mart_cohort_retention_cohort_activity_key [152 of 196 in 0.02s]
    Passed test  not_null_mart_cohort_retention_activity_month [155 of 196 in 0.04s]
    Passed test  unique_mart_cohort_retention_cohort_activity_key [151 of 196 in 0.04s]
    Passed test  not_null_mart_cohort_retention_months_since_cohort [153 of 196 in 0.05s]
    Passed test  not_null_mart_cohort_retention_cohort_month [154 of 196 in 0.06s]
 Succeeded model money9.dim_users (table) [120 of 196 in 2.75s]
    Passed test  not_null_dim_users_signup_at [157 of 196 in 0.02s]
    Passed test  not_null_dim_users_user_id [161 of 196 in 0.03s]
    Passed test  accepted_values_dim_users_gender__M__F [159 of 196 in 0.03s]
    Passed test  accepted_values_dim_users_traffic_source__Search__Organic__Facebook__Email__Display [158 of 196 in 0.04s]
    Passed test  unique_dim_users_user_id [162 of 196 in 0.04s]
 Succeeded model money9.fct_orders (table) [163 of 196 in 0.68s]
 Succeeded model money9.mart_customer_summary (table) [156 of 196 in 0.69s]
    Passed test  not_null_fct_orders_order_id [166 of 196 in 0.02s]
    Passed test  relationships_fct_orders_user_id__user_id__ref_dim_users_ [167 of 196 in 0.05s]
    Passed test  not_null_fct_orders_order_created_at [169 of 196 in 0.05s]
    Passed test  not_null_fct_orders_order_status [165 of 196 in 0.09s]
    Passed test  unique_fct_orders_order_id [171 of 196 in 0.10s]
    Passed test  accepted_values_fct_orders_order_status__Complete__Shipped__Processing__Returned__Cancelled [170 of 196 in 0.12s]
    Passed test  not_null_fct_orders_order_date [174 of 196 in 0.12s]
    Passed test  not_null_fct_orders_user_id [173 of 196 in 0.14s]
    Passed test  accepted_values_fct_orders_user_traffic_source__Search__Organic__Facebook__Email__Display [168 of 196 in 0.15s]
    Passed test  not_null_fct_orders_order_month [172 of 196 in 0.15s]
    Passed test  not_null_mart_customer_summary_user_id [176 of 196 in 0.16s]
    Passed test  assert_order_item_count_matches_orders [164 of 196 in 0.19s]
    Passed test  relationships_mart_customer_summary_user_id__user_id__ref_dim_users_ [175 of 196 in 0.18s]
    Passed test  unique_mart_customer_summary_user_id [177 of 196 in 0.20s]
 Succeeded model money9.fct_order_items (table) [160 of 196 in 1.10s]
    Passed test  not_null_fct_order_items_inventory_item_id [178 of 196 in 0.03s]
    Passed test  relationships_fct_order_items_distribution_center_id__distribution_center_id__ref_dim_distribution_centers_ [179 of 196 in 0.05s]
    Passed test  accepted_values_fct_order_items_order_status__Complete__Shipped__Processing__Returned__Cancelled [184 of 196 in 0.05s]
    Passed test  unique_fct_order_items_order_item_id [180 of 196 in 0.06s]
    Passed test  not_null_fct_order_items_order_item_id [186 of 196 in 0.06s]
    Passed test  not_null_fct_order_items_order_item_status [181 of 196 in 0.08s]
    Passed test  not_null_fct_order_items_product_cost [188 of 196 in 0.07s]
    Passed test  not_null_fct_order_items_user_id [187 of 196 in 0.09s]
    Passed test  relationships_fct_order_items_inventory_item_id__inventory_item_id__ref_fct_inventory_items_ [183 of 196 in 0.11s]
    Passed test  accepted_values_fct_order_items_order_item_status__Complete__Shipped__Processing__Returned__Cancelled [190 of 196 in 0.11s]
    Passed test  not_null_fct_order_items_distribution_center_id [189 of 196 in 0.11s]
    Passed test  not_null_fct_order_items_order_status [195 of 196 in 0.13s]
    Passed test  relationships_fct_order_items_product_id__product_id__ref_dim_products_ [182 of 196 in 0.14s]
    Passed test  relationships_fct_order_items_order_id__order_id__ref_fct_orders_ [185 of 196 in 0.15s]
    Passed test  not_null_fct_order_items_product_id [192 of 196 in 0.15s]
    Passed test  not_null_fct_order_items_sale_price [196 of 196 in 0.15s]
    Passed test  not_null_fct_order_items_order_id [191 of 196 in 0.17s]
    Passed test  relationships_fct_order_items_user_id__user_id__ref_dim_users_ [194 of 196 in 0.18s]
    Passed test  unique_fct_order_items_inventory_item_id [193 of 196 in 0.18s]

==================== Execution Summary =====================
Finished 'build' with 1 warning for target 'duckdb' [16.1s]
Processed: 29 models | 167 tests
Summary: 196 total | 195 success | 1 warn
