{
 "model": "mart_product_performance",
 "key": "product_id",
 "other_unique_keys": [],
 "join": {
  "per_leg": {
   "l2": {
    "n": 29120,
    "null_keys": 0,
    "dup_keys": 0
   },
   "l9": {
    "n": 29120,
    "null_keys": 0,
    "dup_keys": 0
   },
   "bq": {
    "n": 29120,
    "null_keys": 0,
    "dup_keys": 0
   }
  },
  "joined": 29120,
  "matched": 29120,
  "unmatched": 0,
  "other_keys_disagree": {},
  "ok": true
 },
 "pull": {
  "via": "bigquery_scan",
  "relation_type": "TABLE",
  "dry_run_bytes": null,
  "wall_s": 2.3,
  "types": {
   "product_id": "BIGINT",
   "gross_margin": "DECIMAL(38,9)",
   "gross_margin_rate": "DOUBLE",
   "gross_revenue": "DECIMAL(38,9)",
   "retail_price": "DECIMAL(38,9)",
   "total_cost": "DECIMAL(38,9)",
   "unit_cost": "DECIMAL(38,9)"
  },
  "transfer_proof": "equal"
 },
 "columns": [
  {
   "model": "mart_product_performance",
   "column": "gross_margin",
   "key": "product_id",
   "compare": "money_type(); delta in dollars, at cents",
   "rows_compared": 29120,
   "cents_differ": 21107,
   "raw_differ": 28969,
   "identical": 151,
   "A": 7862,
   "B": 21107,
   "C": 0,
   "l9_equals_bq": 29120,
   "null_both": 0,
   "null_one_side": 0,
   "delta_distribution": [
    {
     "delta": "-0.08",
     "n": 3
    },
    {
     "delta": "-0.07",
     "n": 15
    },
    {
     "delta": "-0.06",
     "n": 60
    },
    {
     "delta": "-0.05",
     "n": 248
    },
    {
     "delta": "-0.04",
     "n": 833
    },
    {
     "delta": "-0.03",
     "n": 1813
    },
    {
     "delta": "-0.02",
     "n": 3171
    },
    {
     "delta": "-0.01",
     "n": 4056
    },
    {
     "delta": "0.00",
     "n": 8013
    },
    {
     "delta": "0.01",
     "n": 4034
    },
    {
     "delta": "0.02",
     "n": 3455
    },
    {
     "delta": "0.03",
     "n": 2050
    },
    {
     "delta": "0.04",
     "n": 971
    },
    {
     "delta": "0.05",
     "n": 303
    },
    {
     "delta": "0.06",
     "n": 78
    },
    {
     "delta": "0.07",
     "n": 14
    },
    {
     "delta": "0.08",
     "n": 3
    }
   ],
   "examples": [
    {
     "key": "1",
     "l2": "153.65",
     "l9": "153.664000588",
     "bq": "153.664000588",
     "bucket": "B"
    },
    {
     "key": "2",
     "l2": "65.74",
     "l9": "65.747000162",
     "bq": "65.747000162",
     "bucket": "B"
    },
    {
     "key": "3",
     "l2": "171.00",
     "l9": "170.970000840",
     "bq": "170.970000840",
     "bucket": "B"
    },
    {
     "key": "4",
     "l2": "305.22",
     "l9": "305.208000540",
     "bq": "305.208000540",
     "bucket": "B"
    },
    {
     "key": "5",
     "l2": "249.84",
     "l9": "249.852000774",
     "bq": "249.852000774",
     "bucket": "B"
    }
   ],
   "invariants": {
    "identical+A+B+C=rows_compared": true,
    "A+B+C=raw_differ": true,
    "B+C=cents_differ": true
   },
   "c_analysis": {
    "lineage": "derived",
    "sql_line": "models/marts/mart_product_performance.sql:42: sales.gross_margin,",
    "l9_minus_bq": [],
    "max_abs_l9_minus_bq": 0.0,
    "c_rows": [],
    "verdict": "no C rows"
   },
   "l9_not_bq": {
    "rows": 0,
    "by_bucket": {},
    "detail": []
   }
  },
  {
   "model": "mart_product_performance",
   "column": "gross_margin_rate",
   "key": "product_id",
   "compare": "float_type(), compared at 1e-6 (round(x*1e6)::BIGINT); delta in 1e-6 units",
   "rows_compared": 29120,
   "cents_differ": 24570,
   "raw_differ": 28963,
   "identical": 157,
   "A": 4393,
   "B": 24570,
   "C": 0,
   "l9_equals_bq": 29120,
   "null_both": 66,
   "null_one_side": 0,
   "delta_distribution": [
    {
     "delta": "-3159",
     "n": 1
    },
    {
     "delta": "-2061",
     "n": 1
    },
    {
     "delta": "-1857",
     "n": 1
    },
    {
     "delta": "-1661",
     "n": 1
    },
    {
     "delta": "-1360",
     "n": 1
    },
    {
     "delta": "-1353",
     "n": 1
    },
    {
     "delta": "-1286",
     "n": 1
    },
    {
     "delta": "-1194",
     "n": 1
    },
    {
     "delta": "-1143",
     "n": 1
    },
    {
     "delta": "-1128",
     "n": 1
    },
    {
     "delta": "-1068",
     "n": 1
    },
    {
     "delta": "-1060",
     "n": 1
    },
    {
     "delta": "-1000",
     "n": 3
    },
    {
     "delta": "-989",
     "n": 1
    },
    {
     "delta": "-949",
     "n": 1
    },
    {
     "delta": "-947",
     "n": 1
    },
    {
     "delta": "-911",
     "n": 1
    },
    {
     "delta": "-906",
     "n": 1
    },
    {
     "delta": "-885",
     "n": 1
    },
    {
     "delta": "-876",
     "n": 1
    },
    {
     "delta": "-873",
     "n": 1
    },
    {
     "delta": "-859",
     "n": 1
    },
    {
     "delta": "-852",
     "n": 1
    },
    {
     "delta": "-846",
     "n": 1
    },
    {
     "delta": "-830",
     "n": 1
    },
    {
     "delta": "-829",
     "n": 1
    },
    {
     "delta": "-814",
     "n": 1
    },
    {
     "delta": "-813",
     "n": 1
    },
    {
     "delta": "-807",
     "n": 1
    },
    {
     "delta": "-797",
     "n": 1
    },
    {
     "delta": "-770",
     "n": 1
    },
    {
     "delta": "-769",
     "n": 1
    },
    {
     "delta": "-741",
     "n": 1
    },
    {
     "delta": "-737",
     "n": 1
    },
    {
     "delta": "-734",
     "n": 1
    },
    {
     "delta": "-727",
     "n": 1
    },
    {
     "delta": "-726",
     "n": 1
    },
    {
     "delta": "-722",
     "n": 1
    },
    {
     "delta": "-718",
     "n": 1
    },
    {
     "delta": "-714",
     "n": 3
    },
    {
     "delta": "-713",
     "n": 1
    },
    {
     "delta": "-712",
     "n": 1
    },
    {
     "delta": "-700",
     "n": 1
    },
    {
     "delta": "-692",
     "n": 2
    },
    {
     "delta": "-681",
     "n": 1
    },
    {
     "delta": "-673",
     "n": 1
    },
    {
     "delta": "-669",
     "n": 1
    },
    {
     "delta": "-667",
     "n": 2
    },
    {
     "delta": "-658",
     "n": 1
    },
    {
     "delta": "-651",
     "n": 1
    },
    {
     "delta": "-644",
     "n": 1
    },
    {
     "delta": "-643",
     "n": 1
    },
    {
     "delta": "-638",
     "n": 1
    },
    {
     "delta": "-626",
     "n": 2
    },
    {
     "delta": "-620",
     "n": 2
    },
    {
     "delta": "-615",
     "n": 1
    },
    {
     "delta": "-613",
     "n": 1
    },
    {
     "delta": "-610",
     "n": 1
    },
    {
     "delta": "-609",
     "n": 1
    },
    {
     "delta": "-603",
     "n": 1
    },
    {
     "delta": "-601",
     "n": 1
    },
    {
     "delta": "-596",
     "n": 1
    },
    {
     "delta": "-595",
     "n": 1
    },
    {
     "delta": "-593",
     "n": 2
    },
    {
     "delta": "-587",
     "n": 1
    },
    {
     "delta": "-581",
     "n": 3
    },
    {
     "delta": "-580",
     "n": 1
    },
    {
     "delta": "-579",
     "n": 1
    },
    {
     "delta": "-576",
     "n": 1
    },
    {
     "delta": "-571",
     "n": 1
    },
    {
     "delta": "-568",
     "n": 1
    },
    {
     "delta": "-567",
     "n": 1
    },
    {
     "delta": "-563",
     "n": 1
    },
    {
     "delta": "-561",
     "n": 1
    },
    {
     "delta": "-559",
     "n": 1
    },
    {
     "delta": "-558",
     "n": 1
    },
    {
     "delta": "-556",
     "n": 2
    },
    {
     "delta": "-553",
     "n": 1
    },
    {
     "delta": "-544",
     "n": 2
    },
    {
     "delta": "-543",
     "n": 1
    },
    {
     "delta": "-542",
     "n": 1
    },
    {
     "delta": "-541",
     "n": 1
    },
    {
     "delta": "-536",
     "n": 1
    },
    {
     "delta": "-533",
     "n": 2
    },
    {
     "delta": "-531",
     "n": 3
    },
    {
     "delta": "-530",
     "n": 1
    },
    {
     "delta": "-529",
     "n": 3
    },
    {
     "delta": "-528",
     "n": 2
    },
    {
     "delta": "-526",
     "n": 1
    },
    {
     "delta": "-525",
     "n": 1
    },
    {
     "delta": "-524",
     "n": 2
    },
    {
     "delta": "-519",
     "n": 1
    },
    {
     "delta": "-517",
     "n": 1
    },
    {
     "delta": "-516",
     "n": 1
    },
    {
     "delta": "-515",
     "n": 1
    },
    {
     "delta": "-514",
     "n": 1
    },
    {
     "delta": "-512",
     "n": 2
    },
    {
     "delta": "-510",
     "n": 1
    },
    {
     "delta": "-509",
     "n": 3
    },
    {
     "delta": "-508",
     "n": 4
    },
    {
     "delta": "-506",
     "n": 1
    },
    {
     "delta": "-505",
     "n": 1
    },
    {
     "delta": "-504",
     "n": 1
    },
    {
     "delta": "-501",
     "n": 2
    },
    {
     "delta": "-500",
     "n": 7
    },
    {
     "delta": "-499",
     "n": 2
    },
    {
     "delta": "-498",
     "n": 1
    },
    {
     "delta": "-496",
     "n": 1
    },
    {
     "delta": "-495",
     "n": 2
    },
    {
     "delta": "-493",
     "n": 1
    },
    {
     "delta": "-491",
     "n": 2
    },
    {
     "delta": "-490",
     "n": 1
    },
    {
     "delta": "-489",
     "n": 1
    },
    {
     "delta": "-488",
     "n": 1
    },
    {
     "delta": "-486",
     "n": 1
    },
    {
     "delta": "-485",
     "n": 4
    },
    {
     "delta": "-484",
     "n": 1
    },
    {
     "delta": "-483",
     "n": 1
    },
    {
     "delta": "-482",
     "n": 1
    },
    {
     "delta": "-481",
     "n": 3
    },
    {
     "delta": "-480",
     "n": 1
    },
    {
     "delta": "-479",
     "n": 1
    },
    {
     "delta": "-478",
     "n": 1
    },
    {
     "delta": "-477",
     "n": 1
    },
    {
     "delta": "-476",
     "n": 2
    },
    {
     "delta": "-475",
     "n": 1
    },
    {
     "delta": "-474",
     "n": 1
    },
    {
     "delta": "-470",
     "n": 1
    },
    {
     "delta": "-469",
     "n": 2
    },
    {
     "delta": "-468",
     "n": 2
    },
    {
     "delta": "-467",
     "n": 1
    },
    {
     "delta": "-465",
     "n": 4
    },
    {
     "delta": "-464",
     "n": 2
    },
    {
     "delta": "-462",
     "n": 4
    },
    {
     "delta": "-460",
     "n": 2
    },
    {
     "delta": "-459",
     "n": 1
    },
    {
     "delta": "-458",
     "n": 1
    },
    {
     "delta": "-456",
     "n": 4
    },
    {
     "delta": "-455",
     "n": 4
    },
    {
     "delta": "-454",
     "n": 1
    },
    {
     "delta": "-452",
     "n": 1
    },
    {
     "delta": "-451",
     "n": 2
    },
    {
     "delta": "-450",
     "n": 1
    },
    {
     "delta": "-449",
     "n": 2
    },
    {
     "delta": "-448",
     "n": 1
    },
    {
     "delta": "-446",
     "n": 1
    },
    {
     "delta": "-445",
     "n": 1
    },
    {
     "delta": "-444",
     "n": 5
    },
    {
     "delta": "-443",
     "n": 4
    },
    {
     "delta": "-442",
     "n": 4
    },
    {
     "delta": "-441",
     "n": 2
    },
    {
     "delta": "-440",
     "n": 1
    },
    {
     "delta": "-438",
     "n": 1
    },
    {
     "delta": "-437",
     "n": 1
    },
    {
     "delta": "-436",
     "n": 1
    },
    {
     "delta": "-435",
     "n": 1
    },
    {
     "delta": "-433",
     "n": 1
    },
    {
     "delta": "-432",
     "n": 1
    },
    {
     "delta": "-431",
     "n": 2
    },
    {
     "delta": "-430",
     "n": 1
    },
    {
     "delta": "-429",
     "n": 9
    },
    {
     "delta": "-428",
     "n": 2
    },
    {
     "delta": "-427",
     "n": 3
    },
    {
     "delta": "-426",
     "n": 1
    },
    {
     "delta": "-424",
     "n": 1
    },
    {
     "delta": "-422",
     "n": 1
    },
    {
     "delta": "-421",
     "n": 3
    },
    {
     "delta": "-420",
     "n": 1
    },
    {
     "delta": "-419",
     "n": 4
    },
    {
     "delta": "-417",
     "n": 1
    },
    {
     "delta": "-415",
     "n": 1
    },
    {
     "delta": "-414",
     "n": 2
    },
    {
     "delta": "-413",
     "n": 2
    },
    {
     "delta": "-412",
     "n": 2
    },
    {
     "delta": "-409",
     "n": 2
    },
    {
     "delta": "-408",
     "n": 1
    },
    {
     "delta": "-407",
     "n": 2
    },
    {
     "delta": "-406",
     "n": 2
    },
    {
     "delta": "-405",
     "n": 1
    },
    {
     "delta": "-404",
     "n": 2
    },
    {
     "delta": "-403",
     "n": 3
    },
    {
     "delta": "-402",
     "n": 2
    },
    {
     "delta": "-401",
     "n": 2
    },
    {
     "delta": "-400",
     "n": 3
    },
    {
     "delta": "-399",
     "n": 3
    },
    {
     "delta": "-398",
     "n": 2
    },
    {
     "delta": "-397",
     "n": 1
    },
    {
     "delta": "-396",
     "n": 2
    },
    {
     "delta": "-395",
     "n": 4
    },
    {
     "delta": "-393",
     "n": 4
    },
    {
     "delta": "-392",
     "n": 1
    },
    {
     "delta": "-391",
     "n": 5
    },
    {
     "delta": "-390",
     "n": 1
    },
    {
     "delta": "-388",
     "n": 1
    },
    {
     "delta": "-387",
     "n": 2
    },
    {
     "delta": "-385",
     "n": 7
    },
    {
     "delta": "-384",
     "n": 3
    },
    {
     "delta": "-383",
     "n": 1
    },
    {
     "delta": "-382",
     "n": 2
    },
    {
     "delta": "-381",
     "n": 2
    },
    {
     "delta": "-380",
     "n": 2
    },
    {
     "delta": "-379",
     "n": 1
    },
    {
     "delta": "-378",
     "n": 3
    },
    {
     "delta": "-377",
     "n": 1
    },
    {
     "delta": "-376",
     "n": 1
    },
    {
     "delta": "-375",
     "n": 3
    },
    {
     "delta": "-374",
     "n": 1
    },
    {
     "delta": "-373",
     "n": 3
    },
    {
     "delta": "-372",
     "n": 5
    },
    {
     "delta": "-371",
     "n": 1
    },
    {
     "delta": "-370",
     "n": 2
    },
    {
     "delta": "-369",
     "n": 1
    },
    {
     "delta": "-368",
     "n": 5
    },
    {
     "delta": "-367",
     "n": 1
    },
    {
     "delta": "-366",
     "n": 1
    },
    {
     "delta": "-365",
     "n": 3
    },
    {
     "delta": "-364",
     "n": 7
    },
    {
     "delta": "-363",
     "n": 2
    },
    {
     "delta": "-362",
     "n": 4
    },
    {
     "delta": "-361",
     "n": 2
    },
    {
     "delta": "-360",
     "n": 1
    },
    {
     "delta": "-359",
     "n": 2
    },
    {
     "delta": "-358",
     "n": 2
    },
    {
     "delta": "-357",
     "n": 3
    },
    {
     "delta": "-356",
     "n": 7
    },
    {
     "delta": "-355",
     "n": 3
    },
    {
     "delta": "-354",
     "n": 2
    },
    {
     "delta": "-353",
     "n": 1
    },
    {
     "delta": "-352",
     "n": 3
    },
    {
     "delta": "-351",
     "n": 1
    },
    {
     "delta": "-350",
     "n": 4
    },
    {
     "delta": "-349",
     "n": 2
    },
    {
     "delta": "-348",
     "n": 2
    },
    {
     "delta": "-347",
     "n": 1
    },
    {
     "delta": "-346",
     "n": 5
    },
    {
     "delta": "-345",
     "n": 3
    },
    {
     "delta": "-344",
     "n": 5
    },
    {
     "delta": "-343",
     "n": 3
    },
    {
     "delta": "-342",
     "n": 2
    },
    {
     "delta": "-341",
     "n": 2
    },
    {
     "delta": "-339",
     "n": 3
    },
    {
     "delta": "-338",
     "n": 2
    },
    {
     "delta": "-337",
     "n": 3
    },
    {
     "delta": "-336",
     "n": 3
    },
    {
     "delta": "-335",
     "n": 4
    },
    {
     "delta": "-334",
     "n": 8
    },
    {
     "delta": "-333",
     "n": 92
    },
    {
     "delta": "-332",
     "n": 3
    },
    {
     "delta": "-331",
     "n": 4
    },
    {
     "delta": "-330",
     "n": 3
    },
    {
     "delta": "-329",
     "n": 1
    },
    {
     "delta": "-328",
     "n": 2
    },
    {
     "delta": "-327",
     "n": 1
    },
    {
     "delta": "-326",
     "n": 3
    },
    {
     "delta": "-325",
     "n": 2
    },
    {
     "delta": "-324",
     "n": 2
    },
    {
     "delta": "-323",
     "n": 4
    },
    {
     "delta": "-322",
     "n": 3
    },
    {
     "delta": "-321",
     "n": 4
    },
    {
     "delta": "-320",
     "n": 2
    },
    {
     "delta": "-319",
     "n": 6
    },
    {
     "delta": "-318",
     "n": 1
    },
    {
     "delta": "-316",
     "n": 5
    },
    {
     "delta": "-315",
     "n": 4
    },
    {
     "delta": "-314",
     "n": 4
    },
    {
     "delta": "-313",
     "n": 5
    },
    {
     "delta": "-312",
     "n": 4
    },
    {
     "delta": "-310",
     "n": 5
    },
    {
     "delta": "-308",
     "n": 12
    },
    {
     "delta": "-307",
     "n": 2
    },
    {
     "delta": "-306",
     "n": 5
    },
    {
     "delta": "-305",
     "n": 2
    },
    {
     "delta": "-304",
     "n": 5
    },
    {
     "delta": "-303",
     "n": 9
    },
    {
     "delta": "-302",
     "n": 3
    },
    {
     "delta": "-301",
     "n": 1
    },
    {
     "delta": "-300",
     "n": 4
    },
    {
     "delta": "-299",
     "n": 4
    },
    {
     "delta": "-298",
     "n": 2
    },
    {
     "delta": "-297",
     "n": 4
    },
    {
     "delta": "-296",
     "n": 7
    },
    {
     "delta": "-295",
     "n": 2
    },
    {
     "delta": "-294",
     "n": 4
    },
    {
     "delta": "-293",
     "n": 4
    },
    {
     "delta": "-292",
     "n": 3
    },
    {
     "delta": "-291",
     "n": 6
    },
    {
     "delta": "-290",
     "n": 6
    },
    {
     "delta": "-289",
     "n": 6
    },
    {
     "delta": "-288",
     "n": 6
    },
    {
     "delta": "-287",
     "n": 2
    },
    {
     "delta": "-286",
     "n": 31
    },
    {
     "delta": "-285",
     "n": 2
    },
    {
     "delta": "-284",
     "n": 5
    },
    {
     "delta": "-283",
     "n": 5
    },
    {
     "delta": "-282",
     "n": 2
    },
    {
     "delta": "-281",
     "n": 2
    },
    {
     "delta": "-280",
     "n": 2
    },
    {
     "delta": "-279",
     "n": 9
    },
    {
     "delta": "-278",
     "n": 10
    },
    {
     "delta": "-277",
     "n": 2
    },
    {
     "delta": "-276",
     "n": 5
    },
    {
     "delta": "-275",
     "n": 5
    },
    {
     "delta": "-274",
     "n": 3
    },
    {
     "delta": "-273",
     "n": 13
    },
    {
     "delta": "-272",
     "n": 2
    },
    {
     "delta": "-271",
     "n": 4
    },
    {
     "delta": "-270",
     "n": 9
    },
    {
     "delta": "-269",
     "n": 3
    },
    {
     "delta": "-268",
     "n": 4
    },
    {
     "delta": "-267",
     "n": 7
    },
    {
     "delta": "-266",
     "n": 8
    },
    {
     "delta": "-265",
     "n": 4
    },
    {
     "delta": "-264",
     "n": 4
    },
    {
     "delta": "-263",
     "n": 8
    },
    {
     "delta": "-262",
     "n": 3
    },
    {
     "delta": "-261",
     "n": 4
    },
    {
     "delta": "-260",
     "n": 9
    },
    {
     "delta": "-259",
     "n": 11
    },
    {
     "delta": "-258",
     "n": 5
    },
    {
     "delta": "-257",
     "n": 5
    },
    {
     "delta": "-256",
     "n": 7
    },
    {
     "delta": "-255",
     "n": 4
    },
    {
     "delta": "-254",
     "n": 5
    },
    {
     "delta": "-253",
     "n": 7
    },
    {
     "delta": "-252",
     "n": 5
    },
    {
     "delta": "-251",
     "n": 4
    },
    {
     "delta": "-250",
     "n": 34
    },
    {
     "delta": "-249",
     "n": 9
    },
    {
     "delta": "-248",
     "n": 5
    },
    {
     "delta": "-247",
     "n": 9
    },
    {
     "delta": "-246",
     "n": 5
    },
    {
     "delta": "-245",
     "n": 3
    },
    {
     "delta": "-244",
     "n": 4
    },
    {
     "delta": "-243",
     "n": 9
    },
    {
     "delta": "-242",
     "n": 7
    },
    {
     "delta": "-241",
     "n": 15
    },
    {
     "delta": "-240",
     "n": 9
    },
    {
     "delta": "-239",
     "n": 17
    },
    {
     "delta": "-238",
     "n": 10
    },
    {
     "delta": "-237",
     "n": 11
    },
    {
     "delta": "-236",
     "n": 7
    },
    {
     "delta": "-235",
     "n": 15
    },
    {
     "delta": "-234",
     "n": 8
    },
    {
     "delta": "-233",
     "n": 5
    },
    {
     "delta": "-232",
     "n": 6
    },
    {
     "delta": "-231",
     "n": 15
    },
    {
     "delta": "-230",
     "n": 9
    },
    {
     "delta": "-229",
     "n": 6
    },
    {
     "delta": "-228",
     "n": 9
    },
    {
     "delta": "-227",
     "n": 7
    },
    {
     "delta": "-226",
     "n": 7
    },
    {
     "delta": "-225",
     "n": 14
    },
    {
     "delta": "-224",
     "n": 15
    },
    {
     "delta": "-223",
     "n": 11
    },
    {
     "delta": "-222",
     "n": 47
    },
    {
     "delta": "-221",
     "n": 7
    },
    {
     "delta": "-220",
     "n": 13
    },
    {
     "delta": "-219",
     "n": 6
    },
    {
     "delta": "-218",
     "n": 7
    },
    {
     "delta": "-217",
     "n": 11
    },
    {
     "delta": "-216",
     "n": 8
    },
    {
     "delta": "-215",
     "n": 8
    },
    {
     "delta": "-214",
     "n": 10
    },
    {
     "delta": "-213",
     "n": 13
    },
    {
     "delta": "-212",
     "n": 9
    },
    {
     "delta": "-211",
     "n": 18
    },
    {
     "delta": "-210",
     "n": 7
    },
    {
     "delta": "-209",
     "n": 4
    },
    {
     "delta": "-208",
     "n": 5
    },
    {
     "delta": "-207",
     "n": 12
    },
    {
     "delta": "-206",
     "n": 9
    },
    {
     "delta": "-205",
     "n": 9
    },
    {
     "delta": "-204",
     "n": 13
    },
    {
     "delta": "-203",
     "n": 11
    },
    {
     "delta": "-202",
     "n": 6
    },
    {
     "delta": "-201",
     "n": 11
    },
    {
     "delta": "-200",
     "n": 246
    },
    {
     "delta": "-199",
     "n": 10
    },
    {
     "delta": "-198",
     "n": 17
    },
    {
     "delta": "-197",
     "n": 7
    },
    {
     "delta": "-196",
     "n": 10
    },
    {
     "delta": "-195",
     "n": 10
    },
    {
     "delta": "-194",
     "n": 14
    },
    {
     "delta": "-193",
     "n": 10
    },
    {
     "delta": "-192",
     "n": 14
    },
    {
     "delta": "-191",
     "n": 13
    },
    {
     "delta": "-190",
     "n": 19
    },
    {
     "delta": "-189",
     "n": 12
    },
    {
     "delta": "-188",
     "n": 12
    },
    {
     "delta": "-187",
     "n": 10
    },
    {
     "delta": "-186",
     "n": 15
    },
    {
     "delta": "-185",
     "n": 18
    },
    {
     "delta": "-184",
     "n": 14
    },
    {
     "delta": "-183",
     "n": 9
    },
    {
     "delta": "-182",
     "n": 46
    },
    {
     "delta": "-181",
     "n": 13
    },
    {
     "delta": "-180",
     "n": 7
    },
    {
     "delta": "-179",
     "n": 6
    },
    {
     "delta": "-178",
     "n": 11
    },
    {
     "delta": "-177",
     "n": 10
    },
    {
     "delta": "-176",
     "n": 23
    },
    {
     "delta": "-175",
     "n": 10
    },
    {
     "delta": "-174",
     "n": 14
    },
    {
     "delta": "-173",
     "n": 10
    },
    {
     "delta": "-172",
     "n": 15
    },
    {
     "delta": "-171",
     "n": 11
    },
    {
     "delta": "-170",
     "n": 18
    },
    {
     "delta": "-169",
     "n": 9
    },
    {
     "delta": "-168",
     "n": 15
    },
    {
     "delta": "-167",
     "n": 91
    },
    {
     "delta": "-166",
     "n": 22
    },
    {
     "delta": "-165",
     "n": 10
    },
    {
     "delta": "-164",
     "n": 21
    },
    {
     "delta": "-163",
     "n": 18
    },
    {
     "delta": "-162",
     "n": 21
    },
    {
     "delta": "-161",
     "n": 21
    },
    {
     "delta": "-160",
     "n": 17
    },
    {
     "delta": "-159",
     "n": 12
    },
    {
     "delta": "-158",
     "n": 19
    },
    {
     "delta": "-157",
     "n": 14
    },
    {
     "delta": "-156",
     "n": 27
    },
    {
     "delta": "-155",
     "n": 23
    },
    {
     "delta": "-154",
     "n": 45
    },
    {
     "delta": "-153",
     "n": 10
    },
    {
     "delta": "-152",
     "n": 20
    },
    {
     "delta": "-151",
     "n": 19
    },
    {
     "delta": "-150",
     "n": 25
    },
    {
     "delta": "-149",
     "n": 17
    },
    {
     "delta": "-148",
     "n": 22
    },
    {
     "delta": "-147",
     "n": 23
    },
    {
     "delta": "-146",
     "n": 26
    },
    {
     "delta": "-145",
     "n": 17
    },
    {
     "delta": "-144",
     "n": 16
    },
    {
     "delta": "-143",
     "n": 131
    },
    {
     "delta": "-142",
     "n": 22
    },
    {
     "delta": "-141",
     "n": 22
    },
    {
     "delta": "-140",
     "n": 29
    },
    {
     "delta": "-139",
     "n": 18
    },
    {
     "delta": "-138",
     "n": 34
    },
    {
     "delta": "-137",
     "n": 15
    },
    {
     "delta": "-136",
     "n": 20
    },
    {
     "delta": "-135",
     "n": 18
    },
    {
     "delta": "-134",
     "n": 16
    },
    {
     "delta": "-133",
     "n": 23
    },
    {
     "delta": "-132",
     "n": 17
    },
    {
     "delta": "-131",
     "n": 20
    },
    {
     "delta": "-130",
     "n": 27
    },
    {
     "delta": "-129",
     "n": 17
    },
    {
     "delta": "-128",
     "n": 26
    },
    {
     "delta": "-127",
     "n": 23
    },
    {
     "delta": "-126",
     "n": 14
    },
    {
     "delta": "-125",
     "n": 75
    },
    {
     "delta": "-124",
     "n": 27
    },
    {
     "delta": "-123",
     "n": 31
    },
    {
     "delta": "-122",
     "n": 40
    },
    {
     "delta": "-121",
     "n": 43
    },
    {
     "delta": "-120",
     "n": 34
    },
    {
     "delta": "-119",
     "n": 22
    },
    {
     "delta": "-118",
     "n": 69
    },
    {
     "delta": "-117",
     "n": 27
    },
    {
     "delta": "-116",
     "n": 31
    },
    {
     "delta": "-115",
     "n": 26
    },
    {
     "delta": "-114",
     "n": 41
    },
    {
     "delta": "-113",
     "n": 29
    },
    {
     "delta": "-112",
     "n": 42
    },
    {
     "delta": "-111",
     "n": 158
    },
    {
     "delta": "-110",
     "n": 30
    },
    {
     "delta": "-109",
     "n": 27
    },
    {
     "delta": "-108",
     "n": 29
    },
    {
     "delta": "-107",
     "n": 31
    },
    {
     "delta": "-106",
     "n": 34
    },
    {
     "delta": "-105",
     "n": 58
    },
    {
     "delta": "-104",
     "n": 33
    },
    {
     "delta": "-103",
     "n": 42
    },
    {
     "delta": "-102",
     "n": 30
    },
    {
     "delta": "-101",
     "n": 50
    },
    {
     "delta": "-100",
     "n": 32
    },
    {
     "delta": "-99",
     "n": 30
    },
    {
     "delta": "-98",
     "n": 29
    },
    {
     "delta": "-97",
     "n": 35
    },
    {
     "delta": "-96",
     "n": 34
    },
    {
     "delta": "-95",
     "n": 77
    },
    {
     "delta": "-94",
     "n": 37
    },
    {
     "delta": "-93",
     "n": 36
    },
    {
     "delta": "-92",
     "n": 28
    },
    {
     "delta": "-91",
     "n": 140
    },
    {
     "delta": "-90",
     "n": 24
    },
    {
     "delta": "-89",
     "n": 43
    },
    {
     "delta": "-88",
     "n": 33
    },
    {
     "delta": "-87",
     "n": 68
    },
    {
     "delta": "-86",
     "n": 27
    },
    {
     "delta": "-85",
     "n": 46
    },
    {
     "delta": "-84",
     "n": 32
    },
    {
     "delta": "-83",
     "n": 86
    },
    {
     "delta": "-82",
     "n": 56
    },
    {
     "delta": "-81",
     "n": 47
    },
    {
     "delta": "-80",
     "n": 36
    },
    {
     "delta": "-79",
     "n": 43
    },
    {
     "delta": "-78",
     "n": 38
    },
    {
     "delta": "-77",
     "n": 125
    },
    {
     "delta": "-76",
     "n": 49
    },
    {
     "delta": "-75",
     "n": 28
    },
    {
     "delta": "-74",
     "n": 72
    },
    {
     "delta": "-73",
     "n": 40
    },
    {
     "delta": "-72",
     "n": 45
    },
    {
     "delta": "-71",
     "n": 97
    },
    {
     "delta": "-70",
     "n": 37
    },
    {
     "delta": "-69",
     "n": 59
    },
    {
     "delta": "-68",
     "n": 62
    },
    {
     "delta": "-67",
     "n": 75
    },
    {
     "delta": "-66",
     "n": 30
    },
    {
     "delta": "-65",
     "n": 55
    },
    {
     "delta": "-64",
     "n": 44
    },
    {
     "delta": "-63",
     "n": 132
    },
    {
     "delta": "-62",
     "n": 43
    },
    {
     "delta": "-61",
     "n": 71
    },
    {
     "delta": "-60",
     "n": 43
    },
    {
     "delta": "-59",
     "n": 117
    },
    {
     "delta": "-58",
     "n": 62
    },
    {
     "delta": "-57",
     "n": 48
    },
    {
     "delta": "-56",
     "n": 101
    },
    {
     "delta": "-55",
     "n": 33
    },
    {
     "delta": "-54",
     "n": 61
    },
    {
     "delta": "-53",
     "n": 98
    },
    {
     "delta": "-52",
     "n": 44
    },
    {
     "delta": "-51",
     "n": 132
    },
    {
     "delta": "-50",
     "n": 74
    },
    {
     "delta": "-49",
     "n": 51
    },
    {
     "delta": "-48",
     "n": 121
    },
    {
     "delta": "-47",
     "n": 62
    },
    {
     "delta": "-46",
     "n": 44
    },
    {
     "delta": "-45",
     "n": 119
    },
    {
     "delta": "-44",
     "n": 41
    },
    {
     "delta": "-43",
     "n": 130
    },
    {
     "delta": "-42",
     "n": 106
    },
    {
     "delta": "-41",
     "n": 95
    },
    {
     "delta": "-40",
     "n": 107
    },
    {
     "delta": "-39",
     "n": 65
    },
    {
     "delta": "-38",
     "n": 91
    },
    {
     "delta": "-37",
     "n": 112
    },
    {
     "delta": "-36",
     "n": 79
    },
    {
     "delta": "-35",
     "n": 74
    },
    {
     "delta": "-34",
     "n": 146
    },
    {
     "delta": "-33",
     "n": 60
    },
    {
     "delta": "-32",
     "n": 85
    },
    {
     "delta": "-31",
     "n": 86
    },
    {
     "delta": "-30",
     "n": 131
    },
    {
     "delta": "-29",
     "n": 131
    },
    {
     "delta": "-28",
     "n": 112
    },
    {
     "delta": "-27",
     "n": 90
    },
    {
     "delta": "-26",
     "n": 113
    },
    {
     "delta": "-25",
     "n": 108
    },
    {
     "delta": "-24",
     "n": 100
    },
    {
     "delta": "-23",
     "n": 115
    },
    {
     "delta": "-22",
     "n": 106
    },
    {
     "delta": "-21",
     "n": 91
    },
    {
     "delta": "-20",
     "n": 160
    },
    {
     "delta": "-19",
     "n": 111
    },
    {
     "delta": "-18",
     "n": 89
    },
    {
     "delta": "-17",
     "n": 112
    },
    {
     "delta": "-16",
     "n": 110
    },
    {
     "delta": "-15",
     "n": 88
    },
    {
     "delta": "-14",
     "n": 128
    },
    {
     "delta": "-13",
     "n": 130
    },
    {
     "delta": "-12",
     "n": 93
    },
    {
     "delta": "-11",
     "n": 106
    },
    {
     "delta": "-10",
     "n": 110
    },
    {
     "delta": "-9",
     "n": 83
    },
    {
     "delta": "-8",
     "n": 113
    },
    {
     "delta": "-7",
     "n": 90
    },
    {
     "delta": "-6",
     "n": 120
    },
    {
     "delta": "-5",
     "n": 89
    },
    {
     "delta": "-4",
     "n": 78
    },
    {
     "delta": "-3",
     "n": 66
    },
    {
     "delta": "-2",
     "n": 69
    },
    {
     "delta": "-1",
     "n": 69
    },
    {
     "delta": "0",
     "n": 4484
    },
    {
     "delta": "1",
     "n": 75
    },
    {
     "delta": "2",
     "n": 59
    },
    {
     "delta": "3",
     "n": 82
    },
    {
     "delta": "4",
     "n": 93
    },
    {
     "delta": "5",
     "n": 99
    },
    {
     "delta": "6",
     "n": 94
    },
    {
     "delta": "7",
     "n": 78
    },
    {
     "delta": "8",
     "n": 102
    },
    {
     "delta": "9",
     "n": 104
    },
    {
     "delta": "10",
     "n": 135
    },
    {
     "delta": "11",
     "n": 132
    },
    {
     "delta": "12",
     "n": 83
    },
    {
     "delta": "13",
     "n": 139
    },
    {
     "delta": "14",
     "n": 115
    },
    {
     "delta": "15",
     "n": 88
    },
    {
     "delta": "16",
     "n": 119
    },
    {
     "delta": "17",
     "n": 120
    },
    {
     "delta": "18",
     "n": 106
    },
    {
     "delta": "19",
     "n": 104
    },
    {
     "delta": "20",
     "n": 176
    },
    {
     "delta": "21",
     "n": 79
    },
    {
     "delta": "22",
     "n": 113
    },
    {
     "delta": "23",
     "n": 118
    },
    {
     "delta": "24",
     "n": 105
    },
    {
     "delta": "25",
     "n": 114
    },
    {
     "delta": "26",
     "n": 121
    },
    {
     "delta": "27",
     "n": 90
    },
    {
     "delta": "28",
     "n": 93
    },
    {
     "delta": "29",
     "n": 142
    },
    {
     "delta": "30",
     "n": 110
    },
    {
     "delta": "31",
     "n": 97
    },
    {
     "delta": "32",
     "n": 101
    },
    {
     "delta": "33",
     "n": 64
    },
    {
     "delta": "34",
     "n": 174
    },
    {
     "delta": "35",
     "n": 69
    },
    {
     "delta": "36",
     "n": 72
    },
    {
     "delta": "37",
     "n": 120
    },
    {
     "delta": "38",
     "n": 108
    },
    {
     "delta": "39",
     "n": 57
    },
    {
     "delta": "40",
     "n": 102
    },
    {
     "delta": "41",
     "n": 119
    },
    {
     "delta": "42",
     "n": 111
    },
    {
     "delta": "43",
     "n": 121
    },
    {
     "delta": "44",
     "n": 81
    },
    {
     "delta": "45",
     "n": 112
    },
    {
     "delta": "46",
     "n": 66
    },
    {
     "delta": "47",
     "n": 40
    },
    {
     "delta": "48",
     "n": 105
    },
    {
     "delta": "49",
     "n": 60
    },
    {
     "delta": "50",
     "n": 85
    },
    {
     "delta": "51",
     "n": 131
    },
    {
     "delta": "52",
     "n": 51
    },
    {
     "delta": "53",
     "n": 107
    },
    {
     "delta": "54",
     "n": 65
    },
    {
     "delta": "55",
     "n": 55
    },
    {
     "delta": "56",
     "n": 97
    },
    {
     "delta": "57",
     "n": 54
    },
    {
     "delta": "58",
     "n": 73
    },
    {
     "delta": "59",
     "n": 147
    },
    {
     "delta": "60",
     "n": 61
    },
    {
     "delta": "61",
     "n": 99
    },
    {
     "delta": "62",
     "n": 88
    },
    {
     "delta": "63",
     "n": 72
    },
    {
     "delta": "64",
     "n": 34
    },
    {
     "delta": "65",
     "n": 68
    },
    {
     "delta": "66",
     "n": 40
    },
    {
     "delta": "67",
     "n": 84
    },
    {
     "delta": "68",
     "n": 42
    },
    {
     "delta": "69",
     "n": 73
    },
    {
     "delta": "70",
     "n": 50
    },
    {
     "delta": "71",
     "n": 119
    },
    {
     "delta": "72",
     "n": 48
    },
    {
     "delta": "73",
     "n": 41
    },
    {
     "delta": "74",
     "n": 56
    },
    {
     "delta": "75",
     "n": 26
    },
    {
     "delta": "76",
     "n": 50
    },
    {
     "delta": "77",
     "n": 155
    },
    {
     "delta": "78",
     "n": 35
    },
    {
     "delta": "79",
     "n": 38
    },
    {
     "delta": "80",
     "n": 48
    },
    {
     "delta": "81",
     "n": 51
    },
    {
     "delta": "82",
     "n": 54
    },
    {
     "delta": "83",
     "n": 135
    },
    {
     "delta": "84",
     "n": 47
    },
    {
     "delta": "85",
     "n": 65
    },
    {
     "delta": "86",
     "n": 29
    },
    {
     "delta": "87",
     "n": 67
    },
    {
     "delta": "88",
     "n": 47
    },
    {
     "delta": "89",
     "n": 38
    },
    {
     "delta": "90",
     "n": 40
    },
    {
     "delta": "91",
     "n": 190
    },
    {
     "delta": "92",
     "n": 30
    },
    {
     "delta": "93",
     "n": 27
    },
    {
     "delta": "94",
     "n": 31
    },
    {
     "delta": "95",
     "n": 59
    },
    {
     "delta": "96",
     "n": 43
    },
    {
     "delta": "97",
     "n": 25
    },
    {
     "delta": "98",
     "n": 39
    },
    {
     "delta": "99",
     "n": 37
    },
    {
     "delta": "100",
     "n": 36
    },
    {
     "delta": "101",
     "n": 41
    },
    {
     "delta": "102",
     "n": 32
    },
    {
     "delta": "103",
     "n": 36
    },
    {
     "delta": "104",
     "n": 41
    },
    {
     "delta": "105",
     "n": 70
    },
    {
     "delta": "106",
     "n": 20
    },
    {
     "delta": "107",
     "n": 27
    },
    {
     "delta": "108",
     "n": 31
    },
    {
     "delta": "109",
     "n": 36
    },
    {
     "delta": "110",
     "n": 29
    },
    {
     "delta": "111",
     "n": 177
    },
    {
     "delta": "112",
     "n": 32
    },
    {
     "delta": "113",
     "n": 30
    },
    {
     "delta": "114",
     "n": 34
    },
    {
     "delta": "115",
     "n": 23
    },
    {
     "delta": "116",
     "n": 33
    },
    {
     "delta": "117",
     "n": 21
    },
    {
     "delta": "118",
     "n": 54
    },
    {
     "delta": "119",
     "n": 23
    },
    {
     "delta": "120",
     "n": 39
    },
    {
     "delta": "121",
     "n": 38
    },
    {
     "delta": "122",
     "n": 28
    },
    {
     "delta": "123",
     "n": 36
    },
    {
     "delta": "124",
     "n": 33
    },
    {
     "delta": "125",
     "n": 71
    },
    {
     "delta": "126",
     "n": 16
    },
    {
     "delta": "127",
     "n": 26
    },
    {
     "delta": "128",
     "n": 23
    },
    {
     "delta": "129",
     "n": 20
    },
    {
     "delta": "130",
     "n": 34
    },
    {
     "delta": "131",
     "n": 26
    },
    {
     "delta": "132",
     "n": 20
    },
    {
     "delta": "133",
     "n": 15
    },
    {
     "delta": "134",
     "n": 24
    },
    {
     "delta": "135",
     "n": 16
    },
    {
     "delta": "136",
     "n": 24
    },
    {
     "delta": "137",
     "n": 26
    },
    {
     "delta": "138",
     "n": 24
    },
    {
     "delta": "139",
     "n": 32
    },
    {
     "delta": "140",
     "n": 19
    },
    {
     "delta": "141",
     "n": 17
    },
    {
     "delta": "142",
     "n": 25
    },
    {
     "delta": "143",
     "n": 133
    },
    {
     "delta": "144",
     "n": 20
    },
    {
     "delta": "145",
     "n": 28
    },
    {
     "delta": "146",
     "n": 18
    },
    {
     "delta": "147",
     "n": 27
    },
    {
     "delta": "148",
     "n": 28
    },
    {
     "delta": "149",
     "n": 20
    },
    {
     "delta": "150",
     "n": 11
    },
    {
     "delta": "151",
     "n": 14
    },
    {
     "delta": "152",
     "n": 24
    },
    {
     "delta": "153",
     "n": 14
    },
    {
     "delta": "154",
     "n": 30
    },
    {
     "delta": "155",
     "n": 16
    },
    {
     "delta": "156",
     "n": 9
    },
    {
     "delta": "157",
     "n": 19
    },
    {
     "delta": "158",
     "n": 18
    },
    {
     "delta": "159",
     "n": 16
    },
    {
     "delta": "160",
     "n": 11
    },
    {
     "delta": "161",
     "n": 13
    },
    {
     "delta": "162",
     "n": 30
    },
    {
     "delta": "163",
     "n": 12
    },
    {
     "delta": "164",
     "n": 24
    },
    {
     "delta": "165",
     "n": 16
    },
    {
     "delta": "166",
     "n": 20
    },
    {
     "delta": "167",
     "n": 65
    },
    {
     "delta": "168",
     "n": 13
    },
    {
     "delta": "169",
     "n": 16
    },
    {
     "delta": "170",
     "n": 13
    },
    {
     "delta": "171",
     "n": 9
    },
    {
     "delta": "172",
     "n": 24
    },
    {
     "delta": "173",
     "n": 8
    },
    {
     "delta": "174",
     "n": 16
    },
    {
     "delta": "175",
     "n": 10
    },
    {
     "delta": "176",
     "n": 19
    },
    {
     "delta": "177",
     "n": 17
    },
    {
     "delta": "178",
     "n": 13
    },
    {
     "delta": "179",
     "n": 12
    },
    {
     "delta": "180",
     "n": 13
    },
    {
     "delta": "181",
     "n": 10
    },
    {
     "delta": "182",
     "n": 50
    },
    {
     "delta": "183",
     "n": 10
    },
    {
     "delta": "184",
     "n": 14
    },
    {
     "delta": "185",
     "n": 12
    },
    {
     "delta": "186",
     "n": 10
    },
    {
     "delta": "187",
     "n": 7
    },
    {
     "delta": "188",
     "n": 16
    },
    {
     "delta": "189",
     "n": 5
    },
    {
     "delta": "190",
     "n": 24
    },
    {
     "delta": "191",
     "n": 14
    },
    {
     "delta": "192",
     "n": 8
    },
    {
     "delta": "193",
     "n": 9
    },
    {
     "delta": "194",
     "n": 10
    },
    {
     "delta": "195",
     "n": 12
    },
    {
     "delta": "196",
     "n": 15
    },
    {
     "delta": "197",
     "n": 12
    },
    {
     "delta": "198",
     "n": 9
    },
    {
     "delta": "199",
     "n": 11
    },
    {
     "delta": "200",
     "n": 311
    },
    {
     "delta": "201",
     "n": 10
    },
    {
     "delta": "202",
     "n": 12
    },
    {
     "delta": "203",
     "n": 8
    },
    {
     "delta": "204",
     "n": 14
    },
    {
     "delta": "205",
     "n": 21
    },
    {
     "delta": "206",
     "n": 16
    },
    {
     "delta": "207",
     "n": 10
    },
    {
     "delta": "208",
     "n": 9
    },
    {
     "delta": "209",
     "n": 8
    },
    {
     "delta": "210",
     "n": 13
    },
    {
     "delta": "211",
     "n": 9
    },
    {
     "delta": "212",
     "n": 11
    },
    {
     "delta": "213",
     "n": 18
    },
    {
     "delta": "214",
     "n": 12
    },
    {
     "delta": "215",
     "n": 9
    },
    {
     "delta": "216",
     "n": 14
    },
    {
     "delta": "217",
     "n": 16
    },
    {
     "delta": "218",
     "n": 5
    },
    {
     "delta": "219",
     "n": 12
    },
    {
     "delta": "220",
     "n": 6
    },
    {
     "delta": "221",
     "n": 7
    },
    {
     "delta": "222",
     "n": 46
    },
    {
     "delta": "223",
     "n": 11
    },
    {
     "delta": "224",
     "n": 6
    },
    {
     "delta": "225",
     "n": 6
    },
    {
     "delta": "226",
     "n": 7
    },
    {
     "delta": "227",
     "n": 9
    },
    {
     "delta": "228",
     "n": 9
    },
    {
     "delta": "229",
     "n": 9
    },
    {
     "delta": "230",
     "n": 8
    },
    {
     "delta": "231",
     "n": 15
    },
    {
     "delta": "232",
     "n": 5
    },
    {
     "delta": "233",
     "n": 11
    },
    {
     "delta": "234",
     "n": 3
    },
    {
     "delta": "235",
     "n": 8
    },
    {
     "delta": "236",
     "n": 9
    },
    {
     "delta": "237",
     "n": 7
    },
    {
     "delta": "238",
     "n": 5
    },
    {
     "delta": "239",
     "n": 11
    },
    {
     "delta": "240",
     "n": 5
    },
    {
     "delta": "241",
     "n": 11
    },
    {
     "delta": "242",
     "n": 7
    },
    {
     "delta": "243",
     "n": 14
    },
    {
     "delta": "244",
     "n": 9
    },
    {
     "delta": "245",
     "n": 10
    },
    {
     "delta": "246",
     "n": 10
    },
    {
     "delta": "247",
     "n": 10
    },
    {
     "delta": "248",
     "n": 5
    },
    {
     "delta": "249",
     "n": 9
    },
    {
     "delta": "250",
     "n": 27
    },
    {
     "delta": "251",
     "n": 7
    },
    {
     "delta": "252",
     "n": 6
    },
    {
     "delta": "253",
     "n": 3
    },
    {
     "delta": "254",
     "n": 4
    },
    {
     "delta": "255",
     "n": 9
    },
    {
     "delta": "256",
     "n": 7
    },
    {
     "delta": "257",
     "n": 2
    },
    {
     "delta": "258",
     "n": 4
    },
    {
     "delta": "259",
     "n": 5
    },
    {
     "delta": "260",
     "n": 2
    },
    {
     "delta": "261",
     "n": 2
    },
    {
     "delta": "262",
     "n": 5
    },
    {
     "delta": "263",
     "n": 12
    },
    {
     "delta": "264",
     "n": 12
    },
    {
     "delta": "265",
     "n": 4
    },
    {
     "delta": "266",
     "n": 5
    },
    {
     "delta": "267",
     "n": 3
    },
    {
     "delta": "268",
     "n": 7
    },
    {
     "delta": "269",
     "n": 7
    },
    {
     "delta": "270",
     "n": 7
    },
    {
     "delta": "271",
     "n": 4
    },
    {
     "delta": "272",
     "n": 6
    },
    {
     "delta": "273",
     "n": 6
    },
    {
     "delta": "274",
     "n": 10
    },
    {
     "delta": "275",
     "n": 4
    },
    {
     "delta": "276",
     "n": 6
    },
    {
     "delta": "277",
     "n": 7
    },
    {
     "delta": "278",
     "n": 4
    },
    {
     "delta": "279",
     "n": 8
    },
    {
     "delta": "280",
     "n": 7
    },
    {
     "delta": "281",
     "n": 1
    },
    {
     "delta": "282",
     "n": 1
    },
    {
     "delta": "283",
     "n": 2
    },
    {
     "delta": "284",
     "n": 6
    },
    {
     "delta": "285",
     "n": 4
    },
    {
     "delta": "286",
     "n": 34
    },
    {
     "delta": "287",
     "n": 7
    },
    {
     "delta": "288",
     "n": 4
    },
    {
     "delta": "289",
     "n": 3
    },
    {
     "delta": "290",
     "n": 8
    },
    {
     "delta": "291",
     "n": 6
    },
    {
     "delta": "292",
     "n": 6
    },
    {
     "delta": "293",
     "n": 8
    },
    {
     "delta": "294",
     "n": 4
    },
    {
     "delta": "295",
     "n": 4
    },
    {
     "delta": "296",
     "n": 2
    },
    {
     "delta": "297",
     "n": 5
    },
    {
     "delta": "298",
     "n": 7
    },
    {
     "delta": "299",
     "n": 3
    },
    {
     "delta": "300",
     "n": 5
    },
    {
     "delta": "301",
     "n": 4
    },
    {
     "delta": "302",
     "n": 7
    },
    {
     "delta": "303",
     "n": 2
    },
    {
     "delta": "304",
     "n": 5
    },
    {
     "delta": "305",
     "n": 3
    },
    {
     "delta": "306",
     "n": 6
    },
    {
     "delta": "307",
     "n": 4
    },
    {
     "delta": "308",
     "n": 12
    },
    {
     "delta": "309",
     "n": 4
    },
    {
     "delta": "310",
     "n": 5
    },
    {
     "delta": "311",
     "n": 3
    },
    {
     "delta": "312",
     "n": 2
    },
    {
     "delta": "313",
     "n": 2
    },
    {
     "delta": "314",
     "n": 5
    },
    {
     "delta": "315",
     "n": 4
    },
    {
     "delta": "316",
     "n": 4
    },
    {
     "delta": "317",
     "n": 1
    },
    {
     "delta": "318",
     "n": 5
    },
    {
     "delta": "319",
     "n": 3
    },
    {
     "delta": "320",
     "n": 2
    },
    {
     "delta": "321",
     "n": 4
    },
    {
     "delta": "322",
     "n": 2
    },
    {
     "delta": "323",
     "n": 4
    },
    {
     "delta": "324",
     "n": 5
    },
    {
     "delta": "325",
     "n": 2
    },
    {
     "delta": "326",
     "n": 3
    },
    {
     "delta": "327",
     "n": 2
    },
    {
     "delta": "328",
     "n": 2
    },
    {
     "delta": "329",
     "n": 4
    },
    {
     "delta": "330",
     "n": 1
    },
    {
     "delta": "331",
     "n": 2
    },
    {
     "delta": "333",
     "n": 93
    },
    {
     "delta": "334",
     "n": 3
    },
    {
     "delta": "335",
     "n": 2
    },
    {
     "delta": "336",
     "n": 5
    },
    {
     "delta": "337",
     "n": 1
    },
    {
     "delta": "338",
     "n": 1
    },
    {
     "delta": "339",
     "n": 6
    },
    {
     "delta": "340",
     "n": 2
    },
    {
     "delta": "341",
     "n": 2
    },
    {
     "delta": "342",
     "n": 2
    },
    {
     "delta": "343",
     "n": 1
    },
    {
     "delta": "344",
     "n": 1
    },
    {
     "delta": "346",
     "n": 3
    },
    {
     "delta": "347",
     "n": 3
    },
    {
     "delta": "350",
     "n": 1
    },
    {
     "delta": "351",
     "n": 1
    },
    {
     "delta": "352",
     "n": 4
    },
    {
     "delta": "353",
     "n": 3
    },
    {
     "delta": "354",
     "n": 5
    },
    {
     "delta": "355",
     "n": 7
    },
    {
     "delta": "356",
     "n": 1
    },
    {
     "delta": "357",
     "n": 1
    },
    {
     "delta": "358",
     "n": 2
    },
    {
     "delta": "359",
     "n": 2
    },
    {
     "delta": "360",
     "n": 5
    },
    {
     "delta": "361",
     "n": 1
    },
    {
     "delta": "362",
     "n": 6
    },
    {
     "delta": "363",
     "n": 2
    },
    {
     "delta": "364",
     "n": 9
    },
    {
     "delta": "365",
     "n": 1
    },
    {
     "delta": "366",
     "n": 2
    },
    {
     "delta": "367",
     "n": 3
    },
    {
     "delta": "368",
     "n": 1
    },
    {
     "delta": "369",
     "n": 3
    },
    {
     "delta": "370",
     "n": 4
    },
    {
     "delta": "371",
     "n": 1
    },
    {
     "delta": "372",
     "n": 4
    },
    {
     "delta": "373",
     "n": 2
    },
    {
     "delta": "374",
     "n": 3
    },
    {
     "delta": "375",
     "n": 5
    },
    {
     "delta": "377",
     "n": 6
    },
    {
     "delta": "378",
     "n": 3
    },
    {
     "delta": "379",
     "n": 3
    },
    {
     "delta": "380",
     "n": 1
    },
    {
     "delta": "381",
     "n": 5
    },
    {
     "delta": "382",
     "n": 1
    },
    {
     "delta": "383",
     "n": 2
    },
    {
     "delta": "384",
     "n": 4
    },
    {
     "delta": "385",
     "n": 8
    },
    {
     "delta": "387",
     "n": 4
    },
    {
     "delta": "388",
     "n": 3
    },
    {
     "delta": "389",
     "n": 4
    },
    {
     "delta": "390",
     "n": 5
    },
    {
     "delta": "391",
     "n": 6
    },
    {
     "delta": "392",
     "n": 3
    },
    {
     "delta": "393",
     "n": 3
    },
    {
     "delta": "394",
     "n": 1
    },
    {
     "delta": "396",
     "n": 1
    },
    {
     "delta": "397",
     "n": 2
    },
    {
     "delta": "398",
     "n": 1
    },
    {
     "delta": "399",
     "n": 1
    },
    {
     "delta": "400",
     "n": 11
    },
    {
     "delta": "404",
     "n": 2
    },
    {
     "delta": "405",
     "n": 5
    },
    {
     "delta": "406",
     "n": 1
    },
    {
     "delta": "407",
     "n": 2
    },
    {
     "delta": "408",
     "n": 2
    },
    {
     "delta": "410",
     "n": 1
    },
    {
     "delta": "411",
     "n": 2
    },
    {
     "delta": "412",
     "n": 2
    },
    {
     "delta": "413",
     "n": 3
    },
    {
     "delta": "414",
     "n": 1
    },
    {
     "delta": "415",
     "n": 1
    },
    {
     "delta": "416",
     "n": 1
    },
    {
     "delta": "417",
     "n": 3
    },
    {
     "delta": "418",
     "n": 1
    },
    {
     "delta": "419",
     "n": 4
    },
    {
     "delta": "420",
     "n": 1
    },
    {
     "delta": "421",
     "n": 4
    },
    {
     "delta": "422",
     "n": 2
    },
    {
     "delta": "423",
     "n": 2
    },
    {
     "delta": "424",
     "n": 2
    },
    {
     "delta": "425",
     "n": 2
    },
    {
     "delta": "427",
     "n": 3
    },
    {
     "delta": "428",
     "n": 2
    },
    {
     "delta": "429",
     "n": 10
    },
    {
     "delta": "430",
     "n": 4
    },
    {
     "delta": "431",
     "n": 2
    },
    {
     "delta": "432",
     "n": 4
    },
    {
     "delta": "433",
     "n": 3
    },
    {
     "delta": "434",
     "n": 3
    },
    {
     "delta": "435",
     "n": 2
    },
    {
     "delta": "437",
     "n": 2
    },
    {
     "delta": "439",
     "n": 1
    },
    {
     "delta": "440",
     "n": 1
    },
    {
     "delta": "442",
     "n": 3
    },
    {
     "delta": "443",
     "n": 2
    },
    {
     "delta": "444",
     "n": 5
    },
    {
     "delta": "445",
     "n": 1
    },
    {
     "delta": "446",
     "n": 1
    },
    {
     "delta": "447",
     "n": 1
    },
    {
     "delta": "448",
     "n": 3
    },
    {
     "delta": "451",
     "n": 1
    },
    {
     "delta": "452",
     "n": 1
    },
    {
     "delta": "454",
     "n": 2
    },
    {
     "delta": "455",
     "n": 3
    },
    {
     "delta": "456",
     "n": 1
    },
    {
     "delta": "457",
     "n": 1
    },
    {
     "delta": "458",
     "n": 2
    },
    {
     "delta": "460",
     "n": 1
    },
    {
     "delta": "462",
     "n": 4
    },
    {
     "delta": "464",
     "n": 1
    },
    {
     "delta": "467",
     "n": 3
    },
    {
     "delta": "468",
     "n": 2
    },
    {
     "delta": "469",
     "n": 2
    },
    {
     "delta": "471",
     "n": 1
    },
    {
     "delta": "472",
     "n": 2
    },
    {
     "delta": "474",
     "n": 4
    },
    {
     "delta": "478",
     "n": 2
    },
    {
     "delta": "480",
     "n": 1
    },
    {
     "delta": "482",
     "n": 1
    },
    {
     "delta": "483",
     "n": 3
    },
    {
     "delta": "484",
     "n": 1
    },
    {
     "delta": "485",
     "n": 2
    },
    {
     "delta": "486",
     "n": 2
    },
    {
     "delta": "487",
     "n": 1
    },
    {
     "delta": "488",
     "n": 2
    },
    {
     "delta": "489",
     "n": 3
    },
    {
     "delta": "490",
     "n": 1
    },
    {
     "delta": "491",
     "n": 4
    },
    {
     "delta": "492",
     "n": 2
    },
    {
     "delta": "493",
     "n": 1
    },
    {
     "delta": "494",
     "n": 2
    },
    {
     "delta": "495",
     "n": 1
    },
    {
     "delta": "496",
     "n": 1
    },
    {
     "delta": "497",
     "n": 4
    },
    {
     "delta": "498",
     "n": 1
    },
    {
     "delta": "499",
     "n": 2
    },
    {
     "delta": "500",
     "n": 6
    },
    {
     "delta": "501",
     "n": 2
    },
    {
     "delta": "502",
     "n": 1
    },
    {
     "delta": "503",
     "n": 1
    },
    {
     "delta": "505",
     "n": 2
    },
    {
     "delta": "508",
     "n": 2
    },
    {
     "delta": "509",
     "n": 1
    },
    {
     "delta": "511",
     "n": 2
    },
    {
     "delta": "512",
     "n": 4
    },
    {
     "delta": "514",
     "n": 1
    },
    {
     "delta": "516",
     "n": 2
    },
    {
     "delta": "518",
     "n": 1
    },
    {
     "delta": "519",
     "n": 1
    },
    {
     "delta": "523",
     "n": 1
    },
    {
     "delta": "524",
     "n": 1
    },
    {
     "delta": "525",
     "n": 1
    },
    {
     "delta": "526",
     "n": 2
    },
    {
     "delta": "534",
     "n": 1
    },
    {
     "delta": "536",
     "n": 1
    },
    {
     "delta": "537",
     "n": 1
    },
    {
     "delta": "538",
     "n": 1
    },
    {
     "delta": "542",
     "n": 4
    },
    {
     "delta": "543",
     "n": 1
    },
    {
     "delta": "544",
     "n": 1
    },
    {
     "delta": "545",
     "n": 2
    },
    {
     "delta": "548",
     "n": 2
    },
    {
     "delta": "553",
     "n": 1
    },
    {
     "delta": "555",
     "n": 1
    },
    {
     "delta": "556",
     "n": 2
    },
    {
     "delta": "560",
     "n": 1
    },
    {
     "delta": "562",
     "n": 1
    },
    {
     "delta": "571",
     "n": 3
    },
    {
     "delta": "572",
     "n": 1
    },
    {
     "delta": "573",
     "n": 1
    },
    {
     "delta": "576",
     "n": 1
    },
    {
     "delta": "577",
     "n": 1
    },
    {
     "delta": "592",
     "n": 1
    },
    {
     "delta": "593",
     "n": 1
    },
    {
     "delta": "594",
     "n": 1
    },
    {
     "delta": "595",
     "n": 1
    },
    {
     "delta": "596",
     "n": 1
    },
    {
     "delta": "599",
     "n": 1
    },
    {
     "delta": "600",
     "n": 1
    },
    {
     "delta": "601",
     "n": 1
    },
    {
     "delta": "607",
     "n": 1
    },
    {
     "delta": "610",
     "n": 1
    },
    {
     "delta": "614",
     "n": 1
    },
    {
     "delta": "615",
     "n": 1
    },
    {
     "delta": "616",
     "n": 1
    },
    {
     "delta": "622",
     "n": 1
    },
    {
     "delta": "626",
     "n": 1
    },
    {
     "delta": "634",
     "n": 1
    },
    {
     "delta": "636",
     "n": 2
    },
    {
     "delta": "641",
     "n": 1
    },
    {
     "delta": "646",
     "n": 1
    },
    {
     "delta": "648",
     "n": 1
    },
    {
     "delta": "652",
     "n": 1
    },
    {
     "delta": "657",
     "n": 1
    },
    {
     "delta": "660",
     "n": 1
    },
    {
     "delta": "664",
     "n": 1
    },
    {
     "delta": "667",
     "n": 4
    },
    {
     "delta": "669",
     "n": 1
    },
    {
     "delta": "673",
     "n": 1
    },
    {
     "delta": "677",
     "n": 2
    },
    {
     "delta": "678",
     "n": 1
    },
    {
     "delta": "684",
     "n": 1
    },
    {
     "delta": "689",
     "n": 1
    },
    {
     "delta": "692",
     "n": 1
    },
    {
     "delta": "693",
     "n": 1
    },
    {
     "delta": "694",
     "n": 1
    },
    {
     "delta": "702",
     "n": 1
    },
    {
     "delta": "706",
     "n": 2
    },
    {
     "delta": "712",
     "n": 1
    },
    {
     "delta": "713",
     "n": 1
    },
    {
     "delta": "718",
     "n": 1
    },
    {
     "delta": "726",
     "n": 1
    },
    {
     "delta": "746",
     "n": 1
    },
    {
     "delta": "758",
     "n": 1
    },
    {
     "delta": "769",
     "n": 1
    },
    {
     "delta": "774",
     "n": 1
    },
    {
     "delta": "785",
     "n": 1
    },
    {
     "delta": "800",
     "n": 1
    },
    {
     "delta": "811",
     "n": 1
    },
    {
     "delta": "818",
     "n": 1
    },
    {
     "delta": "821",
     "n": 1
    },
    {
     "delta": "829",
     "n": 2
    },
    {
     "delta": "831",
     "n": 1
    },
    {
     "delta": "856",
     "n": 1
    },
    {
     "delta": "858",
     "n": 1
    },
    {
     "delta": "859",
     "n": 1
    },
    {
     "delta": "865",
     "n": 1
    },
    {
     "delta": "872",
     "n": 1
    },
    {
     "delta": "884",
     "n": 1
    },
    {
     "delta": "888",
     "n": 1
    },
    {
     "delta": "965",
     "n": 1
    },
    {
     "delta": "974",
     "n": 1
    },
    {
     "delta": "977",
     "n": 1
    },
    {
     "delta": "982",
     "n": 1
    },
    {
     "delta": "983",
     "n": 1
    },
    {
     "delta": "993",
     "n": 1
    },
    {
     "delta": "1000",
     "n": 3
    },
    {
     "delta": "1040",
     "n": 1
    },
    {
     "delta": "1050",
     "n": 1
    },
    {
     "delta": "1059",
     "n": 1
    },
    {
     "delta": "1063",
     "n": 1
    },
    {
     "delta": "1066",
     "n": 1
    },
    {
     "delta": "1067",
     "n": 1
    },
    {
     "delta": "1090",
     "n": 1
    },
    {
     "delta": "1128",
     "n": 1
    },
    {
     "delta": "1158",
     "n": 1
    },
    {
     "delta": "1186",
     "n": 1
    },
    {
     "delta": "1234",
     "n": 1
    },
    {
     "delta": "1333",
     "n": 2
    },
    {
     "delta": "1386",
     "n": 1
    },
    {
     "delta": "1390",
     "n": 1
    },
    {
     "delta": "1453",
     "n": 1
    },
    {
     "delta": "1678",
     "n": 1
    },
    {
     "delta": "1795",
     "n": 1
    },
    {
     "delta": "1835",
     "n": 1
    },
    {
     "delta": "2667",
     "n": 1
    },
    {
     "delta": "2907",
     "n": 1
    },
    {
     "delta": "5347",
     "n": 1
    },
    {
     "delta": "85000",
     "n": 1
    },
    {
     "delta": null,
     "n": 66
    }
   ],
   "examples": [
    {
     "key": "1",
     "l2": "0.44795918367346943",
     "l9": "0.44800000171428567",
     "bq": "0.44800000171428567",
     "bucket": "B"
    },
    {
     "key": "2",
     "l2": "0.47294964028776976",
     "l9": "0.47300000116546764",
     "bq": "0.47300000116546764",
     "bucket": "B"
    },
    {
     "key": "3",
     "l2": "0.41007194244604317",
     "l9": "0.4100000020143885",
     "bq": "0.4100000020143885",
     "bucket": "B"
    },
    {
     "key": "4",
     "l2": "0.47101851851851856",
     "l9": "0.4710000008333333",
     "bq": "0.4710000008333333",
     "bucket": "B"
    },
    {
     "key": "5",
     "l2": "0.4429787234042553",
     "l9": "0.4430000013723404",
     "bq": "0.4430000013723404",
     "bucket": "B"
    }
   ],
   "invariants": {
    "identical+A+B+C=rows_compared": true,
    "A+B+C=raw_differ": true,
    "B+C=cents_differ": true
   },
   "c_analysis": {
    "lineage": "derived",
    "sql_line": "models/marts/mart_product_performance.sql:43: {{ safe_divide('sales.gross_margin', 'sales.gross_revenue') }}      as gross_margin_rate,",
    "l9_minus_bq": [],
    "max_abs_l9_minus_bq": 0.0,
    "c_rows": [],
    "verdict": "no C rows"
   },
   "l9_not_bq": {
    "rows": 0,
    "by_bucket": {},
    "detail": []
   }
  },
  {
   "model": "mart_product_performance",
   "column": "gross_revenue",
   "key": "product_id",
   "compare": "money_type(); delta in dollars, at cents",
   "rows_compared": 29120,
   "cents_differ": 0,
   "raw_differ": 15640,
   "identical": 13480,
   "A": 15640,
   "B": 0,
   "C": 0,
   "l9_equals_bq": 29120,
   "null_both": 0,
   "null_one_side": 0,
   "delta_distribution": [
    {
     "delta": "0.00",
     "n": 29120
    }
   ],
   "examples": [
    {
     "key": "13",
     "l2": "383.50",
     "l9": "383.499984740",
     "bq": "383.499984740",
     "bucket": "A"
    },
    {
     "key": "16",
     "l2": "164.75",
     "l9": "164.750003815",
     "bq": "164.750003815",
     "bucket": "A"
    },
    {
     "key": "20",
     "l2": "317.00",
     "l9": "317.000007630",
     "bq": "317.000007630",
     "bucket": "A"
    },
    {
     "key": "28",
     "l2": "301.98",
     "l9": "301.980010986",
     "bq": "301.980010986",
     "bucket": "A"
    },
    {
     "key": "31",
     "l2": "289.75",
     "l9": "289.750003815",
     "bq": "289.750003815",
     "bucket": "A"
    }
   ],
   "invariants": {
    "identical+A+B+C=rows_compared": true,
    "A+B+C=raw_differ": true,
    "B+C=cents_differ": true
   },
   "c_analysis": {
    "lineage": "derived",
    "sql_line": "models/marts/mart_product_performance.sql:40: sales.gross_revenue,",
    "l9_minus_bq": [],
    "max_abs_l9_minus_bq": 0.0,
    "c_rows": [],
    "verdict": "no C rows"
   },
   "l9_not_bq": {
    "rows": 0,
    "by_bucket": {},
    "detail": []
   }
  },
  {
   "model": "mart_product_performance",
   "column": "retail_price",
   "key": "product_id",
   "compare": "money_type(); delta in dollars, at cents",
   "rows_compared": 29120,
   "cents_differ": 0,
   "raw_differ": 15675,
   "identical": 13445,
   "A": 15675,
   "B": 0,
   "C": 0,
   "l9_equals_bq": 29120,
   "null_both": 0,
   "null_one_side": 0,
   "delta_distribution": [
    {
     "delta": "0.00",
     "n": 29120
    }
   ],
   "examples": [
    {
     "key": "13",
     "l2": "76.70",
     "l9": "76.699996948",
     "bq": "76.699996948",
     "bucket": "A"
    },
    {
     "key": "16",
     "l2": "32.95",
     "l9": "32.950000763",
     "bq": "32.950000763",
     "bucket": "A"
    },
    {
     "key": "20",
     "l2": "63.40",
     "l9": "63.400001526",
     "bq": "63.400001526",
     "bucket": "A"
    },
    {
     "key": "28",
     "l2": "150.99",
     "l9": "150.990005493",
     "bq": "150.990005493",
     "bucket": "A"
    },
    {
     "key": "31",
     "l2": "57.95",
     "l9": "57.950000763",
     "bq": "57.950000763",
     "bucket": "A"
    }
   ],
   "invariants": {
    "identical+A+B+C=rows_compared": true,
    "A+B+C=raw_differ": true,
    "B+C=cents_differ": true
   },
   "c_analysis": {
    "lineage": "direct cast",
    "source": "thelook_ecommerce.products.retail_price",
    "sql_line": "models/marts/mart_product_performance.sql:38: products.retail_price,",
    "lineage_check": {
     "n": 29120,
     "l2_not_cast": 0,
     "l9_not_cast": 0,
     "bq_not_cast9": 0
    },
    "c_rows": [],
    "base_explains": 0,
    "verdict": "no C rows"
   },
   "l9_not_bq": {
    "rows": 0,
    "by_bucket": {},
    "detail": []
   }
  },
  {
   "model": "mart_product_performance",
   "column": "total_cost",
   "key": "product_id",
   "compare": "money_type(); delta in dollars, at cents",
   "rows_compared": 29120,
   "cents_differ": 21107,
   "raw_differ": 28969,
   "identical": 151,
   "A": 7862,
   "B": 21107,
   "C": 0,
   "l9_equals_bq": 29120,
   "null_both": 0,
   "null_one_side": 0,
   "delta_distribution": [
    {
     "delta": "-0.08",
     "n": 3
    },
    {
     "delta": "-0.07",
     "n": 14
    },
    {
     "delta": "-0.06",
     "n": 78
    },
    {
     "delta": "-0.05",
     "n": 300
    },
    {
     "delta": "-0.04",
     "n": 965
    },
    {
     "delta": "-0.03",
     "n": 2052
    },
    {
     "delta": "-0.02",
     "n": 3454
    },
    {
     "delta": "-0.01",
     "n": 4043
    },
    {
     "delta": "0.00",
     "n": 8013
    },
    {
     "delta": "0.01",
     "n": 4059
    },
    {
     "delta": "0.02",
     "n": 3173
    },
    {
     "delta": "0.03",
     "n": 1812
    },
    {
     "delta": "0.04",
     "n": 831
    },
    {
     "delta": "0.05",
     "n": 245
    },
    {
     "delta": "0.06",
     "n": 61
    },
    {
     "delta": "0.07",
     "n": 14
    },
    {
     "delta": "0.08",
     "n": 3
    }
   ],
   "examples": [
    {
     "key": "1",
     "l2": "189.35",
     "l9": "189.335999412",
     "bq": "189.335999412",
     "bucket": "B"
    },
    {
     "key": "2",
     "l2": "73.26",
     "l9": "73.252999838",
     "bq": "73.252999838",
     "bucket": "B"
    },
    {
     "key": "3",
     "l2": "246.00",
     "l9": "246.029999160",
     "bq": "246.029999160",
     "bucket": "B"
    },
    {
     "key": "4",
     "l2": "342.78",
     "l9": "342.791999460",
     "bq": "342.791999460",
     "bucket": "B"
    },
    {
     "key": "5",
     "l2": "314.16",
     "l9": "314.147999226",
     "bq": "314.147999226",
     "bucket": "B"
    }
   ],
   "invariants": {
    "identical+A+B+C=rows_compared": true,
    "A+B+C=raw_differ": true,
    "B+C=cents_differ": true
   },
   "c_analysis": {
    "lineage": "derived",
    "sql_line": "models/marts/mart_product_performance.sql:41: sales.total_cost,",
    "l9_minus_bq": [],
    "max_abs_l9_minus_bq": 0.0,
    "c_rows": [],
    "verdict": "no C rows"
   },
   "l9_not_bq": {
    "rows": 0,
    "by_bucket": {},
    "detail": []
   }
  },
  {
   "model": "mart_product_performance",
   "column": "unit_cost",
   "key": "product_id",
   "compare": "money_type(); delta in dollars, at cents",
   "rows_compared": 29120,
   "cents_differ": 1,
   "raw_differ": 29035,
   "identical": 85,
   "A": 29034,
   "B": 1,
   "C": 0,
   "l9_equals_bq": 29120,
   "null_both": 0,
   "null_one_side": 0,
   "delta_distribution": [
    {
     "delta": "0.00",
     "n": 29119
    },
    {
     "delta": "0.01",
     "n": 1
    }
   ],
   "examples": [
    {
     "key": "9500",
     "l2": "6.64",
     "l9": "6.645000000",
     "bq": "6.645000000",
     "bucket": "B"
    }
   ],
   "invariants": {
    "identical+A+B+C=rows_compared": true,
    "A+B+C=raw_differ": true,
    "B+C=cents_differ": true
   },
   "c_analysis": {
    "lineage": "direct cast",
    "source": "thelook_ecommerce.products.cost",
    "sql_line": "models/marts/mart_product_performance.sql:37: products.cost                                                       as unit_cost,",
    "lineage_check": {
     "n": 29120,
     "l2_not_cast": 0,
     "l9_not_cast": 0,
     "bq_not_cast9": 0
    },
    "c_rows": [],
    "base_explains": 0,
    "verdict": "no C rows"
   },
   "l9_not_bq": {
    "rows": 0,
    "by_bucket": {},
    "detail": []
   }
  }
 ],
 "totals": {
  "identical": 27469,
  "A": 80466,
  "B": 66785,
  "C": 0
 }
}
