{
 "model": "int_products__sales",
 "key": "product_id",
 "other_unique_keys": [],
 "join": {
  "per_leg": {
   "l2": {
    "n": 29120,
    "null_keys": 0,
    "dup_keys": 0
   },
   "l9": {
    "n": 29120,
    "null_keys": 0,
    "dup_keys": 0
   },
   "bq": {
    "n": 29120,
    "null_keys": 0,
    "dup_keys": 0
   }
  },
  "joined": 29120,
  "matched": 29120,
  "unmatched": 0,
  "other_keys_disagree": {},
  "ok": true
 },
 "pull": {
  "via": "bigquery_query",
  "relation_type": "VIEW",
  "dry_run_bytes": 17212256,
  "wall_s": 7.55,
  "types": {
   "product_id": "BIGINT",
   "gross_margin": "DECIMAL(38,9)",
   "gross_revenue": "DECIMAL(38,9)",
   "total_cost": "DECIMAL(38,9)"
  },
  "transfer_proof": "equal"
 },
 "columns": [
  {
   "model": "int_products__sales",
   "column": "gross_margin",
   "key": "product_id",
   "compare": "money_type(); delta in dollars, at cents",
   "rows_compared": 29120,
   "cents_differ": 21107,
   "raw_differ": 28969,
   "identical": 151,
   "A": 7862,
   "B": 21107,
   "C": 0,
   "l9_equals_bq": 29120,
   "null_both": 0,
   "null_one_side": 0,
   "delta_distribution": [
    {
     "delta": "-0.08",
     "n": 3
    },
    {
     "delta": "-0.07",
     "n": 15
    },
    {
     "delta": "-0.06",
     "n": 60
    },
    {
     "delta": "-0.05",
     "n": 248
    },
    {
     "delta": "-0.04",
     "n": 833
    },
    {
     "delta": "-0.03",
     "n": 1813
    },
    {
     "delta": "-0.02",
     "n": 3171
    },
    {
     "delta": "-0.01",
     "n": 4056
    },
    {
     "delta": "0.00",
     "n": 8013
    },
    {
     "delta": "0.01",
     "n": 4034
    },
    {
     "delta": "0.02",
     "n": 3455
    },
    {
     "delta": "0.03",
     "n": 2050
    },
    {
     "delta": "0.04",
     "n": 971
    },
    {
     "delta": "0.05",
     "n": 303
    },
    {
     "delta": "0.06",
     "n": 78
    },
    {
     "delta": "0.07",
     "n": 14
    },
    {
     "delta": "0.08",
     "n": 3
    }
   ],
   "examples": [
    {
     "key": "1",
     "l2": "153.65",
     "l9": "153.664000588",
     "bq": "153.664000588",
     "bucket": "B"
    },
    {
     "key": "2",
     "l2": "65.74",
     "l9": "65.747000162",
     "bq": "65.747000162",
     "bucket": "B"
    },
    {
     "key": "3",
     "l2": "171.00",
     "l9": "170.970000840",
     "bq": "170.970000840",
     "bucket": "B"
    },
    {
     "key": "4",
     "l2": "305.22",
     "l9": "305.208000540",
     "bq": "305.208000540",
     "bucket": "B"
    },
    {
     "key": "5",
     "l2": "249.84",
     "l9": "249.852000774",
     "bq": "249.852000774",
     "bucket": "B"
    }
   ],
   "invariants": {
    "identical+A+B+C=rows_compared": true,
    "A+B+C=raw_differ": true,
    "B+C=cents_differ": true
   },
   "c_analysis": {
    "lineage": "derived",
    "sql_line": "models/intermediate/int_products__sales.sql:32: cast(coalesce(sales.gross_margin, 0) as {{ money_type() }})     as gross_margin,",
    "l9_minus_bq": [],
    "max_abs_l9_minus_bq": 0.0,
    "c_rows": [],
    "verdict": "no C rows"
   },
   "l9_not_bq": {
    "rows": 0,
    "by_bucket": {},
    "detail": []
   }
  },
  {
   "model": "int_products__sales",
   "column": "gross_revenue",
   "key": "product_id",
   "compare": "money_type(); delta in dollars, at cents",
   "rows_compared": 29120,
   "cents_differ": 0,
   "raw_differ": 15640,
   "identical": 13480,
   "A": 15640,
   "B": 0,
   "C": 0,
   "l9_equals_bq": 29120,
   "null_both": 0,
   "null_one_side": 0,
   "delta_distribution": [
    {
     "delta": "0.00",
     "n": 29120
    }
   ],
   "examples": [
    {
     "key": "13",
     "l2": "383.50",
     "l9": "383.499984740",
     "bq": "383.499984740",
     "bucket": "A"
    },
    {
     "key": "16",
     "l2": "164.75",
     "l9": "164.750003815",
     "bq": "164.750003815",
     "bucket": "A"
    },
    {
     "key": "20",
     "l2": "317.00",
     "l9": "317.000007630",
     "bq": "317.000007630",
     "bucket": "A"
    },
    {
     "key": "28",
     "l2": "301.98",
     "l9": "301.980010986",
     "bq": "301.980010986",
     "bucket": "A"
    },
    {
     "key": "31",
     "l2": "289.75",
     "l9": "289.750003815",
     "bq": "289.750003815",
     "bucket": "A"
    }
   ],
   "invariants": {
    "identical+A+B+C=rows_compared": true,
    "A+B+C=raw_differ": true,
    "B+C=cents_differ": true
   },
   "c_analysis": {
    "lineage": "derived",
    "sql_line": "models/intermediate/int_products__sales.sql:30: cast(coalesce(sales.gross_revenue, 0) as {{ money_type() }})    as gross_revenue,",
    "l9_minus_bq": [],
    "max_abs_l9_minus_bq": 0.0,
    "c_rows": [],
    "verdict": "no C rows"
   },
   "l9_not_bq": {
    "rows": 0,
    "by_bucket": {},
    "detail": []
   }
  },
  {
   "model": "int_products__sales",
   "column": "total_cost",
   "key": "product_id",
   "compare": "money_type(); delta in dollars, at cents",
   "rows_compared": 29120,
   "cents_differ": 21107,
   "raw_differ": 28969,
   "identical": 151,
   "A": 7862,
   "B": 21107,
   "C": 0,
   "l9_equals_bq": 29120,
   "null_both": 0,
   "null_one_side": 0,
   "delta_distribution": [
    {
     "delta": "-0.08",
     "n": 3
    },
    {
     "delta": "-0.07",
     "n": 14
    },
    {
     "delta": "-0.06",
     "n": 78
    },
    {
     "delta": "-0.05",
     "n": 300
    },
    {
     "delta": "-0.04",
     "n": 965
    },
    {
     "delta": "-0.03",
     "n": 2052
    },
    {
     "delta": "-0.02",
     "n": 3454
    },
    {
     "delta": "-0.01",
     "n": 4043
    },
    {
     "delta": "0.00",
     "n": 8013
    },
    {
     "delta": "0.01",
     "n": 4059
    },
    {
     "delta": "0.02",
     "n": 3173
    },
    {
     "delta": "0.03",
     "n": 1812
    },
    {
     "delta": "0.04",
     "n": 831
    },
    {
     "delta": "0.05",
     "n": 245
    },
    {
     "delta": "0.06",
     "n": 61
    },
    {
     "delta": "0.07",
     "n": 14
    },
    {
     "delta": "0.08",
     "n": 3
    }
   ],
   "examples": [
    {
     "key": "1",
     "l2": "189.35",
     "l9": "189.335999412",
     "bq": "189.335999412",
     "bucket": "B"
    },
    {
     "key": "2",
     "l2": "73.26",
     "l9": "73.252999838",
     "bq": "73.252999838",
     "bucket": "B"
    },
    {
     "key": "3",
     "l2": "246.00",
     "l9": "246.029999160",
     "bq": "246.029999160",
     "bucket": "B"
    },
    {
     "key": "4",
     "l2": "342.78",
     "l9": "342.791999460",
     "bq": "342.791999460",
     "bucket": "B"
    },
    {
     "key": "5",
     "l2": "314.16",
     "l9": "314.147999226",
     "bq": "314.147999226",
     "bucket": "B"
    }
   ],
   "invariants": {
    "identical+A+B+C=rows_compared": true,
    "A+B+C=raw_differ": true,
    "B+C=cents_differ": true
   },
   "c_analysis": {
    "lineage": "derived",
    "sql_line": "models/intermediate/int_products__sales.sql:31: cast(coalesce(sales.total_cost, 0) as {{ money_type() }})       as total_cost,",
    "l9_minus_bq": [],
    "max_abs_l9_minus_bq": 0.0,
    "c_rows": [],
    "verdict": "no C rows"
   },
   "l9_not_bq": {
    "rows": 0,
    "by_bucket": {},
    "detail": []
   }
  }
 ],
 "totals": {
  "identical": 13782,
  "A": 31364,
  "B": 42214,
  "C": 0
 }
}
