# of-record relation coreychimpbot.experiments_dev (2026-09-27T21:32:43+0200) vs today
# row counts: recorded (duckdb, bigquery) | of-record BigQuery now | L2 now
  dim_distribution_centers           {'duckdb': 10, 'bigquery': 10} | 10 | 10
  dim_products                       {'duckdb': 29120, 'bigquery': 29120} | 29120 | 29120
  dim_users                          {'duckdb': 100000, 'bigquery': 100000} | 100000 | 100000
  fct_inventory_items                {'duckdb': 489625, 'bigquery': 489625} | 489625 | 492226
  fct_order_items                    {'duckdb': 181313, 'bigquery': 181313} | 181313 | 182483
  fct_orders                         {'duckdb': 124952, 'bigquery': 124952} | 124952 | 125545
  int_cohorts__user_months           {'duckdb': 120667, 'bigquery': 120667} | 121219 | 121219
  int_inventory__by_product_center   {'duckdb': 29059, 'bigquery': 29059} | 29054 | 29054
  int_inventory_items__enriched      {'duckdb': 489625, 'bigquery': 489625} | 492226 | 492226
  int_order_items__enriched          {'duckdb': 181313, 'bigquery': 181313} | 182483 | 182483
  int_orders__daily                  {'duckdb': 2761, 'bigquery': 2761} | 2773 | 2773
  int_orders__item_rollup            {'duckdb': 124952, 'bigquery': 124952} | 125545 | 125545
  int_products__sales                {'duckdb': 29120, 'bigquery': 29120} | 29120 | 29120
  int_users__lifetime_orders         {'duckdb': 100000, 'bigquery': 100000} | 100000 | 100000
  mart_cohort_retention              {'duckdb': 3824, 'bigquery': 3824} | 3824 | 3871
  mart_customer_summary              {'duckdb': 100000, 'bigquery': 100000} | 100000 | 100000
  mart_daily_revenue                 {'duckdb': 2761, 'bigquery': 2761} | 2761 | 2773
  mart_product_performance           {'duckdb': 29120, 'bigquery': 29120} | 29120 | 29120
  stg_thelook__inventory_items       {'duckdb': 489625, 'bigquery': 489625} | 492226 | 492226
  stg_thelook__order_items           {'duckdb': 181313, 'bigquery': 181313} | 182483 | 182483
  stg_thelook__products              {'duckdb': 29120, 'bigquery': 29120} | 29120 | 29120

leg      model                              column                   check                            recorded                now  ok
bigquery dim_distribution_centers           open_inventory_value     column_checksum               23201461081        23201461081  ok
duckdb   dim_distribution_centers           open_inventory_value     column_checksum               22283009281        26429039264  MISMATCH
bigquery dim_products                       gross_margin             column_checksum            62914816276488     62914816276488  ok
bigquery dim_products                       gross_margin             column_distinct_count               28592              28592  ok
bigquery dim_products                       gross_revenue            column_checksum            61654208232274     61654208232274  ok
bigquery dim_products                       gross_revenue            column_distinct_count                8915               8915  ok
bigquery dim_products                       retail_price             column_checksum            60862284818697     60862284818697  ok
bigquery dim_products                       unit_cost                column_checksum            62840061372025     62840061372025  ok
bigquery dim_products                       unit_cost                column_distinct_count               26375              26375  ok
duckdb   dim_products                       gross_margin             column_checksum            62071373939761     62196937057056  MISMATCH
duckdb   dim_products                       gross_margin             column_distinct_count               15775              15714  MISMATCH
duckdb   dim_products                       gross_revenue            column_checksum            61792168214608     61981474198976  MISMATCH
duckdb   dim_products                       gross_revenue            column_distinct_count                8149               8204  MISMATCH
duckdb   dim_products                       retail_price             column_checksum            61217180993459     61217180993459  ok
duckdb   dim_products                       unit_cost                column_checksum            61429156578190     61429156578190  ok
duckdb   dim_products                       unit_cost                column_distinct_count                7435               7435  ok
bigquery dim_users                          lifetime_gross_margin    column_checksum           242116745207772    242116745207772  ok
bigquery dim_users                          lifetime_gross_margin    column_distinct_count               63999              63999  ok
bigquery dim_users                          lifetime_gross_revenue   column_checksum           239160690763884    239160690763884  ok
bigquery dim_users                          lifetime_gross_revenue   column_distinct_count               32548              32548  ok
duckdb   dim_users                          lifetime_gross_margin    column_checksum           240619084682153    240517130767922  MISMATCH
duckdb   dim_users                          lifetime_gross_margin    column_distinct_count               20430              20617  MISMATCH
duckdb   dim_users                          lifetime_gross_revenue   column_checksum           239637566782372    239676876500209  MISMATCH
duckdb   dim_users                          lifetime_gross_revenue   column_distinct_count               22839              23038  MISMATCH
bigquery fct_inventory_items                product_retail_price     column_checksum          1022114172626907   1022114172626907  ok
bigquery fct_inventory_items                unit_cost                column_checksum          1055431879054382   1055431879054382  ok
bigquery fct_inventory_items                unit_cost                column_distinct_count               26321              26321  ok
duckdb   fct_inventory_items                product_retail_price     column_checksum          1026499536827527   1033719678309565  MISMATCH
duckdb   fct_inventory_items                unit_cost                column_checksum          1034642813736075   1040187569323442  MISMATCH
duckdb   fct_inventory_items                unit_cost                column_distinct_count                7430               7425  MISMATCH
bigquery fct_order_items                    gross_margin             column_checksum           393165278640127    393165278640127  ok
bigquery fct_order_items                    gross_margin             column_distinct_count               26327              26327  ok
bigquery fct_order_items                    product_cost             column_checksum           390815752803681    390815752803681  ok
bigquery fct_order_items                    product_cost             column_distinct_count               26321              26321  ok
bigquery fct_order_items                    product_retail_price     column_checksum           378446448118162    378446448118162  ok
bigquery fct_order_items                    sale_price               column_checksum           378446448118162    378446448118162  ok
duckdb   fct_order_items                    gross_margin             column_checksum           384419711737598    386952414615163  MISMATCH
duckdb   fct_order_items                    gross_margin             column_distinct_count                7795               7789  MISMATCH
duckdb   fct_order_items                    product_cost             column_checksum           383022704152535    385533893502497  MISMATCH
duckdb   fct_order_items                    product_cost             column_distinct_count                7430               7425  MISMATCH
duckdb   fct_order_items                    product_retail_price     column_checksum           380112329639468    383190907577063  MISMATCH
duckdb   fct_order_items                    sale_price               column_checksum           380112329639468    383190907577063  MISMATCH
bigquery fct_orders                         gross_margin             column_checksum           270194618483712    270194618483712  ok
bigquery fct_orders                         gross_margin             column_distinct_count               62653              62653  ok
bigquery fct_orders                         gross_revenue            column_checksum           263058874940641    263058874940641  ok
bigquery fct_orders                         gross_revenue            column_distinct_count               24368              24368  ok
bigquery fct_orders                         total_cost               column_checksum           269118450843195    269118450843195  ok
bigquery fct_orders                         total_cost               column_distinct_count               62651              62651  ok
duckdb   fct_orders                         gross_margin             column_checksum           266014149981773    266990321267762  MISMATCH
duckdb   fct_orders                         gross_margin             column_distinct_count               16475              16452  MISMATCH
duckdb   fct_orders                         gross_revenue            column_checksum           263699553937060    265499785215102  MISMATCH
duckdb   fct_orders                         gross_revenue            column_distinct_count               17110              17243  MISMATCH
duckdb   fct_orders                         total_cost               column_checksum           264589331507992    266184113589471  MISMATCH
duckdb   fct_orders                         total_cost               column_distinct_count               15447              15492  MISMATCH
bigquery int_cohorts__user_months           revenue                  column_checksum           254367365215256    254610389329444  MISMATCH
bigquery int_cohorts__user_months           revenue                  column_distinct_count               25303              25583  MISMATCH
duckdb   int_cohorts__user_months           revenue                  column_checksum           254981614216726    256691863885838  MISMATCH
duckdb   int_cohorts__user_months           revenue                  column_distinct_count               17736              17893  MISMATCH
bigquery int_inventory__by_product_center   open_inventory_value     column_checksum            62609288108011     62214501989068  MISMATCH
bigquery int_inventory__by_product_center   open_inventory_value     column_distinct_count               28793              28770  MISMATCH
bigquery int_inventory__by_product_center   open_retail_value        column_checksum            62051653089784     62440661276094  MISMATCH
bigquery int_inventory__by_product_center   open_retail_value        column_distinct_count               10668              10685  MISMATCH
duckdb   int_inventory__by_product_center   open_inventory_value     column_checksum            62359955421296     61995881618090  MISMATCH
duckdb   int_inventory__by_product_center   open_inventory_value     column_distinct_count               18103              18084  MISMATCH
duckdb   int_inventory__by_product_center   open_retail_value        column_checksum            63175775175438     63227873656369  MISMATCH
duckdb   int_inventory__by_product_center   open_retail_value        column_distinct_count                9887               9913  MISMATCH
bigquery int_inventory_items__enriched      product_retail_price     column_checksum          1022114172626907   1026779033479694  MISMATCH
bigquery int_inventory_items__enriched      unit_cost                column_checksum          1055431879054382   1062769685553863  MISMATCH
bigquery int_inventory_items__enriched      unit_cost                column_distinct_count               26321              26319  MISMATCH
duckdb   int_inventory_items__enriched      product_retail_price     column_checksum          1026499536827527   1033719678309565  MISMATCH
duckdb   int_inventory_items__enriched      unit_cost                column_checksum          1034642813736075   1040187569323442  MISMATCH
duckdb   int_inventory_items__enriched      unit_cost                column_distinct_count                7430               7425  MISMATCH
bigquery int_order_items__enriched          gross_margin             column_checksum           393165278640127    395343459841101  MISMATCH
bigquery int_order_items__enriched          gross_margin             column_distinct_count               26327              26324  MISMATCH
bigquery int_order_items__enriched          product_cost             column_checksum           390815752803681    393886355887699  MISMATCH
bigquery int_order_items__enriched          product_cost             column_distinct_count               26321              26319  MISMATCH
bigquery int_order_items__enriched          sale_price               column_checksum           378446448118162    380649569362133  MISMATCH
duckdb   int_order_items__enriched          gross_margin             column_checksum           384419711737598    386952414615163  MISMATCH
duckdb   int_order_items__enriched          gross_margin             column_distinct_count                7795               7789  MISMATCH
duckdb   int_order_items__enriched          product_cost             column_checksum           383022704152535    385533893502497  MISMATCH
duckdb   int_order_items__enriched          product_cost             column_distinct_count                7430               7425  MISMATCH
duckdb   int_order_items__enriched          sale_price               column_checksum           380112329639468    383190907577063  MISMATCH
bigquery int_orders__daily                  gross_margin             column_checksum             5931633803074      5965433700464  MISMATCH
bigquery int_orders__daily                  gross_margin             column_distinct_count                2761               2773  MISMATCH
bigquery int_orders__daily                  gross_revenue            column_checksum             5960588981096      5923119384600  MISMATCH
bigquery int_orders__daily                  gross_revenue            column_distinct_count                2755               2767  MISMATCH
bigquery int_orders__daily                  total_cost               column_checksum             5961008521556      5913574042708  MISMATCH
bigquery int_orders__daily                  total_cost               column_distinct_count                2761               2773  MISMATCH
duckdb   int_orders__daily                  gross_margin             column_checksum             5913087311132      5954494914157  MISMATCH
duckdb   int_orders__daily                  gross_margin             column_distinct_count                2751               2761  MISMATCH
duckdb   int_orders__daily                  gross_revenue            column_checksum             5925743260407      5901933192991  MISMATCH
duckdb   int_orders__daily                  gross_revenue            column_distinct_count                2746               2761  MISMATCH
duckdb   int_orders__daily                  total_cost               column_checksum             6048634436572      5976373328149  MISMATCH
duckdb   int_orders__daily                  total_cost               column_distinct_count                2744               2761  MISMATCH
bigquery int_orders__item_rollup            gross_margin             column_checksum           270194618483712    270969576022951  MISMATCH
bigquery int_orders__item_rollup            gross_margin             column_distinct_count               62653              62983  MISMATCH
bigquery int_orders__item_rollup            gross_revenue            column_checksum           263058874940641    263573845581595  MISMATCH
bigquery int_orders__item_rollup            gross_revenue            column_distinct_count               24368              24618  MISMATCH
bigquery int_orders__item_rollup            total_cost               column_checksum           269118450843195    270160172184151  MISMATCH
bigquery int_orders__item_rollup            total_cost               column_distinct_count               62651              62980  MISMATCH
duckdb   int_orders__item_rollup            gross_margin             column_checksum           266014149981773    266990321267762  MISMATCH
duckdb   int_orders__item_rollup            gross_margin             column_distinct_count               16475              16452  MISMATCH
duckdb   int_orders__item_rollup            gross_revenue            column_checksum           263699553937060    265499785215102  MISMATCH
duckdb   int_orders__item_rollup            gross_revenue            column_distinct_count               17110              17243  MISMATCH
duckdb   int_orders__item_rollup            total_cost               column_checksum           264589331507992    266184113589471  MISMATCH
duckdb   int_orders__item_rollup            total_cost               column_distinct_count               15447              15492  MISMATCH
bigquery int_products__sales                gross_margin             column_checksum            62914816276488     62741305042170  MISMATCH
bigquery int_products__sales                gross_margin             column_distinct_count               28592              28555  MISMATCH
bigquery int_products__sales                gross_revenue            column_checksum            61654208232274     61977521227774  MISMATCH
bigquery int_products__sales                gross_revenue            column_distinct_count                8915               8959  MISMATCH
bigquery int_products__sales                total_cost               column_checksum            62606713310424     62776514248202  MISMATCH
bigquery int_products__sales                total_cost               column_distinct_count               28593              28549  MISMATCH
duckdb   int_products__sales                gross_margin             column_checksum            62071373939761     62196937057056  MISMATCH
duckdb   int_products__sales                gross_margin             column_distinct_count               15775              15714  MISMATCH
duckdb   int_products__sales                gross_revenue            column_checksum            61792168214608     61981474198976  MISMATCH
duckdb   int_products__sales                gross_revenue            column_distinct_count                8149               8204  MISMATCH
duckdb   int_products__sales                total_cost               column_checksum            62317256526543     62332627477484  MISMATCH
duckdb   int_products__sales                total_cost               column_distinct_count               15278              15315  MISMATCH
bigquery int_users__lifetime_orders         lifetime_gross_margin    column_checksum           242116745207772    242130227607095  MISMATCH
bigquery int_users__lifetime_orders         lifetime_gross_margin    column_distinct_count               63999              63935  MISMATCH
bigquery int_users__lifetime_orders         lifetime_gross_revenue   column_checksum           239160690763884    239095200652017  MISMATCH
bigquery int_users__lifetime_orders         lifetime_gross_revenue   column_distinct_count               32548              32794  MISMATCH
bigquery int_users__lifetime_orders         lifetime_total_cost      column_checksum           241624394261615    241319226971973  MISMATCH
bigquery int_users__lifetime_orders         lifetime_total_cost      column_distinct_count               63996              63918  MISMATCH
duckdb   int_users__lifetime_orders         lifetime_gross_margin    column_checksum           240619084682153    240517130767922  MISMATCH
duckdb   int_users__lifetime_orders         lifetime_gross_margin    column_distinct_count               20430              20617  MISMATCH
duckdb   int_users__lifetime_orders         lifetime_gross_revenue   column_checksum           239637566782372    239676876500209  MISMATCH
duckdb   int_users__lifetime_orders         lifetime_gross_revenue   column_distinct_count               22839              23038  MISMATCH
duckdb   int_users__lifetime_orders         lifetime_total_cost      column_checksum           239672687442497    239657592501877  MISMATCH
duckdb   int_users__lifetime_orders         lifetime_total_cost      column_distinct_count               19461              19577  MISMATCH
bigquery mart_cohort_retention              revenue                  column_checksum             8212667428790      8212667428790  ok
bigquery mart_cohort_retention              revenue                  column_distinct_count                3707               3707  ok
duckdb   mart_cohort_retention              revenue                  column_checksum             8067009559966      8273112552854  MISMATCH
duckdb   mart_cohort_retention              revenue                  column_distinct_count                3655               3686  MISMATCH
bigquery mart_customer_summary              average_order_value      column_checksum           169473505107067    169473505107067  ok
bigquery mart_customer_summary              average_order_value      column_distinct_count               17520              17520  ok
bigquery mart_customer_summary              lifetime_gross_margin    column_checksum           242116745207772    242116745207772  ok
bigquery mart_customer_summary              lifetime_gross_margin    column_distinct_count               63999              63999  ok
bigquery mart_customer_summary              lifetime_gross_revenue   column_checksum           239160690763884    239160690763884  ok
bigquery mart_customer_summary              lifetime_gross_revenue   column_distinct_count               32548              32548  ok
duckdb   mart_customer_summary              average_order_value      column_checksum           169393544312894    169898105085044  MISMATCH
duckdb   mart_customer_summary              average_order_value      column_distinct_count               17469              17620  MISMATCH
duckdb   mart_customer_summary              lifetime_gross_margin    column_checksum           240619084682153    240517130767922  MISMATCH
duckdb   mart_customer_summary              lifetime_gross_margin    column_distinct_count               20430              20617  MISMATCH
duckdb   mart_customer_summary              lifetime_gross_revenue   column_checksum           239637566782372    239676876500209  MISMATCH
duckdb   mart_customer_summary              lifetime_gross_revenue   column_distinct_count               22839              23038  MISMATCH
bigquery mart_daily_revenue                 average_order_value      column_checksum             5917943535719      5917943535719  ok
bigquery mart_daily_revenue                 average_order_value      column_distinct_count                2255               2255  ok
bigquery mart_daily_revenue                 gross_margin             column_checksum             5931633803074      5931633803074  ok
bigquery mart_daily_revenue                 gross_margin             column_distinct_count                2761               2761  ok
bigquery mart_daily_revenue                 gross_revenue            column_checksum             5960588981096      5960588981096  ok
bigquery mart_daily_revenue                 gross_revenue            column_distinct_count                2755               2755  ok
bigquery mart_daily_revenue                 total_cost               column_checksum             5961008521556      5961008521556  ok
bigquery mart_daily_revenue                 total_cost               column_distinct_count                2761               2761  ok
duckdb   mart_daily_revenue                 average_order_value      column_checksum             5900627408969      5944011400696  MISMATCH
duckdb   mart_daily_revenue                 average_order_value      column_distinct_count                2252               2254  MISMATCH
duckdb   mart_daily_revenue                 gross_margin             column_checksum             5913087311132      5954494914157  MISMATCH
duckdb   mart_daily_revenue                 gross_margin             column_distinct_count                2751               2761  MISMATCH
duckdb   mart_daily_revenue                 gross_revenue            column_checksum             5925743260407      5901933192991  MISMATCH
duckdb   mart_daily_revenue                 gross_revenue            column_distinct_count                2746               2761  MISMATCH
duckdb   mart_daily_revenue                 total_cost               column_checksum             6048634436572      5976373328149  MISMATCH
duckdb   mart_daily_revenue                 total_cost               column_distinct_count                2744               2761  MISMATCH
bigquery mart_product_performance           gross_margin             column_checksum            62914816276488     62914816276488  ok
bigquery mart_product_performance           gross_margin             column_distinct_count               28592              28592  ok
bigquery mart_product_performance           gross_margin_rate        column_checksum            61554104818411     61554104818411  ok
bigquery mart_product_performance           gross_margin_rate        column_distinct_count                 328                328  ok
bigquery mart_product_performance           gross_revenue            column_checksum            61654208232274     61654208232274  ok
bigquery mart_product_performance           gross_revenue            column_distinct_count                8915               8915  ok
bigquery mart_product_performance           retail_price             column_checksum            60862284818697     60862284818697  ok
bigquery mart_product_performance           total_cost               column_checksum            62606713310424     62606713310424  ok
bigquery mart_product_performance           total_cost               column_distinct_count               28593              28593  ok
bigquery mart_product_performance           unit_cost                column_checksum            62840061372025     62840061372025  ok
bigquery mart_product_performance           unit_cost                column_distinct_count               26375              26375  ok
duckdb   mart_product_performance           gross_margin             column_checksum            62071373939761     62196937057056  MISMATCH
duckdb   mart_product_performance           gross_margin             column_distinct_count               15775              15714  MISMATCH
duckdb   mart_product_performance           gross_margin_rate        column_checksum            62287631186652     62292841077443  MISMATCH
duckdb   mart_product_performance           gross_margin_rate        column_distinct_count               18699              18693  MISMATCH
duckdb   mart_product_performance           gross_revenue            column_checksum            61792168214608     61981474198976  MISMATCH
duckdb   mart_product_performance           gross_revenue            column_distinct_count                8149               8204  MISMATCH
duckdb   mart_product_performance           retail_price             column_checksum            61217180993459     61217180993459  ok
duckdb   mart_product_performance           total_cost               column_checksum            62317256526543     62332627477484  MISMATCH
duckdb   mart_product_performance           total_cost               column_distinct_count               15278              15315  MISMATCH
duckdb   mart_product_performance           unit_cost                column_checksum            61429156578190     61429156578190  ok
duckdb   mart_product_performance           unit_cost                column_distinct_count                7435               7435  ok
bigquery stg_thelook__inventory_items       cost                     column_checksum          1055431879054382   1062769685553863  MISMATCH
bigquery stg_thelook__inventory_items       cost                     column_distinct_count               26321              26319  MISMATCH
bigquery stg_thelook__inventory_items       product_retail_price     column_checksum          1022114172626907   1026779033479694  MISMATCH
duckdb   stg_thelook__inventory_items       cost                     column_checksum          1034642813736075   1040187569323442  MISMATCH
duckdb   stg_thelook__inventory_items       cost                     column_distinct_count                7430               7425  MISMATCH
duckdb   stg_thelook__inventory_items       product_retail_price     column_checksum          1026499536827527   1033719678309565  MISMATCH
bigquery stg_thelook__order_items           sale_price               column_checksum           378446448118162    380649569362133  MISMATCH
duckdb   stg_thelook__order_items           sale_price               column_checksum           380112329639468    383190907577063  MISMATCH
bigquery stg_thelook__products              cost                     column_checksum            62840061372025     62840061372025  ok
bigquery stg_thelook__products              cost                     column_distinct_count               26375              26375  ok
bigquery stg_thelook__products              retail_price             column_checksum            60862284818697     60862284818697  ok
duckdb   stg_thelook__products              cost                     column_checksum            61429156578190     61429156578190  ok
duckdb   stg_thelook__products              cost                     column_distinct_count                7435               7435  ok
duckdb   stg_thelook__products              retail_price             column_checksum            61217180993459     61217180993459  ok
