# t05: t05_pushdown_filter.sql
# wall 1.88s  exit 0  peak RSS 58336 kB
# command: /usr/bin/time -v -o /home/hermes/.hermes/profiles/bruno/cache/scratch/transport_a/t05.time /home/hermes/.local/bin/duckdb -init /dev/null :memory: <<'SQL'
# (SQL as run, after placeholder substitution; __SA_PATH__ stands for the
#  service-account key path, which is never written to this log)

-- T05: do WHERE predicates reach BigQuery?
-- bq_debug_show_queries = true prints the projection and the row restriction that
-- were handed to the Storage Read API. The lines starting "BigQuery selected
-- fields:" / "BigQuery row restrictions:" are the evidence; the count is only a
-- sanity check that the answer is right.
LOAD bigquery;
CREATE SECRET bq_pub (TYPE bigquery, SCOPE 'bq://bigquery-public-data',
                      SERVICE_ACCOUNT_PATH '__SA_PATH__');
SET bq_debug_show_queries = true;
SELECT count(*) AS ca_since_2000
FROM bigquery_scan('bigquery-public-data.usa_names.usa_1910_2013',
                   billing_project := 'coreychimpbot')
WHERE state = 'CA' AND year >= 2000;

# ---- output ----
┌─────────┐
│ Success │
│ boolean │
├─────────┤
│ true    │
└─────────┘
BigQuery selected fields: state, year
BigQuery row restrictions: `state` = "CA" AND `year` >= 2000
┌───────────────┐
│ ca_since_2000 │
│     int64     │
├───────────────┤
│         95373 │
└───────────────┘

