# t16: t16_types_rest_api.sql
# wall 4.49s  exit 0  peak RSS 52728 kB
# command: /usr/bin/time -v -o /home/hermes/.hermes/profiles/bruno/cache/scratch/transport_a/t16.time /home/hermes/.local/bin/duckdb -init /dev/null :memory: <<'SQL'
# (SQL as run, after placeholder substitution; __SA_PATH__ stands for the
#  service-account key path, which is never written to this log)

-- T16: the same types through the REST API query path, use_rest_api := true.
-- Kept in small, single-purpose queries: the REST decoder is not as forgiving as
-- the Storage reader (see t17 for the shape that fails).
LOAD bigquery;
CREATE SECRET bq_pub (TYPE bigquery, SCOPE 'bq://bigquery-public-data',
                      SERVICE_ACCOUNT_PATH '__SA_PATH__');

SELECT typeof(geo) AS t_geo, geo FROM bigquery_query('bigquery-public-data',
  $$SELECT ST_GEOGPOINT(-122.4, 37.7) AS geo$$,
  billing_project := 'coreychimpbot', use_rest_api := true);

SELECT typeof(arr_i) AS t_array, arr_i, typeof(st) AS t_struct, st
FROM bigquery_query('bigquery-public-data',
  $$SELECT [1,2,3] AS arr_i, STRUCT(1 AS a, 'x' AS b) AS st$$,
  billing_project := 'coreychimpbot', use_rest_api := true);

SELECT typeof(bignum) AS t_bignum, bignum, typeof(num) AS t_numeric, num
FROM bigquery_query('bigquery-public-data',
  $$SELECT CAST('123456789012345678901234567890.123456789' AS BIGNUMERIC) AS bignum,
           NUMERIC '1.23' AS num$$,
  billing_project := 'coreychimpbot', use_rest_api := true);

.print '--- bq_bignumeric_as_varchar = false (default is true): a small BIGNUMERIC stays VARCHAR'
SET bq_bignumeric_as_varchar = false;
SELECT typeof(b) AS t_bignum, b FROM bigquery_query('bigquery-public-data',
  $$SELECT CAST('1.23' AS BIGNUMERIC) AS b$$,
  billing_project := 'coreychimpbot', use_rest_api := true);

# ---- output ----
┌─────────┐
│ Success │
│ boolean │
├─────────┤
│ true    │
└─────────┘
┌───────────────────────┬───────────────────────┐
│         t_geo         │          geo          │
│        varchar        │ geometry('ogc:crs84') │
├───────────────────────┼───────────────────────┤
│ GEOMETRY('OGC:CRS84') │ POINT (-122.4 37.7)   │
└───────────────────────┴───────────────────────┘
┌──────────┬───────────┬─────────────────────────────┬─────────────────────────────┐
│ t_array  │   arr_i   │          t_struct           │             st              │
│ varchar  │  int64[]  │           varchar           │ struct(a bigint, b varchar) │
├──────────┼───────────┼─────────────────────────────┼─────────────────────────────┤
│ BIGINT[] │ [1, 2, 3] │ STRUCT(a BIGINT, b VARCHAR) │ {'a': 1, 'b': x}            │
└──────────┴───────────┴─────────────────────────────┴─────────────────────────────┘
┌──────────┬──────────────────────────────────────────┬───────────────┬───────────────┐
│ t_bignum │                  bignum                  │   t_numeric   │      num      │
│ varchar  │                 varchar                  │    varchar    │ decimal(38,9) │
├──────────┼──────────────────────────────────────────┼───────────────┼───────────────┤
│ VARCHAR  │ 123456789012345678901234567890.123456789 │ DECIMAL(38,9) │   1.230000000 │
└──────────┴──────────────────────────────────────────┴───────────────┴───────────────┘
--- bq_bignumeric_as_varchar = false (default is true): a small BIGNUMERIC stays VARCHAR
┌──────────┬─────────┐
│ t_bignum │    b    │
│ varchar  │ varchar │
├──────────┼─────────┤
│ VARCHAR  │ 1.23    │
└──────────┴─────────┘

