$ /home/hermes/projects/bigquery-duckdb-dbt-experiments/.worktrees/t_d92586d6/.venv/bin/dbt build --target duckdb
# exit 0, wall 15.36 s
   dbt-oss 2.0.5
   Loading profiles.yml
   Started resolving packages from packages.yml
  Finished [  0.00s] resolving packages from packages.yml
 Succeeded model main.stg_thelook__products (view) [4 of 196 in 0.15s]
 Succeeded model main.stg_thelook__users (view) [3 of 196 in 0.15s]
 Succeeded model main.stg_thelook__distribution_centers (view) [2 of 196 in 0.17s]
 Succeeded model main.stg_thelook__order_items (view) [6 of 196 in 0.18s]
 Succeeded model main.stg_thelook__orders (view) [5 of 196 in 0.24s]
 Succeeded model main.stg_thelook__inventory_items (view) [7 of 196 in 0.25s]
 Succeeded model main.stg_thelook__events (view) [1 of 196 in 0.28s]
    Passed test  not_null_stg_thelook__products_distribution_center_id [10 of 196 in 0.14s]
    Passed test  accepted_values_stg_thelook__products_department__Men__Women [11 of 196 in 0.14s]
    Passed test  unique_stg_thelook__products_product_id [8 of 196 in 0.14s]
    Passed test  accepted_values_stg_thelook__users_gender__M__F [13 of 196 in 0.15s]
    Passed test  not_null_stg_thelook__products_product_id [9 of 196 in 0.17s]
    Passed test  accepted_values_stg_thelook__users_traffic_source__Search__Organic__Facebook__Email__Display [14 of 196 in 0.16s]
    Passed test  not_null_stg_thelook__users_user_id [16 of 196 in 0.18s]
    Passed test  unique_stg_thelook__distribution_centers_distribution_center_id [17 of 196 in 0.17s]
    Passed test  unique_stg_thelook__users_user_id [15 of 196 in 0.20s]
    Passed test  not_null_stg_thelook__users_created_at [12 of 196 in 0.21s]
    Passed test  not_null_stg_thelook__distribution_centers_distribution_center_id [18 of 196 in 0.20s]
    Passed test  not_null_stg_thelook__order_items_product_id [20 of 196 in 0.21s]
    Passed test  not_null_stg_thelook__order_items_status [19 of 196 in 0.22s]
    Passed test  not_null_stg_thelook__order_items_order_item_id [21 of 196 in 0.23s]
    Passed test  not_null_stg_thelook__order_items_order_id [22 of 196 in 0.25s]
    Passed test  accepted_values_stg_thelook__order_items_status__Complete__Shipped__Processing__Returned__Cancelled [23 of 196 in 0.25s]
    Passed test  not_null_stg_thelook__order_items_user_id [27 of 196 in 0.26s]
    Passed test  not_null_stg_thelook__order_items_inventory_item_id [26 of 196 in 0.27s]
    Passed test  not_null_stg_thelook__orders_order_id [32 of 196 in 0.24s]
    Passed test  not_null_stg_thelook__orders_status [29 of 196 in 0.25s]
    Passed test  unique_stg_thelook__order_items_order_item_id [24 of 196 in 0.33s]
    Passed test  accepted_values_stg_thelook__orders_gender__M__F [30 of 196 in 0.27s]
    Passed test  not_null_stg_thelook__order_items_created_at [25 of 196 in 0.35s]
    Passed test  unique_stg_thelook__orders_order_id [28 of 196 in 0.30s]
    Passed test  accepted_values_stg_thelook__orders_status__Complete__Shipped__Processing__Returned__Cancelled [36 of 196 in 0.35s]
    Passed test  assert_no_orphan_order_items [34 of 196 in 0.36s]
    Passed test  not_null_stg_thelook__orders_user_id [37 of 196 in 0.37s]
    Passed test  not_null_stg_thelook__orders_created_at [38 of 196 in 0.44s]
    Passed test  not_null_stg_thelook__inventory_items_product_id [41 of 196 in 0.45s]
    Warned test  assert_order_item_created_at_is_plausible (tests/assert_order_item_created_at_is_plausible.sql) [31 of 196 in 0.52s]
    Passed test  not_null_stg_thelook__inventory_items_inventory_item_id [43 of 196 in 0.53s]
    Passed test  unique_stg_thelook__inventory_items_inventory_item_id [40 of 196 in 0.54s]
    Passed test  not_null_stg_thelook__inventory_items_distribution_center_id [44 of 196 in 0.55s]
    Passed test  not_null_stg_thelook__inventory_items_created_at [42 of 196 in 0.67s]
    Passed test  accepted_values_stg_thelook__events_event_type__home__department__product__cart__purchase__cancel [47 of 196 in 0.69s]
    Passed test  accepted_values_stg_thelook__events_traffic_source__Email__Adwords__Facebook__YouTube__Organic [46 of 196 in 0.70s]
    Passed test  not_null_stg_thelook__events_event_type [51 of 196 in 0.73s]
    Passed test  not_null_stg_thelook__events_session_id [53 of 196 in 0.74s]
    Passed test  not_null_stg_thelook__events_event_id [52 of 196 in 0.76s]
    Passed test  relationships_stg_thelook__events_user_id__user_id__ref_stg_thelook__users_ [49 of 196 in 0.79s]
    Passed test  assert_timestamps_are_before_after [33 of 196 in 0.83s]
 Succeeded model main.int_users__first_order_cohort (view) [35 of 196 in 0.65s]
 Succeeded model main.int_inventory_items__enriched (view) [45 of 196 in 0.43s]
 Succeeded model main.int_order_items__enriched (view) [39 of 196 in 0.38s]
    Passed test  not_null_int_users__first_order_cohort_user_id [55 of 196 in 0.13s]
    Passed test  unique_int_users__first_order_cohort_user_id [57 of 196 in 0.17s]
    Passed test  unique_int_inventory_items__enriched_inventory_item_id [58 of 196 in 0.23s]
    Passed test  not_null_int_inventory_items__enriched_inventory_item_id [59 of 196 in 0.25s]
    Passed test  not_null_int_users__first_order_cohort_signup_at [56 of 196 in 0.26s]
    Passed test  not_null_int_inventory_items__enriched_distribution_center_id [60 of 196 in 0.27s]
    Passed test  not_null_int_inventory_items__enriched_product_id [62 of 196 in 0.28s]
    Passed test  unique_stg_thelook__events_event_id [54 of 196 in 1.25s]
    Passed test  not_null_int_order_items__enriched_inventory_item_id [64 of 196 in 0.26s]
 Succeeded model main.int_inventory__by_product_center (view) [61 of 196 in 0.21s]
    Passed test  not_null_int_order_items__enriched_order_id [66 of 196 in 0.33s]
    Passed test  not_null_int_order_items__enriched_sale_price [68 of 196 in 0.38s]
    Passed test  accepted_values_int_order_items__enriched_order_item_status__Complete__Shipped__Processing__Returned__Cancelled [70 of 196 in 0.42s]
    Passed test  not_null_int_order_items__enriched_product_cost [69 of 196 in 0.43s]
    Passed test  not_null_stg_thelook__events_created_at [48 of 196 in 1.49s]
    Passed test  not_null_int_order_items__enriched_user_id [71 of 196 in 0.49s]
    Passed test  not_null_int_order_items__enriched_product_id [73 of 196 in 0.49s]
    Passed test  accepted_values_int_order_items__enriched_order_status__Complete__Shipped__Processing__Returned__Cancelled [72 of 196 in 0.50s]
    Passed test  not_null_int_order_items__enriched_order_item_id [75 of 196 in 0.56s]
    Passed test  not_null_int_order_items__enriched_distribution_center_id [74 of 196 in 0.68s]
    Passed test  not_null_int_order_items__enriched_order_item_status [81 of 196 in 0.72s]
    Passed test  unique_int_order_items__enriched_inventory_item_id [78 of 196 in 0.77s]
    Passed test  not_null_int_order_items__enriched_order_status [80 of 196 in 0.81s]
    Passed test  unique_int_order_items__enriched_order_item_id [77 of 196 in 0.86s]
    Passed test  accepted_values_int_order_items__enriched_user_traffic_source__Search__Organic__Facebook__Email__Display [82 of 196 in 0.92s]
 Succeeded model main.int_events__sessions (view) [50 of 196 in 0.70s]
    Passed test  not_null_int_inventory__by_product_center_distribution_center_id [84 of 196 in 0.67s]
    Passed test  relationships_int_order_items__enriched_inventory_item_id__inventory_item_id__ref_int_inventory_items__enriched_ [79 of 196 in 1.05s]
    Passed test  not_null_int_inventory__by_product_center_product_id [87 of 196 in 0.73s]
    Passed test  not_null_int_inventory__by_product_center_product_center_key [83 of 196 in 0.77s]
 Succeeded model main.int_products__sales (view) [76 of 196 in 0.46s]
    Passed test  unique_int_inventory__by_product_center_product_center_key [86 of 196 in 0.85s]
 Succeeded model main.int_products__returns (view) [67 of 196 in 0.54s]
 Succeeded model main.int_orders__item_rollup (view) [65 of 196 in 0.56s]
 Succeeded model main.dim_distribution_centers (table) [85 of 196 in 0.89s]
 Succeeded model main.fct_inventory_items (table) [63 of 196 in 1.43s]
    Passed test  unique_int_products__sales_product_id [91 of 196 in 0.63s]
    Passed test  not_null_int_products__sales_product_id [92 of 196 in 0.83s]
    Passed test  unique_int_products__returns_product_id [93 of 196 in 1.19s]
    Passed test  not_null_int_products__returns_product_id [94 of 196 in 1.49s]
    Passed test  not_null_int_orders__item_rollup_order_status [98 of 196 in 1.73s]
    Passed test  accepted_values_int_orders__item_rollup_order_status__Complete__Shipped__Processing__Returned__Cancelled [99 of 196 in 2.02s]
    Passed test  not_null_int_orders__item_rollup_order_id [100 of 196 in 2.28s]
    Passed test  not_null_int_orders__item_rollup_order_date [101 of 196 in 2.61s]
    Passed test  unique_int_orders__item_rollup_order_id [102 of 196 in 2.99s]
    Passed test  relationships_int_order_items__enriched_order_id__order_id__ref_int_orders__item_rollup_ [103 of 196 in 3.48s]
    Passed test  not_null_int_orders__item_rollup_user_id [104 of 196 in 3.68s]
    Passed test  not_null_int_orders__item_rollup_order_created_at [105 of 196 in 4.00s]
    Passed test  unique_dim_distribution_centers_distribution_center_id [108 of 196 in 3.78s]
    Passed test  accepted_values_int_events__sessions_traffic_source__Email__Adwords__Facebook__YouTube__Organic [89 of 196 in 4.37s]
    Passed test  not_null_dim_distribution_centers_distribution_center_id [109 of 196 in 3.82s]
    Passed test  not_null_fct_inventory_items_product_id [111 of 196 in 3.84s]
    Passed test  relationships_fct_inventory_items_distribution_center_id__distribution_center_id__ref_dim_distribution_centers_ [110 of 196 in 3.84s]
    Passed test  not_null_fct_inventory_items_created_at [113 of 196 in 3.87s]
    Passed test  not_null_fct_inventory_items_distribution_center_id [112 of 196 in 3.87s]
    Passed test  not_null_fct_inventory_items_unit_cost [115 of 196 in 3.89s]
    Passed test  not_null_fct_inventory_items_is_sold [116 of 196 in 3.91s]
    Passed test  not_null_fct_inventory_items_inventory_item_id [117 of 196 in 3.93s]
    Passed test  unique_fct_inventory_items_inventory_item_id [114 of 196 in 4.00s]
    Passed test  unique_int_events__sessions_session_id [88 of 196 in 4.91s]
 Succeeded model main.int_orders__daily (view) [97 of 196 in 1.51s]
 Succeeded model main.int_users__lifetime_orders (view) [106 of 196 in 1.71s]
 Succeeded model main.mart_product_performance (table) [95 of 196 in 4.42s]
 Succeeded model main.int_cohorts__user_months (view) [107 of 196 in 2.01s]
 Succeeded model main.dim_products (table) [96 of 196 in 4.52s]
    Passed test  not_null_int_events__sessions_session_id [90 of 196 in 5.63s]
    Passed test  unique_int_users__lifetime_orders_user_id [122 of 196 in 0.64s]
    Passed test  unique_mart_product_performance_product_id [125 of 196 in 0.46s]
    Passed test  unique_int_orders__daily_order_date [118 of 196 in 0.85s]
    Passed test  not_null_int_orders__daily_order_date [121 of 196 in 0.89s]
    Passed test  not_null_mart_product_performance_product_id [126 of 196 in 0.52s]
    Passed test  not_null_int_users__lifetime_orders_user_id [124 of 196 in 0.86s]
    Passed test  not_null_int_cohorts__user_months_user_id [129 of 196 in 0.66s]
    Passed test  not_null_int_cohorts__user_months_cohort_month [127 of 196 in 0.89s]
    Passed test  not_null_int_cohorts__user_months_user_month_key [128 of 196 in 0.95s]
    Passed test  unique_dim_products_product_id [134 of 196 in 1.22s]
    Passed test  not_null_dim_products_product_id [135 of 196 in 1.24s]
    Passed test  relationships_fct_inventory_items_product_id__product_id__ref_dim_products_ [136 of 196 in 1.29s]
    Passed test  not_null_dim_products_distribution_center_id [137 of 196 in 1.30s]
    Passed test  relationships_int_cohorts__user_months_user_id__user_id__ref_int_users__first_order_cohort_ [130 of 196 in 1.34s]
    Passed test  relationships_dim_products_distribution_center_id__distribution_center_id__ref_dim_distribution_centers_ [139 of 196 in 1.32s]
    Passed test  relationships_mart_product_performance_product_id__product_id__ref_dim_products_ [138 of 196 in 1.34s]
    Passed test  accepted_values_dim_products_department__Men__Women [140 of 196 in 1.36s]
    Passed test  unique_int_cohorts__user_months_user_month_key [132 of 196 in 1.47s]
    Passed test  not_null_int_cohorts__user_months_activity_month [133 of 196 in 1.60s]
 Succeeded model main.dim_date (table) [120 of 196 in 2.08s]
    Passed test  unique_dim_date_date_day [141 of 196 in 0.16s]
    Passed test  not_null_dim_date_days_since_first_order [142 of 196 in 0.19s]
    Passed test  not_null_dim_date_is_weekend [143 of 196 in 0.25s]
    Passed test  not_null_dim_date_date_month [144 of 196 in 0.30s]
    Passed test  not_null_dim_date_month_start_at [145 of 196 in 0.34s]
 Succeeded model main.mart_daily_revenue (table) [119 of 196 in 2.41s]
    Passed test  not_null_dim_date_date_day [146 of 196 in 0.37s]
    Passed test  not_null_dim_date_day_of_week_iso [147 of 196 in 0.39s]
    Passed test  unique_mart_daily_revenue_revenue_date [148 of 196 in 0.06s]
    Passed test  relationships_mart_daily_revenue_revenue_date__date_day__ref_dim_date_ [149 of 196 in 0.06s]
    Passed test  not_null_mart_daily_revenue_revenue_date [150 of 196 in 0.07s]
 Succeeded model main.mart_cohort_retention (table) [131 of 196 in 1.15s]
    Passed test  not_null_mart_cohort_retention_activity_month [153 of 196 in 0.03s]
    Passed test  not_null_mart_cohort_retention_cohort_activity_key [154 of 196 in 0.03s]
    Passed test  not_null_mart_cohort_retention_cohort_month [155 of 196 in 0.04s]
    Passed test  not_null_mart_cohort_retention_months_since_cohort [152 of 196 in 0.05s]
    Passed test  unique_mart_cohort_retention_cohort_activity_key [151 of 196 in 0.07s]
 Succeeded model main.dim_users (table) [123 of 196 in 3.56s]
    Passed test  not_null_dim_users_signup_at [158 of 196 in 0.02s]
    Passed test  accepted_values_dim_users_gender__M__F [156 of 196 in 0.03s]
    Passed test  not_null_dim_users_user_id [160 of 196 in 0.03s]
    Passed test  unique_dim_users_user_id [163 of 196 in 0.04s]
    Passed test  accepted_values_dim_users_traffic_source__Search__Organic__Facebook__Email__Display [157 of 196 in 0.04s]
 Succeeded model main.mart_customer_summary (table) [159 of 196 in 1.09s]
 Succeeded model main.fct_orders (table) [161 of 196 in 1.11s]
    Passed test  not_null_mart_customer_summary_user_id [164 of 196 in 0.04s]
 Succeeded model main.fct_order_items (table) [162 of 196 in 1.16s]
    Passed test  relationships_mart_customer_summary_user_id__user_id__ref_dim_users_ [166 of 196 in 0.07s]
    Passed test  unique_mart_customer_summary_user_id [165 of 196 in 0.08s]
    Passed test  not_null_fct_orders_user_id [169 of 196 in 0.08s]
    Passed test  accepted_values_fct_orders_user_traffic_source__Search__Organic__Facebook__Email__Display [167 of 196 in 0.09s]
    Passed test  relationships_fct_orders_user_id__user_id__ref_dim_users_ [168 of 196 in 0.15s]
    Passed test  not_null_fct_orders_order_created_at [173 of 196 in 0.17s]
    Passed test  not_null_fct_orders_order_date [172 of 196 in 0.17s]
    Passed test  not_null_fct_orders_order_month [171 of 196 in 0.20s]
    Passed test  accepted_values_fct_orders_order_status__Complete__Shipped__Processing__Returned__Cancelled [174 of 196 in 0.20s]
    Passed test  not_null_fct_orders_order_id [177 of 196 in 0.20s]
    Passed test  not_null_fct_orders_order_status [176 of 196 in 0.21s]
    Passed test  unique_fct_orders_order_id [175 of 196 in 0.22s]
    Passed test  not_null_fct_order_items_distribution_center_id [179 of 196 in 0.21s]
    Passed test  assert_order_item_count_matches_orders [170 of 196 in 0.25s]
    Passed test  not_null_fct_order_items_product_id [183 of 196 in 0.23s]
    Passed test  accepted_values_fct_order_items_order_item_status__Complete__Shipped__Processing__Returned__Cancelled [182 of 196 in 0.23s]
    Passed test  not_null_fct_order_items_order_id [184 of 196 in 0.25s]
    Passed test  relationships_fct_order_items_order_id__order_id__ref_fct_orders_ [178 of 196 in 0.26s]
    Passed test  not_null_fct_order_items_sale_price [181 of 196 in 0.26s]
    Passed test  relationships_fct_order_items_inventory_item_id__inventory_item_id__ref_fct_inventory_items_ [180 of 196 in 0.26s]
    Passed test  not_null_fct_order_items_product_cost [186 of 196 in 0.28s]
    Passed test  unique_fct_order_items_inventory_item_id [189 of 196 in 0.30s]
    Passed test  not_null_fct_order_items_order_item_status [188 of 196 in 0.30s]
    Passed test  accepted_values_fct_order_items_order_status__Complete__Shipped__Processing__Returned__Cancelled [185 of 196 in 0.31s]
    Passed test  unique_fct_order_items_order_item_id [187 of 196 in 0.31s]
    Passed test  relationships_fct_order_items_distribution_center_id__distribution_center_id__ref_dim_distribution_centers_ [191 of 196 in 0.32s]
    Passed test  not_null_fct_order_items_user_id [193 of 196 in 0.33s]
    Passed test  not_null_fct_order_items_inventory_item_id [195 of 196 in 0.33s]
    Passed test  relationships_fct_order_items_product_id__product_id__ref_dim_products_ [192 of 196 in 0.33s]
    Passed test  not_null_fct_order_items_order_status [194 of 196 in 0.34s]
    Passed test  not_null_fct_order_items_order_item_id [196 of 196 in 0.35s]
    Passed test  relationships_fct_order_items_user_id__user_id__ref_dim_users_ [190 of 196 in 0.36s]

==================== Execution Summary =====================
Finished 'build' with 1 warning for target 'duckdb' [15.0s]
Processed: 29 models | 167 tests
Summary: 196 total | 195 success | 1 warn
