$ /home/hermes/projects/bigquery-duckdb-dbt-experiments/.worktrees/t_d92586d6/.venv/bin/dbt build --target bigquery
# exit 0, wall 131.95 s
   dbt-oss 2.0.5
   Loading profiles.yml
   Started resolving packages from packages.yml
  Finished [  0.00s] resolving packages from packages.yml
 Succeeded model experiments_dev.stg_thelook__distribution_centers (view) [2 of 196 in 7.76s]
 Succeeded model experiments_dev.stg_thelook__events (view) [1 of 196 in 7.80s]
 Succeeded model experiments_dev.stg_thelook__inventory_items (view) [7 of 196 in 7.81s]
 Succeeded model experiments_dev.stg_thelook__order_items (view) [6 of 196 in 8.33s]
 Succeeded model experiments_dev.stg_thelook__products (view) [4 of 196 in 9.42s]
 Succeeded model experiments_dev.stg_thelook__users (view) [3 of 196 in 9.43s]
 Succeeded model experiments_dev.stg_thelook__orders (view) [5 of 196 in 9.53s]
    Passed test  unique_stg_thelook__distribution_centers_distribution_center_id [8 of 196 in 3.15s]
    Passed test  not_null_stg_thelook__distribution_centers_distribution_center_id [9 of 196 in 3.55s]
    Passed test  not_null_stg_thelook__events_session_id [10 of 196 in 3.72s]
    Passed test  accepted_values_stg_thelook__events_traffic_source__Email__Adwords__Facebook__YouTube__Organic [11 of 196 in 3.73s]
    Passed test  not_null_stg_thelook__events_created_at [12 of 196 in 5.16s]
    Passed test  accepted_values_stg_thelook__events_event_type__home__department__product__cart__purchase__cancel [13 of 196 in 5.69s]
    Passed test  unique_stg_thelook__events_event_id [14 of 196 in 5.78s]
    Passed test  not_null_stg_thelook__events_event_type [15 of 196 in 5.91s]
    Passed test  not_null_stg_thelook__events_event_id [16 of 196 in 7.34s]
    Passed test  not_null_stg_thelook__inventory_items_inventory_item_id [20 of 196 in 7.79s]
    Passed test  not_null_stg_thelook__inventory_items_product_id [21 of 196 in 7.84s]
    Passed test  not_null_stg_thelook__inventory_items_distribution_center_id [22 of 196 in 7.89s]
    Passed test  not_null_stg_thelook__inventory_items_created_at [23 of 196 in 9.39s]
    Passed test  not_null_stg_thelook__order_items_product_id [29 of 196 in 9.32s]
    Passed test  accepted_values_stg_thelook__order_items_status__Complete__Shipped__Processing__Returned__Cancelled [24 of 196 in 9.50s]
    Passed test  unique_stg_thelook__inventory_items_inventory_item_id [19 of 196 in 10.20s]
    Passed test  not_null_stg_thelook__order_items_order_item_id [30 of 196 in 10.87s]
    Passed test  not_null_stg_thelook__order_items_created_at [32 of 196 in 11.46s]
    Passed test  not_null_stg_thelook__order_items_inventory_item_id [31 of 196 in 11.47s]
    Passed test  not_null_stg_thelook__order_items_order_id [26 of 196 in 11.56s]
    Passed test  not_null_stg_thelook__order_items_status [28 of 196 in 12.82s]
    Passed test  unique_stg_thelook__order_items_order_item_id [27 of 196 in 13.52s]
    Passed test  not_null_stg_thelook__order_items_user_id [25 of 196 in 13.64s]
 Succeeded model experiments_dev.int_events__sessions (view) [17 of 196 in 7.61s]
 Succeeded model experiments_dev.int_inventory_items__enriched (view) [18 of 196 in 5.30s]
    Passed test  accepted_values_stg_thelook__products_department__Men__Women [34 of 196 in 14.62s]
    Passed test  not_null_stg_thelook__products_distribution_center_id [36 of 196 in 14.70s]
    Passed test  unique_stg_thelook__products_product_id [33 of 196 in 14.93s]
    Passed test  not_null_stg_thelook__products_product_id [35 of 196 in 15.66s]
    Passed test  accepted_values_stg_thelook__users_gender__M__F [41 of 196 in 16.82s]
    Passed test  unique_stg_thelook__users_user_id [39 of 196 in 16.89s]
    Passed test  accepted_values_stg_thelook__users_traffic_source__Search__Organic__Facebook__Email__Display [40 of 196 in 16.94s]
    Passed test  not_null_stg_thelook__users_user_id [42 of 196 in 17.80s]
    Passed test  relationships_stg_thelook__events_user_id__user_id__ref_stg_thelook__users_ [38 of 196 in 18.78s]
    Passed test  not_null_stg_thelook__users_created_at [37 of 196 in 18.92s]
    Passed test  assert_timestamps_are_before_after [43 of 196 in 19.11s]
    Passed test  not_null_stg_thelook__orders_user_id [44 of 196 in 19.65s]
    Passed test  not_null_stg_thelook__orders_order_id [47 of 196 in 21.37s]
    Passed test  not_null_stg_thelook__orders_created_at [48 of 196 in 21.91s]
    Passed test  not_null_stg_thelook__orders_status [45 of 196 in 23.01s]
    Passed test  accepted_values_stg_thelook__orders_status__Complete__Shipped__Processing__Returned__Cancelled [50 of 196 in 23.69s]
    Passed test  accepted_values_stg_thelook__orders_gender__M__F [51 of 196 in 23.80s]
    Passed test  unique_stg_thelook__orders_order_id [52 of 196 in 24.93s]
    Passed test  assert_no_orphan_order_items [53 of 196 in 25.92s]
    Passed test  not_null_int_events__sessions_session_id [56 of 196 in 14.27s]
    Passed test  unique_int_events__sessions_session_id [55 of 196 in 15.54s]
    Passed test  unique_int_inventory_items__enriched_inventory_item_id [58 of 196 in 15.95s]
    Passed test  not_null_int_inventory_items__enriched_product_id [59 of 196 in 17.11s]
    Passed test  accepted_values_int_events__sessions_traffic_source__Email__Adwords__Facebook__YouTube__Organic [57 of 196 in 17.87s]
    Warned test  assert_order_item_created_at_is_plausible (tests/assert_order_item_created_at_is_plausible.sql) [46 of 196 in 31.23s]
    Passed test  not_null_int_inventory_items__enriched_inventory_item_id [60 of 196 in 18.19s]
 Succeeded model experiments_dev.int_users__first_order_cohort (view) [54 of 196 in 17.79s]
    Passed test  not_null_int_inventory_items__enriched_distribution_center_id [61 of 196 in 19.10s]
 Succeeded model experiments_dev.int_order_items__enriched (view) [49 of 196 in 12.44s]
    Passed test  not_null_int_users__first_order_cohort_user_id [64 of 196 in 1.92s]
    Passed test  not_null_int_users__first_order_cohort_signup_at [66 of 196 in 1.97s]
    Passed test  unique_int_users__first_order_cohort_user_id [65 of 196 in 2.65s]
 Succeeded model experiments_dev.int_inventory__by_product_center (view) [62 of 196 in 13.23s]
    Passed test  not_null_int_order_items__enriched_inventory_item_id [67 of 196 in 3.24s]
    Passed test  not_null_int_order_items__enriched_user_id [69 of 196 in 3.77s]
    Passed test  not_null_int_order_items__enriched_order_status [70 of 196 in 4.04s]
    Passed test  not_null_int_order_items__enriched_distribution_center_id [71 of 196 in 5.41s]
    Passed test  not_null_int_order_items__enriched_order_item_status [72 of 196 in 5.74s]
    Passed test  accepted_values_int_order_items__enriched_order_item_status__Complete__Shipped__Processing__Returned__Cancelled [74 of 196 in 6.10s]
 Succeeded model experiments_dev.fct_inventory_items (table) [63 of 196 in 17.75s]
    Passed test  relationships_int_order_items__enriched_inventory_item_id__inventory_item_id__ref_int_inventory_items__enriched_ [75 of 196 in 7.72s]
    Passed test  accepted_values_int_order_items__enriched_user_traffic_source__Search__Organic__Facebook__Email__Display [77 of 196 in 8.26s]
    Passed test  accepted_values_int_order_items__enriched_order_status__Complete__Shipped__Processing__Returned__Cancelled [78 of 196 in 8.49s]
    Passed test  unique_int_order_items__enriched_inventory_item_id [76 of 196 in 8.50s]
    Passed test  not_null_int_order_items__enriched_product_cost [79 of 196 in 9.97s]
    Passed test  not_null_int_order_items__enriched_order_item_id [81 of 196 in 10.75s]
    Passed test  unique_int_order_items__enriched_order_item_id [80 of 196 in 10.96s]
    Passed test  not_null_int_order_items__enriched_product_id [83 of 196 in 11.19s]
    Passed test  not_null_int_order_items__enriched_order_id [82 of 196 in 12.23s]
    Passed test  not_null_int_inventory__by_product_center_product_center_key [88 of 196 in 11.47s]
    Passed test  not_null_int_order_items__enriched_sale_price [85 of 196 in 13.34s]
    Passed test  not_null_int_inventory__by_product_center_distribution_center_id [89 of 196 in 12.55s]
    Passed test  not_null_int_inventory__by_product_center_product_id [87 of 196 in 12.63s]
    Passed test  unique_int_inventory__by_product_center_product_center_key [90 of 196 in 13.49s]
    Passed test  not_null_fct_inventory_items_inventory_item_id [91 of 196 in 9.41s]
    Passed test  unique_fct_inventory_items_inventory_item_id [94 of 196 in 10.04s]
    Passed test  not_null_fct_inventory_items_created_at [92 of 196 in 10.11s]
    Passed test  not_null_fct_inventory_items_product_id [93 of 196 in 10.91s]
    Passed test  not_null_fct_inventory_items_unit_cost [95 of 196 in 11.39s]
    Passed test  not_null_fct_inventory_items_is_sold [96 of 196 in 11.92s]
    Passed test  not_null_fct_inventory_items_distribution_center_id [97 of 196 in 12.23s]
 Succeeded model experiments_dev.int_orders__item_rollup (view) [73 of 196 in 7.02s]
 Succeeded model experiments_dev.int_products__returns (view) [84 of 196 in 7.48s]
 Succeeded model experiments_dev.int_products__sales (view) [68 of 196 in 8.33s]
 Succeeded model experiments_dev.dim_distribution_centers (table) [86 of 196 in 15.85s]
    Passed test  not_null_int_orders__item_rollup_order_created_at [102 of 196 in 2.55s]
    Passed test  not_null_int_orders__item_rollup_order_date [99 of 196 in 3.53s]
    Passed test  unique_int_orders__item_rollup_order_id [98 of 196 in 3.76s]
    Passed test  accepted_values_int_orders__item_rollup_order_status__Complete__Shipped__Processing__Returned__Cancelled [104 of 196 in 4.51s]
    Passed test  not_null_int_orders__item_rollup_user_id [105 of 196 in 4.79s]
    Passed test  not_null_int_orders__item_rollup_order_status [107 of 196 in 5.83s]
    Passed test  relationships_int_order_items__enriched_order_id__order_id__ref_int_orders__item_rollup_ [106 of 196 in 5.92s]
    Passed test  not_null_int_orders__item_rollup_order_id [108 of 196 in 6.71s]
    Passed test  unique_int_products__returns_product_id [109 of 196 in 6.66s]
    Passed test  not_null_int_products__returns_product_id [110 of 196 in 7.56s]
    Passed test  not_null_int_products__sales_product_id [111 of 196 in 6.69s]
    Passed test  unique_int_products__sales_product_id [113 of 196 in 7.41s]
    Passed test  not_null_dim_distribution_centers_distribution_center_id [117 of 196 in 6.35s]
    Passed test  relationships_fct_inventory_items_distribution_center_id__distribution_center_id__ref_dim_distribution_centers_ [115 of 196 in 14.90s]
    Passed test  unique_dim_distribution_centers_distribution_center_id [116 of 196 in 15.09s]
 Succeeded model experiments_dev.int_orders__daily (view) [100 of 196 in 11.24s]
 Succeeded model experiments_dev.int_cohorts__user_months (view) [101 of 196 in 11.40s]
 Succeeded model experiments_dev.int_users__lifetime_orders (view) [103 of 196 in 13.02s]
    Passed test  unique_int_orders__daily_order_date [119 of 196 in 2.77s]
    Passed test  not_null_int_orders__daily_order_date [121 of 196 in 3.92s]
 Succeeded model experiments_dev.mart_product_performance (table) [114 of 196 in 17.25s]
 Succeeded model experiments_dev.dim_products (table) [112 of 196 in 17.32s]
    Passed test  unique_int_cohorts__user_months_user_month_key [122 of 196 in 4.88s]
    Passed test  not_null_int_cohorts__user_months_user_month_key [124 of 196 in 6.37s]
    Passed test  not_null_int_cohorts__user_months_activity_month [123 of 196 in 6.40s]
    Passed test  not_null_int_cohorts__user_months_cohort_month [126 of 196 in 6.64s]
    Passed test  not_null_int_cohorts__user_months_user_id [127 of 196 in 7.04s]
    Passed test  relationships_int_cohorts__user_months_user_id__user_id__ref_int_users__first_order_cohort_ [128 of 196 in 8.70s]
    Passed test  not_null_int_users__lifetime_orders_user_id [131 of 196 in 7.61s]
 Succeeded model experiments_dev.dim_date (table) [118 of 196 in 6.54s]
    Passed test  unique_int_users__lifetime_orders_user_id [129 of 196 in 9.24s]
    Passed test  not_null_mart_product_performance_product_id [132 of 196 in 6.66s]
 Succeeded model experiments_dev.mart_daily_revenue (table) [120 of 196 in 7.58s]
    Passed test  unique_mart_product_performance_product_id [133 of 196 in 7.62s]
    Passed test  accepted_values_dim_products_department__Men__Women [135 of 196 in 8.36s]
    Passed test  relationships_mart_product_performance_product_id__product_id__ref_dim_products_ [134 of 196 in 8.60s]
    Passed test  relationships_fct_inventory_items_product_id__product_id__ref_dim_products_ [137 of 196 in 9.20s]
    Passed test  not_null_dim_products_distribution_center_id [136 of 196 in 10.16s]
    Passed test  relationships_dim_products_distribution_center_id__distribution_center_id__ref_dim_distribution_centers_ [138 of 196 in 10.25s]
    Passed test  unique_dim_products_product_id [139 of 196 in 10.66s]
    Passed test  not_null_dim_products_product_id [140 of 196 in 11.07s]
    Passed test  not_null_dim_date_is_weekend [141 of 196 in 6.82s]
    Passed test  not_null_dim_date_days_since_first_order [142 of 196 in 7.19s]
    Passed test  not_null_dim_date_month_start_at [143 of 196 in 8.72s]
    Passed test  not_null_dim_date_date_month [144 of 196 in 8.93s]
 Succeeded model experiments_dev.mart_cohort_retention (table) [125 of 196 in 11.20s]
 Succeeded model experiments_dev.dim_users (table) [130 of 196 in 14.49s]
    Passed test  not_null_dim_date_date_day [145 of 196 in 10.65s]
    Passed test  unique_dim_date_date_day [146 of 196 in 10.74s]
    Passed test  not_null_dim_date_day_of_week_iso [147 of 196 in 11.83s]
    Passed test  not_null_mart_daily_revenue_revenue_date [148 of 196 in 11.29s]
    Passed test  unique_mart_daily_revenue_revenue_date [150 of 196 in 11.57s]
    Passed test  relationships_mart_daily_revenue_revenue_date__date_day__ref_dim_date_ [149 of 196 in 11.58s]
    Passed test  not_null_mart_cohort_retention_activity_month [151 of 196 in 3.93s]
    Passed test  not_null_mart_cohort_retention_months_since_cohort [152 of 196 in 4.35s]
    Passed test  not_null_mart_cohort_retention_cohort_month [155 of 196 in 4.75s]
    Passed test  unique_mart_cohort_retention_cohort_activity_key [154 of 196 in 4.79s]
    Passed test  not_null_mart_cohort_retention_cohort_activity_key [153 of 196 in 5.77s]
    Passed test  not_null_dim_users_user_id [157 of 196 in 5.67s]
    Passed test  accepted_values_dim_users_traffic_source__Search__Organic__Facebook__Email__Display [160 of 196 in 5.88s]
    Passed test  unique_dim_users_user_id [158 of 196 in 6.11s]
    Passed test  not_null_dim_users_signup_at [161 of 196 in 6.89s]
    Passed test  accepted_values_dim_users_gender__M__F [162 of 196 in 7.46s]
 Succeeded model experiments_dev.mart_customer_summary (table) [159 of 196 in 6.09s]
 Succeeded model experiments_dev.fct_orders (table) [163 of 196 in 6.77s]
 Succeeded model experiments_dev.fct_order_items (table) [156 of 196 in 6.76s]
    Passed test  relationships_mart_customer_summary_user_id__user_id__ref_dim_users_ [166 of 196 in 1.77s]
    Passed test  not_null_mart_customer_summary_user_id [164 of 196 in 1.80s]
    Passed test  unique_mart_customer_summary_user_id [165 of 196 in 2.53s]
    Passed test  not_null_fct_orders_order_month [167 of 196 in 1.97s]
    Passed test  not_null_fct_orders_order_id [172 of 196 in 2.94s]
    Passed test  assert_order_item_count_matches_orders [173 of 196 in 3.31s]
    Passed test  not_null_fct_orders_order_date [175 of 196 in 3.76s]
    Passed test  unique_fct_orders_order_id [174 of 196 in 3.93s]
    Passed test  relationships_fct_orders_user_id__user_id__ref_dim_users_ [168 of 196 in 5.18s]
    Passed test  accepted_values_fct_orders_order_status__Complete__Shipped__Processing__Returned__Cancelled [177 of 196 in 5.41s]
    Passed test  not_null_fct_orders_user_id [169 of 196 in 5.84s]
    Passed test  accepted_values_fct_orders_user_traffic_source__Search__Organic__Facebook__Email__Display [176 of 196 in 5.85s]
    Passed test  not_null_fct_orders_order_status [170 of 196 in 6.89s]
    Passed test  not_null_fct_orders_order_created_at [171 of 196 in 7.12s]
    Passed test  not_null_fct_order_items_order_status [178 of 196 in 7.68s]
    Passed test  unique_fct_order_items_order_item_id [179 of 196 in 7.71s]
    Passed test  relationships_fct_order_items_user_id__user_id__ref_dim_users_ [180 of 196 in 8.93s]
    Passed test  relationships_fct_order_items_distribution_center_id__distribution_center_id__ref_dim_distribution_centers_ [181 of 196 in 8.96s]
    Passed test  not_null_fct_order_items_user_id [182 of 196 in 9.56s]
    Passed test  not_null_fct_order_items_order_id [183 of 196 in 9.62s]
    Passed test  not_null_fct_order_items_distribution_center_id [184 of 196 in 10.77s]
    Passed test  not_null_fct_order_items_product_cost [185 of 196 in 10.99s]
    Passed test  not_null_fct_order_items_order_item_status [187 of 196 in 11.40s]
    Passed test  relationships_fct_order_items_order_id__order_id__ref_fct_orders_ [186 of 196 in 11.88s]
    Passed test  relationships_fct_order_items_inventory_item_id__inventory_item_id__ref_fct_inventory_items_ [190 of 196 in 12.70s]
    Passed test  relationships_fct_order_items_product_id__product_id__ref_dim_products_ [188 of 196 in 12.92s]
    Passed test  not_null_fct_order_items_sale_price [191 of 196 in 13.23s]
    Passed test  not_null_fct_order_items_product_id [189 of 196 in 13.69s]
    Passed test  accepted_values_fct_order_items_order_item_status__Complete__Shipped__Processing__Returned__Cancelled [192 of 196 in 14.47s]
    Passed test  accepted_values_fct_order_items_order_status__Complete__Shipped__Processing__Returned__Cancelled [193 of 196 in 14.73s]
    Passed test  not_null_fct_order_items_order_item_id [194 of 196 in 15.04s]
    Passed test  unique_fct_order_items_inventory_item_id [196 of 196 in 15.68s]
    Passed test  not_null_fct_order_items_inventory_item_id [195 of 196 in 16.45s]

==================== Execution Summary =====================
Finished 'build' with 1 warning for target 'bigquery' [2m 12s]
Processed: 29 models | 167 tests
Summary: 196 total | 195 success | 1 warn
