$ /home/hermes/projects/bigquery-duckdb-dbt-experiments/.worktrees/t_d92586d6/.venv/bin/dbt build --target duckdb
# exit 0, wall 14.71 s
   dbt-oss 2.0.5
   Loading profiles.yml
   Started resolving packages from packages.yml
  Finished [  0.00s] resolving packages from packages.yml
 Succeeded model main.stg_thelook__distribution_centers (view) [2 of 196 in 0.14s]
 Succeeded model main.stg_thelook__events (view) [1 of 196 in 0.15s]
 Succeeded model main.stg_thelook__users (view) [3 of 196 in 0.17s]
 Succeeded model main.stg_thelook__order_items (view) [6 of 196 in 0.19s]
 Succeeded model main.stg_thelook__products (view) [4 of 196 in 0.25s]
 Succeeded model main.stg_thelook__orders (view) [5 of 196 in 0.25s]
    Passed test  not_null_stg_thelook__distribution_centers_distribution_center_id [8 of 196 in 0.14s]
    Passed test  unique_stg_thelook__distribution_centers_distribution_center_id [9 of 196 in 0.14s]
 Succeeded model main.stg_thelook__inventory_items (view) [7 of 196 in 0.30s]
    Passed test  not_null_stg_thelook__events_session_id [13 of 196 in 0.17s]
    Passed test  not_null_stg_thelook__events_event_type [10 of 196 in 0.17s]
    Passed test  not_null_stg_thelook__events_event_id [16 of 196 in 0.18s]
    Passed test  accepted_values_stg_thelook__events_traffic_source__Email__Adwords__Facebook__YouTube__Organic [12 of 196 in 0.22s]
    Passed test  unique_stg_thelook__users_user_id [19 of 196 in 0.26s]
    Passed test  accepted_values_stg_thelook__users_traffic_source__Search__Organic__Facebook__Email__Display [18 of 196 in 0.28s]
    Passed test  accepted_values_stg_thelook__events_event_type__home__department__product__cart__purchase__cancel [17 of 196 in 0.33s]
    Passed test  accepted_values_stg_thelook__users_gender__M__F [22 of 196 in 0.35s]
    Passed test  not_null_stg_thelook__users_created_at [20 of 196 in 0.42s]
    Passed test  not_null_stg_thelook__users_user_id [23 of 196 in 0.42s]
    Passed test  accepted_values_stg_thelook__order_items_status__Complete__Shipped__Processing__Returned__Cancelled [24 of 196 in 0.43s]
    Passed test  not_null_stg_thelook__order_items_order_item_id [26 of 196 in 0.45s]
    Passed test  not_null_stg_thelook__order_items_product_id [25 of 196 in 0.47s]
    Passed test  not_null_stg_thelook__order_items_user_id [29 of 196 in 0.49s]
    Passed test  unique_stg_thelook__order_items_order_item_id [28 of 196 in 0.56s]
    Passed test  not_null_stg_thelook__order_items_order_id [30 of 196 in 0.58s]
    Passed test  not_null_stg_thelook__order_items_inventory_item_id [31 of 196 in 0.61s]
    Passed test  unique_stg_thelook__events_event_id [15 of 196 in 0.66s]
    Passed test  not_null_stg_thelook__order_items_status [27 of 196 in 0.63s]
    Passed test  relationships_stg_thelook__events_user_id__user_id__ref_stg_thelook__users_ [21 of 196 in 0.67s]
    Passed test  accepted_values_stg_thelook__products_department__Men__Women [34 of 196 in 0.64s]
    Passed test  unique_stg_thelook__products_product_id [33 of 196 in 0.65s]
    Passed test  not_null_stg_thelook__products_distribution_center_id [35 of 196 in 0.66s]
    Passed test  not_null_stg_thelook__products_product_id [36 of 196 in 0.67s]
    Passed test  unique_stg_thelook__orders_order_id [38 of 196 in 0.72s]
    Passed test  not_null_stg_thelook__order_items_created_at [32 of 196 in 0.79s]
    Passed test  not_null_stg_thelook__events_created_at [11 of 196 in 0.85s]
    Passed test  not_null_stg_thelook__orders_user_id [40 of 196 in 0.75s]
    Passed test  not_null_stg_thelook__orders_status [42 of 196 in 0.76s]
    Passed test  not_null_stg_thelook__orders_order_id [44 of 196 in 0.78s]
    Passed test  assert_no_orphan_order_items [37 of 196 in 0.79s]
    Passed test  accepted_values_stg_thelook__orders_status__Complete__Shipped__Processing__Returned__Cancelled [46 of 196 in 0.82s]
    Passed test  accepted_values_stg_thelook__orders_gender__M__F [47 of 196 in 0.84s]
    Passed test  not_null_stg_thelook__inventory_items_inventory_item_id [49 of 196 in 0.81s]
    Passed test  not_null_stg_thelook__orders_created_at [43 of 196 in 0.86s]
    Warned test  assert_order_item_created_at_is_plausible (tests/assert_order_item_created_at_is_plausible.sql) [41 of 196 in 1.02s]
    Passed test  unique_stg_thelook__inventory_items_inventory_item_id [51 of 196 in 0.98s]
    Passed test  not_null_stg_thelook__inventory_items_product_id [52 of 196 in 0.98s]
    Passed test  not_null_stg_thelook__inventory_items_created_at [50 of 196 in 1.01s]
    Passed test  not_null_stg_thelook__inventory_items_distribution_center_id [54 of 196 in 0.99s]
 Succeeded model main.int_users__first_order_cohort (view) [39 of 196 in 0.57s]
 Succeeded model main.int_events__sessions (view) [14 of 196 in 0.47s]
 Succeeded model main.int_inventory_items__enriched (view) [53 of 196 in 0.64s]
    Passed test  not_null_int_users__first_order_cohort_user_id [56 of 196 in 0.06s]
    Passed test  unique_int_users__first_order_cohort_user_id [57 of 196 in 0.10s]
    Passed test  assert_timestamps_are_before_after [45 of 196 in 1.28s]
    Passed test  not_null_int_users__first_order_cohort_signup_at [55 of 196 in 0.19s]
    Passed test  not_null_int_inventory_items__enriched_distribution_center_id [64 of 196 in 0.19s]
    Passed test  unique_int_inventory_items__enriched_inventory_item_id [61 of 196 in 0.36s]
    Passed test  not_null_int_inventory_items__enriched_product_id [62 of 196 in 0.39s]
    Passed test  not_null_int_inventory_items__enriched_inventory_item_id [65 of 196 in 0.39s]
 Succeeded model main.int_order_items__enriched (view) [48 of 196 in 0.91s]
 Succeeded model main.int_inventory__by_product_center (view) [63 of 196 in 0.18s]
 Succeeded model main.fct_inventory_items (table) [66 of 196 in 1.88s]
    Passed test  relationships_int_order_items__enriched_inventory_item_id__inventory_item_id__ref_int_inventory_items__enriched_ [71 of 196 in 2.40s]
    Passed test  not_null_int_order_items__enriched_distribution_center_id [68 of 196 in 2.56s]
    Passed test  not_null_int_order_items__enriched_order_item_status [69 of 196 in 2.59s]
    Passed test  not_null_int_order_items__enriched_order_id [73 of 196 in 2.65s]
    Passed test  not_null_int_order_items__enriched_order_status [72 of 196 in 2.75s]
    Passed test  not_null_int_order_items__enriched_user_id [74 of 196 in 2.81s]
    Passed test  accepted_values_int_order_items__enriched_user_traffic_source__Search__Organic__Facebook__Email__Display [75 of 196 in 2.90s]
    Passed test  not_null_int_order_items__enriched_product_cost [76 of 196 in 3.09s]
    Passed test  accepted_values_int_order_items__enriched_order_item_status__Complete__Shipped__Processing__Returned__Cancelled [77 of 196 in 3.15s]
    Passed test  accepted_values_int_order_items__enriched_order_status__Complete__Shipped__Processing__Returned__Cancelled [78 of 196 in 3.23s]
    Passed test  unique_int_order_items__enriched_inventory_item_id [80 of 196 in 3.56s]
    Passed test  not_null_int_order_items__enriched_inventory_item_id [81 of 196 in 3.61s]
    Passed test  unique_int_order_items__enriched_order_item_id [82 of 196 in 4.00s]
    Passed test  not_null_int_order_items__enriched_sale_price [83 of 196 in 4.09s]
    Passed test  not_null_int_order_items__enriched_order_item_id [84 of 196 in 4.15s]
    Passed test  not_null_int_events__sessions_session_id [59 of 196 in 4.66s]
    Passed test  not_null_int_order_items__enriched_product_id [85 of 196 in 4.20s]
    Passed test  accepted_values_int_events__sessions_traffic_source__Email__Adwords__Facebook__YouTube__Organic [60 of 196 in 4.88s]
    Passed test  not_null_int_inventory__by_product_center_product_id [89 of 196 in 4.31s]
    Passed test  not_null_int_inventory__by_product_center_distribution_center_id [90 of 196 in 4.32s]
    Passed test  not_null_fct_inventory_items_is_sold [91 of 196 in 2.64s]
    Passed test  not_null_fct_inventory_items_created_at [92 of 196 in 2.66s]
    Passed test  not_null_fct_inventory_items_distribution_center_id [94 of 196 in 2.67s]
    Passed test  not_null_int_inventory__by_product_center_product_center_key [87 of 196 in 4.38s]
    Passed test  not_null_fct_inventory_items_product_id [93 of 196 in 2.69s]
    Passed test  unique_int_inventory__by_product_center_product_center_key [86 of 196 in 4.38s]
    Passed test  not_null_fct_inventory_items_inventory_item_id [95 of 196 in 2.71s]
    Passed test  not_null_fct_inventory_items_unit_cost [97 of 196 in 2.70s]
    Passed test  unique_fct_inventory_items_inventory_item_id [96 of 196 in 2.78s]
 Succeeded model main.int_orders__item_rollup (view) [70 of 196 in 2.21s]
 Succeeded model main.int_products__returns (view) [79 of 196 in 2.29s]
    Passed test  unique_int_events__sessions_session_id [58 of 196 in 5.18s]
 Succeeded model main.int_products__sales (view) [67 of 196 in 2.28s]
 Succeeded model main.dim_distribution_centers (table) [88 of 196 in 2.27s]
    Passed test  accepted_values_int_orders__item_rollup_order_status__Complete__Shipped__Processing__Returned__Cancelled [99 of 196 in 0.30s]
    Passed test  not_null_int_orders__item_rollup_order_date [98 of 196 in 0.39s]
    Passed test  unique_int_orders__item_rollup_order_id [100 of 196 in 0.62s]
    Passed test  not_null_int_orders__item_rollup_user_id [103 of 196 in 0.62s]
    Passed test  not_null_int_orders__item_rollup_order_created_at [105 of 196 in 0.62s]
    Passed test  relationships_int_order_items__enriched_order_id__order_id__ref_int_orders__item_rollup_ [102 of 196 in 0.70s]
    Passed test  not_null_int_products__returns_product_id [109 of 196 in 0.81s]
    Passed test  not_null_int_orders__item_rollup_order_status [107 of 196 in 0.85s]
    Passed test  not_null_int_orders__item_rollup_order_id [108 of 196 in 0.89s]
    Passed test  unique_dim_distribution_centers_distribution_center_id [115 of 196 in 0.65s]
    Passed test  unique_int_products__returns_product_id [110 of 196 in 0.93s]
    Passed test  relationships_fct_inventory_items_distribution_center_id__distribution_center_id__ref_dim_distribution_centers_ [116 of 196 in 0.69s]
    Passed test  not_null_dim_distribution_centers_distribution_center_id [117 of 196 in 0.70s]
    Passed test  not_null_int_products__sales_product_id [112 of 196 in 0.99s]
 Succeeded model main.int_orders__daily (view) [106 of 196 in 0.33s]
    Passed test  unique_int_products__sales_product_id [113 of 196 in 1.02s]
 Succeeded model main.int_users__lifetime_orders (view) [104 of 196 in 0.36s]
 Succeeded model main.int_cohorts__user_months (view) [101 of 196 in 0.46s]
    Passed test  not_null_int_orders__daily_order_date [119 of 196 in 0.29s]
    Passed test  unique_int_orders__daily_order_date [118 of 196 in 0.43s]
    Passed test  unique_int_users__lifetime_orders_user_id [122 of 196 in 0.73s]
    Passed test  not_null_int_users__lifetime_orders_user_id [123 of 196 in 0.80s]
 Succeeded model main.mart_product_performance (table) [111 of 196 in 1.18s]
 Succeeded model main.dim_products (table) [114 of 196 in 1.22s]
    Passed test  relationships_int_cohorts__user_months_user_id__user_id__ref_int_users__first_order_cohort_ [125 of 196 in 1.36s]
    Passed test  not_null_int_cohorts__user_months_cohort_month [127 of 196 in 1.68s]
    Passed test  not_null_int_cohorts__user_months_user_month_key [129 of 196 in 1.75s]
    Passed test  unique_int_cohorts__user_months_user_month_key [128 of 196 in 1.77s]
    Passed test  not_null_int_cohorts__user_months_user_id [130 of 196 in 1.78s]
    Passed test  not_null_int_cohorts__user_months_activity_month [131 of 196 in 2.11s]
 Succeeded model main.dim_date (table) [120 of 196 in 2.06s]
    Passed test  not_null_mart_product_performance_product_id [132 of 196 in 1.51s]
    Passed test  unique_mart_product_performance_product_id [133 of 196 in 1.55s]
    Passed test  accepted_values_dim_products_department__Men__Women [134 of 196 in 1.54s]
 Succeeded model main.mart_daily_revenue (table) [121 of 196 in 2.17s]
    Passed test  relationships_fct_inventory_items_product_id__product_id__ref_dim_products_ [135 of 196 in 1.60s]
    Passed test  not_null_dim_products_product_id [136 of 196 in 1.60s]
    Passed test  relationships_dim_products_distribution_center_id__distribution_center_id__ref_dim_distribution_centers_ [137 of 196 in 1.63s]
    Passed test  relationships_mart_product_performance_product_id__product_id__ref_dim_products_ [138 of 196 in 1.63s]
    Passed test  not_null_dim_products_distribution_center_id [139 of 196 in 1.65s]
    Passed test  unique_dim_products_product_id [140 of 196 in 1.68s]
    Passed test  unique_dim_date_date_day [141 of 196 in 0.26s]
    Passed test  not_null_dim_date_date_day [143 of 196 in 0.27s]
    Passed test  not_null_dim_date_days_since_first_order [142 of 196 in 0.27s]
    Passed test  not_null_dim_date_is_weekend [144 of 196 in 0.29s]
    Passed test  not_null_dim_date_date_month [145 of 196 in 0.29s]
    Passed test  not_null_dim_date_month_start_at [146 of 196 in 0.31s]
    Passed test  relationships_mart_daily_revenue_revenue_date__date_day__ref_dim_date_ [148 of 196 in 0.20s]
    Passed test  not_null_dim_date_day_of_week_iso [147 of 196 in 0.33s]
    Passed test  unique_mart_daily_revenue_revenue_date [150 of 196 in 0.22s]
    Passed test  not_null_mart_daily_revenue_revenue_date [149 of 196 in 0.23s]
 Succeeded model main.dim_users (table) [124 of 196 in 2.77s]
 Succeeded model main.mart_cohort_retention (table) [126 of 196 in 1.23s]
    Passed test  not_null_dim_users_signup_at [151 of 196 in 0.04s]
    Passed test  accepted_values_dim_users_traffic_source__Search__Organic__Facebook__Email__Display [157 of 196 in 0.04s]
    Passed test  not_null_mart_cohort_retention_activity_month [159 of 196 in 0.04s]
    Passed test  not_null_dim_users_user_id [154 of 196 in 0.06s]
    Passed test  not_null_mart_cohort_retention_months_since_cohort [161 of 196 in 0.05s]
    Passed test  not_null_mart_cohort_retention_cohort_activity_key [162 of 196 in 0.06s]
    Passed test  not_null_mart_cohort_retention_cohort_month [163 of 196 in 0.06s]
    Passed test  accepted_values_dim_users_gender__M__F [158 of 196 in 0.06s]
    Passed test  unique_mart_cohort_retention_cohort_activity_key [160 of 196 in 0.07s]
    Passed test  unique_dim_users_user_id [153 of 196 in 0.08s]
 Succeeded model main.mart_customer_summary (table) [155 of 196 in 1.05s]
    Passed test  not_null_mart_customer_summary_user_id [165 of 196 in 0.03s]
 Succeeded model main.fct_order_items (table) [152 of 196 in 1.10s]
    Passed test  unique_mart_customer_summary_user_id [166 of 196 in 0.08s]
 Succeeded model main.fct_orders (table) [156 of 196 in 1.14s]
    Passed test  relationships_mart_customer_summary_user_id__user_id__ref_dim_users_ [164 of 196 in 0.13s]
    Passed test  not_null_fct_order_items_product_id [172 of 196 in 0.08s]
    Passed test  relationships_fct_order_items_product_id__product_id__ref_dim_products_ [169 of 196 in 0.09s]
    Passed test  relationships_fct_order_items_user_id__user_id__ref_dim_users_ [168 of 196 in 0.10s]
    Passed test  not_null_fct_order_items_order_status [171 of 196 in 0.10s]
    Passed test  not_null_fct_order_items_product_cost [174 of 196 in 0.11s]
    Passed test  not_null_fct_order_items_order_item_id [173 of 196 in 0.12s]
    Passed test  unique_fct_order_items_order_item_id [167 of 196 in 0.13s]
    Passed test  relationships_fct_order_items_distribution_center_id__distribution_center_id__ref_dim_distribution_centers_ [170 of 196 in 0.12s]
    Passed test  not_null_fct_order_items_order_item_status [175 of 196 in 0.13s]
    Passed test  not_null_fct_order_items_distribution_center_id [181 of 196 in 0.13s]
    Passed test  accepted_values_fct_order_items_order_item_status__Complete__Shipped__Processing__Returned__Cancelled [179 of 196 in 0.15s]
    Passed test  not_null_fct_order_items_order_id [176 of 196 in 0.16s]
    Passed test  not_null_fct_orders_order_id [186 of 196 in 0.14s]
    Passed test  not_null_fct_orders_order_month [185 of 196 in 0.15s]
    Passed test  accepted_values_fct_order_items_order_status__Complete__Shipped__Processing__Returned__Cancelled [182 of 196 in 0.18s]
    Passed test  not_null_fct_order_items_sale_price [184 of 196 in 0.19s]
    Passed test  not_null_fct_order_items_user_id [180 of 196 in 0.21s]
    Passed test  accepted_values_fct_orders_order_status__Complete__Shipped__Processing__Returned__Cancelled [187 of 196 in 0.23s]
    Passed test  not_null_fct_order_items_inventory_item_id [183 of 196 in 0.24s]
    Passed test  not_null_fct_orders_order_created_at [189 of 196 in 0.23s]
    Passed test  relationships_fct_order_items_inventory_item_id__inventory_item_id__ref_fct_inventory_items_ [177 of 196 in 0.26s]
    Passed test  not_null_fct_orders_user_id [192 of 196 in 0.23s]
    Passed test  not_null_fct_orders_order_date [188 of 196 in 0.26s]
    Passed test  not_null_fct_orders_order_status [195 of 196 in 0.26s]
    Passed test  relationships_fct_orders_user_id__user_id__ref_dim_users_ [190 of 196 in 0.28s]
    Passed test  unique_fct_order_items_inventory_item_id [178 of 196 in 0.33s]
    Passed test  relationships_fct_order_items_order_id__order_id__ref_fct_orders_ [194 of 196 in 0.31s]
    Passed test  accepted_values_fct_orders_user_traffic_source__Search__Organic__Facebook__Email__Display [196 of 196 in 0.31s]
    Passed test  unique_fct_orders_order_id [193 of 196 in 0.33s]
    Passed test  assert_order_item_count_matches_orders [191 of 196 in 0.34s]

==================== Execution Summary =====================
Finished 'build' with 1 warning for target 'duckdb' [14.3s]
Processed: 29 models | 167 tests
Summary: 196 total | 195 success | 1 warn
