$ /home/hermes/projects/bigquery-duckdb-dbt-experiments/.worktrees/t_48e969eb/.venv/bin/dbt build --target bigquery
# exit 0, wall 124.55 s
   dbt-oss 2.0.5
   Loading profiles.yml
   Started resolving packages from packages.yml
  Finished [  0.00s] resolving packages from packages.yml
 Succeeded model experiments_rows.stg_thelook__events (view) [1 of 196 in 2.92s]
 Succeeded model experiments_rows.stg_thelook__products (view) [4 of 196 in 2.98s]
 Succeeded model experiments_rows.stg_thelook__order_items (view) [6 of 196 in 3.13s]
 Succeeded model experiments_rows.stg_thelook__distribution_centers (view) [2 of 196 in 3.43s]
 Succeeded model experiments_rows.stg_thelook__inventory_items (view) [7 of 196 in 4.75s]
 Succeeded model experiments_rows.stg_thelook__users (view) [3 of 196 in 4.89s]
 Succeeded model experiments_rows.stg_thelook__orders (view) [5 of 196 in 4.92s]
    Passed test  accepted_values_stg_thelook__events_traffic_source__Email__Adwords__Facebook__YouTube__Organic [8 of 196 in 2.89s]
    Passed test  not_null_stg_thelook__events_event_type [10 of 196 in 4.12s]
    Passed test  accepted_values_stg_thelook__events_event_type__home__department__product__cart__purchase__cancel [12 of 196 in 4.30s]
    Passed test  unique_stg_thelook__events_event_id [13 of 196 in 4.34s]
    Passed test  not_null_stg_thelook__events_event_id [14 of 196 in 5.54s]
    Passed test  not_null_stg_thelook__events_session_id [11 of 196 in 6.64s]
    Passed test  unique_stg_thelook__products_product_id [16 of 196 in 6.60s]
    Passed test  not_null_stg_thelook__events_created_at [15 of 196 in 6.67s]
    Passed test  not_null_stg_thelook__products_distribution_center_id [18 of 196 in 7.73s]
    Passed test  not_null_stg_thelook__products_product_id [17 of 196 in 8.72s]
    Passed test  not_null_stg_thelook__order_items_product_id [22 of 196 in 8.64s]
    Passed test  accepted_values_stg_thelook__products_department__Men__Women [19 of 196 in 8.83s]
    Passed test  not_null_stg_thelook__order_items_user_id [21 of 196 in 9.63s]
    Passed test  accepted_values_stg_thelook__order_items_status__Complete__Shipped__Processing__Returned__Cancelled [20 of 196 in 10.76s]
    Passed test  unique_stg_thelook__order_items_order_item_id [23 of 196 in 10.97s]
    Passed test  not_null_stg_thelook__order_items_status [24 of 196 in 10.98s]
    Passed test  not_null_stg_thelook__order_items_order_item_id [25 of 196 in 11.99s]
    Passed test  not_null_stg_thelook__order_items_created_at [26 of 196 in 12.85s]
    Passed test  not_null_stg_thelook__order_items_order_id [27 of 196 in 13.06s]
    Passed test  not_null_stg_thelook__order_items_inventory_item_id [28 of 196 in 13.29s]
    Passed test  not_null_stg_thelook__distribution_centers_distribution_center_id [29 of 196 in 13.97s]
 Succeeded model experiments_rows.int_events__sessions (view) [9 of 196 in 8.98s]
    Passed test  unique_stg_thelook__distribution_centers_distribution_center_id [30 of 196 in 14.85s]
    Passed test  unique_stg_thelook__inventory_items_inventory_item_id [31 of 196 in 14.18s]
    Passed test  not_null_stg_thelook__inventory_items_inventory_item_id [32 of 196 in 14.83s]
    Passed test  not_null_stg_thelook__inventory_items_distribution_center_id [34 of 196 in 15.65s]
    Passed test  not_null_stg_thelook__inventory_items_created_at [33 of 196 in 15.77s]
    Passed test  not_null_stg_thelook__inventory_items_product_id [36 of 196 in 16.36s]
    Passed test  unique_stg_thelook__users_user_id [37 of 196 in 16.99s]
    Passed test  accepted_values_stg_thelook__users_traffic_source__Search__Organic__Facebook__Email__Display [38 of 196 in 17.63s]
    Passed test  not_null_stg_thelook__users_created_at [39 of 196 in 17.94s]
    Passed test  relationships_stg_thelook__events_user_id__user_id__ref_stg_thelook__users_ [40 of 196 in 18.32s]
    Passed test  accepted_values_stg_thelook__users_gender__M__F [41 of 196 in 19.56s]
    Passed test  not_null_stg_thelook__users_user_id [42 of 196 in 19.62s]
    Passed test  unique_stg_thelook__orders_order_id [45 of 196 in 20.36s]
    Warned test  assert_order_item_created_at_is_plausible (tests/assert_order_item_created_at_is_plausible.sql) [44 of 196 in 20.69s]
    Passed test  assert_no_orphan_order_items [47 of 196 in 21.66s]
    Passed test  not_null_stg_thelook__orders_order_id [46 of 196 in 21.71s]
    Passed test  accepted_values_stg_thelook__orders_status__Complete__Shipped__Processing__Returned__Cancelled [48 of 196 in 22.49s]
    Passed test  not_null_stg_thelook__orders_created_at [49 of 196 in 22.85s]
    Passed test  not_null_stg_thelook__orders_user_id [50 of 196 in 23.80s]
    Passed test  not_null_stg_thelook__orders_status [52 of 196 in 23.81s]
    Passed test  assert_timestamps_are_before_after [53 of 196 in 24.51s]
    Passed test  accepted_values_stg_thelook__orders_gender__M__F [54 of 196 in 24.98s]
 Succeeded model experiments_rows.int_inventory_items__enriched (view) [35 of 196 in 20.99s]
    Passed test  not_null_int_events__sessions_session_id [56 of 196 in 13.56s]
 Succeeded model experiments_rows.int_order_items__enriched (view) [51 of 196 in 14.13s]
 Succeeded model experiments_rows.int_users__first_order_cohort (view) [43 of 196 in 14.81s]
    Passed test  unique_int_events__sessions_session_id [55 of 196 in 15.90s]
    Passed test  accepted_values_int_events__sessions_traffic_source__Email__Adwords__Facebook__YouTube__Organic [57 of 196 in 16.01s]
    Passed test  unique_int_inventory_items__enriched_inventory_item_id [58 of 196 in 4.65s]
    Passed test  not_null_int_inventory_items__enriched_distribution_center_id [59 of 196 in 4.92s]
    Passed test  not_null_int_inventory_items__enriched_product_id [61 of 196 in 5.38s]
    Passed test  not_null_int_inventory_items__enriched_inventory_item_id [60 of 196 in 5.90s]
    Passed test  not_null_int_order_items__enriched_sale_price [65 of 196 in 5.20s]
    Passed test  relationships_int_order_items__enriched_inventory_item_id__inventory_item_id__ref_int_inventory_items__enriched_ [64 of 196 in 5.38s]
    Passed test  accepted_values_int_order_items__enriched_order_item_status__Complete__Shipped__Processing__Returned__Cancelled [66 of 196 in 5.57s]
    Passed test  not_null_int_order_items__enriched_inventory_item_id [70 of 196 in 6.13s]
    Passed test  accepted_values_int_order_items__enriched_order_status__Complete__Shipped__Processing__Returned__Cancelled [68 of 196 in 7.38s]
    Passed test  not_null_int_order_items__enriched_order_id [67 of 196 in 7.84s]
    Passed test  not_null_int_order_items__enriched_order_status [72 of 196 in 8.03s]
    Passed test  not_null_int_order_items__enriched_product_cost [71 of 196 in 8.49s]
    Passed test  not_null_int_order_items__enriched_user_id [73 of 196 in 9.54s]
    Passed test  not_null_int_order_items__enriched_product_id [74 of 196 in 9.96s]
    Passed test  unique_int_order_items__enriched_inventory_item_id [75 of 196 in 10.50s]
    Passed test  accepted_values_int_order_items__enriched_user_traffic_source__Search__Organic__Facebook__Email__Display [77 of 196 in 10.63s]
    Passed test  not_null_int_order_items__enriched_distribution_center_id [79 of 196 in 12.21s]
    Passed test  not_null_int_order_items__enriched_order_item_status [78 of 196 in 12.30s]
    Passed test  not_null_int_order_items__enriched_order_item_id [81 of 196 in 12.78s]
    Passed test  unique_int_order_items__enriched_order_item_id [82 of 196 in 13.11s]
 Succeeded model experiments_rows.int_inventory__by_product_center (view) [62 of 196 in 12.50s]
    Passed test  not_null_int_users__first_order_cohort_signup_at [83 of 196 in 15.05s]
    Passed test  not_null_int_users__first_order_cohort_user_id [84 of 196 in 15.15s]
    Passed test  unique_int_users__first_order_cohort_user_id [85 of 196 in 15.89s]
 Succeeded model experiments_rows.int_products__sales (view) [80 of 196 in 4.87s]
 Succeeded model experiments_rows.fct_inventory_items (table) [63 of 196 in 16.57s]
 Succeeded model experiments_rows.int_orders__item_rollup (view) [76 of 196 in 5.64s]
 Succeeded model experiments_rows.int_products__returns (view) [69 of 196 in 6.30s]
    Passed test  not_null_int_inventory__by_product_center_distribution_center_id [88 of 196 in 5.71s]
    Passed test  not_null_int_inventory__by_product_center_product_center_key [90 of 196 in 6.56s]
    Passed test  not_null_int_inventory__by_product_center_product_id [89 of 196 in 6.57s]
    Passed test  unique_int_inventory__by_product_center_product_center_key [87 of 196 in 7.47s]
    Passed test  not_null_int_products__sales_product_id [91 of 196 in 4.34s]
    Passed test  unique_int_products__sales_product_id [92 of 196 in 5.09s]
    Passed test  not_null_fct_inventory_items_created_at [93 of 196 in 5.02s]
    Passed test  not_null_fct_inventory_items_distribution_center_id [94 of 196 in 5.45s]
    Passed test  unique_fct_inventory_items_inventory_item_id [95 of 196 in 6.45s]
    Passed test  not_null_fct_inventory_items_unit_cost [96 of 196 in 6.52s]
    Passed test  not_null_fct_inventory_items_product_id [97 of 196 in 7.08s]
    Passed test  not_null_fct_inventory_items_is_sold [98 of 196 in 7.39s]
    Passed test  not_null_fct_inventory_items_inventory_item_id [99 of 196 in 8.56s]
    Passed test  not_null_int_orders__item_rollup_order_created_at [100 of 196 in 8.34s]
    Passed test  not_null_int_orders__item_rollup_order_status [103 of 196 in 9.02s]
    Passed test  accepted_values_int_orders__item_rollup_order_status__Complete__Shipped__Processing__Returned__Cancelled [107 of 196 in 10.36s]
    Passed test  not_null_int_orders__item_rollup_order_id [105 of 196 in 10.45s]
    Passed test  not_null_int_orders__item_rollup_order_date [104 of 196 in 10.97s]
    Passed test  unique_int_orders__item_rollup_order_id [108 of 196 in 11.29s]
    Passed test  not_null_int_orders__item_rollup_user_id [110 of 196 in 12.62s]
    Passed test  relationships_int_order_items__enriched_order_id__order_id__ref_int_orders__item_rollup_ [109 of 196 in 12.75s]
    Passed test  not_null_int_products__returns_product_id [114 of 196 in 12.59s]
    Passed test  unique_int_products__returns_product_id [112 of 196 in 12.78s]
 Succeeded model experiments_rows.int_cohorts__user_months (view) [106 of 196 in 4.82s]
 Succeeded model experiments_rows.int_orders__daily (view) [101 of 196 in 5.11s]
 Succeeded model experiments_rows.int_users__lifetime_orders (view) [102 of 196 in 5.41s]
 Succeeded model experiments_rows.dim_distribution_centers (table) [86 of 196 in 16.69s]
    Passed test  not_null_int_cohorts__user_months_cohort_month [115 of 196 in 3.07s]
    Passed test  unique_int_cohorts__user_months_user_month_key [116 of 196 in 3.28s]
 Succeeded model experiments_rows.mart_product_performance (table) [111 of 196 in 8.18s]
 Succeeded model experiments_rows.dim_products (table) [113 of 196 in 8.99s]
    Passed test  not_null_int_cohorts__user_months_user_month_key [118 of 196 in 5.65s]
    Passed test  relationships_int_cohorts__user_months_user_id__user_id__ref_int_users__first_order_cohort_ [117 of 196 in 6.28s]
    Passed test  not_null_int_cohorts__user_months_user_id [120 of 196 in 7.59s]
    Passed test  not_null_int_cohorts__user_months_activity_month [121 of 196 in 7.68s]
    Passed test  not_null_int_orders__daily_order_date [124 of 196 in 7.41s]
    Passed test  unique_int_orders__daily_order_date [123 of 196 in 8.45s]
    Passed test  unique_int_users__lifetime_orders_user_id [128 of 196 in 9.31s]
    Passed test  not_null_int_users__lifetime_orders_user_id [126 of 196 in 9.47s]
    Passed test  relationships_fct_inventory_items_distribution_center_id__distribution_center_id__ref_dim_distribution_centers_ [129 of 196 in 9.75s]
    Passed test  not_null_dim_distribution_centers_distribution_center_id [130 of 196 in 10.99s]
    Passed test  unique_dim_distribution_centers_distribution_center_id [131 of 196 in 11.11s]
    Passed test  unique_mart_product_performance_product_id [132 of 196 in 7.86s]
 Succeeded model experiments_rows.mart_cohort_retention (table) [119 of 196 in 5.64s]
    Passed test  not_null_mart_product_performance_product_id [133 of 196 in 9.06s]
    Passed test  accepted_values_dim_products_department__Men__Women [135 of 196 in 8.32s]
    Passed test  not_null_dim_products_distribution_center_id [134 of 196 in 8.94s]
    Passed test  relationships_fct_inventory_items_product_id__product_id__ref_dim_products_ [136 of 196 in 9.09s]
    Passed test  relationships_dim_products_distribution_center_id__distribution_center_id__ref_dim_distribution_centers_ [137 of 196 in 10.16s]
    Passed test  not_null_dim_products_product_id [138 of 196 in 10.25s]
    Passed test  relationships_mart_product_performance_product_id__product_id__ref_dim_products_ [140 of 196 in 11.04s]
    Passed test  unique_dim_products_product_id [139 of 196 in 11.94s]
 Succeeded model experiments_rows.dim_date (table) [125 of 196 in 10.57s]
    Passed test  not_null_mart_cohort_retention_cohort_month [141 of 196 in 6.76s]
 Succeeded model experiments_rows.mart_daily_revenue (table) [122 of 196 in 11.86s]
    Passed test  unique_mart_cohort_retention_cohort_activity_key [142 of 196 in 8.20s]
    Passed test  not_null_mart_cohort_retention_activity_month [143 of 196 in 8.56s]
    Passed test  not_null_mart_cohort_retention_months_since_cohort [144 of 196 in 9.80s]
 Succeeded model experiments_rows.dim_users (table) [127 of 196 in 12.76s]
    Passed test  not_null_mart_cohort_retention_cohort_activity_key [145 of 196 in 10.13s]
    Passed test  unique_dim_date_date_day [146 of 196 in 5.11s]
    Passed test  not_null_dim_date_month_start_at [147 of 196 in 5.42s]
    Passed test  not_null_dim_date_days_since_first_order [148 of 196 in 5.76s]
    Passed test  not_null_dim_date_is_weekend [149 of 196 in 6.33s]
    Passed test  not_null_dim_date_date_day [151 of 196 in 7.25s]
    Passed test  not_null_dim_date_date_month [150 of 196 in 7.29s]
    Passed test  not_null_dim_date_day_of_week_iso [152 of 196 in 7.59s]
    Passed test  not_null_mart_daily_revenue_revenue_date [153 of 196 in 7.08s]
    Passed test  relationships_mart_daily_revenue_revenue_date__date_day__ref_dim_date_ [154 of 196 in 7.70s]
    Passed test  unique_mart_daily_revenue_revenue_date [155 of 196 in 7.91s]
    Passed test  accepted_values_dim_users_gender__M__F [157 of 196 in 5.75s]
    Passed test  accepted_values_dim_users_traffic_source__Search__Organic__Facebook__Email__Display [159 of 196 in 6.45s]
    Passed test  not_null_dim_users_signup_at [161 of 196 in 7.36s]
    Passed test  not_null_dim_users_user_id [160 of 196 in 7.50s]
    Passed test  unique_dim_users_user_id [162 of 196 in 7.63s]
 Succeeded model experiments_rows.mart_customer_summary (table) [163 of 196 in 8.46s]
 Succeeded model experiments_rows.fct_orders (table) [158 of 196 in 9.37s]
 Succeeded model experiments_rows.fct_order_items (table) [156 of 196 in 9.80s]
    Passed test  unique_mart_customer_summary_user_id [165 of 196 in 1.92s]
    Passed test  not_null_mart_customer_summary_user_id [166 of 196 in 1.95s]
    Passed test  relationships_mart_customer_summary_user_id__user_id__ref_dim_users_ [164 of 196 in 3.15s]
    Passed test  not_null_fct_orders_user_id [168 of 196 in 2.43s]
    Passed test  not_null_fct_orders_order_date [167 of 196 in 2.94s]
    Passed test  not_null_fct_orders_order_created_at [170 of 196 in 2.97s]
    Passed test  not_null_fct_orders_order_status [169 of 196 in 4.17s]
    Passed test  relationships_fct_orders_user_id__user_id__ref_dim_users_ [172 of 196 in 4.60s]
    Passed test  assert_order_item_count_matches_orders [175 of 196 in 4.98s]
    Passed test  accepted_values_fct_orders_user_traffic_source__Search__Organic__Facebook__Email__Display [171 of 196 in 5.07s]
    Passed test  unique_fct_orders_order_id [176 of 196 in 6.17s]
    Passed test  not_null_fct_orders_order_month [177 of 196 in 6.47s]
    Passed test  not_null_fct_orders_order_id [174 of 196 in 6.88s]
    Passed test  accepted_values_fct_orders_order_status__Complete__Shipped__Processing__Returned__Cancelled [173 of 196 in 6.92s]
    Passed test  relationships_fct_order_items_inventory_item_id__inventory_item_id__ref_fct_inventory_items_ [179 of 196 in 7.71s]
    Passed test  accepted_values_fct_order_items_order_status__Complete__Shipped__Processing__Returned__Cancelled [178 of 196 in 7.86s]
    Passed test  unique_fct_order_items_inventory_item_id [181 of 196 in 8.37s]
    Passed test  not_null_fct_order_items_inventory_item_id [180 of 196 in 8.38s]
    Passed test  not_null_fct_order_items_order_item_status [183 of 196 in 9.79s]
    Passed test  accepted_values_fct_order_items_order_item_status__Complete__Shipped__Processing__Returned__Cancelled [185 of 196 in 10.11s]
    Passed test  not_null_fct_order_items_distribution_center_id [184 of 196 in 10.23s]
    Passed test  unique_fct_order_items_order_item_id [182 of 196 in 10.26s]
    Passed test  not_null_fct_order_items_order_item_id [188 of 196 in 11.71s]
    Passed test  not_null_fct_order_items_sale_price [187 of 196 in 12.07s]
    Passed test  not_null_fct_order_items_product_cost [189 of 196 in 12.27s]
    Passed test  relationships_fct_order_items_product_id__product_id__ref_dim_products_ [186 of 196 in 13.51s]
    Passed test  not_null_fct_order_items_order_status [190 of 196 in 14.03s]
    Passed test  relationships_fct_order_items_user_id__user_id__ref_dim_users_ [191 of 196 in 14.07s]
    Passed test  relationships_fct_order_items_distribution_center_id__distribution_center_id__ref_dim_distribution_centers_ [194 of 196 in 14.99s]
    Passed test  not_null_fct_order_items_order_id [192 of 196 in 15.69s]
    Passed test  relationships_fct_order_items_order_id__order_id__ref_fct_orders_ [193 of 196 in 16.12s]
    Passed test  not_null_fct_order_items_product_id [195 of 196 in 16.14s]
    Passed test  not_null_fct_order_items_user_id [196 of 196 in 16.99s]

==================== Execution Summary =====================
Finished 'build' with 2 warnings for target 'bigquery' [2m 4s]
Processed: 29 models | 167 tests
Summary: 196 total | 195 success | 1 warn

# --- stderr ---

=================== Errors and Warnings ====================
[warning] [MacroSyntaxInvalid (dbt1502)]: Failed to parse macro SQL syntax error: unexpected 'endmacro' end of block identifier
(in analyses/value_parity/rows.md:92:6)
  --> analyses/value_parity/rows.md:92:6
