$ /home/hermes/projects/bigquery-duckdb-dbt-experiments/.worktrees/t_48e969eb/.venv/bin/dbt build --target duckdb
# exit 0, wall 13.58 s
   dbt-oss 2.0.5
   Loading profiles.yml
   Started resolving packages from packages.yml
  Finished [  0.00s] resolving packages from packages.yml
 Succeeded model main.stg_thelook__distribution_centers (view) [2 of 196 in 0.12s]
 Succeeded model main.stg_thelook__users (view) [3 of 196 in 0.14s]
 Succeeded model main.stg_thelook__events (view) [1 of 196 in 0.16s]
 Succeeded model main.stg_thelook__products (view) [4 of 196 in 0.17s]
 Succeeded model main.stg_thelook__inventory_items (view) [7 of 196 in 0.24s]
    Passed test  not_null_stg_thelook__distribution_centers_distribution_center_id [9 of 196 in 0.14s]
 Succeeded model main.stg_thelook__order_items (view) [6 of 196 in 0.27s]
    Passed test  not_null_stg_thelook__users_user_id [10 of 196 in 0.13s]
 Succeeded model main.stg_thelook__orders (view) [5 of 196 in 0.28s]
    Passed test  unique_stg_thelook__distribution_centers_distribution_center_id [8 of 196 in 0.17s]
    Passed test  accepted_values_stg_thelook__users_gender__M__F [12 of 196 in 0.14s]
    Passed test  unique_stg_thelook__users_user_id [13 of 196 in 0.16s]
    Passed test  accepted_values_stg_thelook__users_traffic_source__Search__Organic__Facebook__Email__Display [11 of 196 in 0.18s]
    Passed test  not_null_stg_thelook__events_event_type [17 of 196 in 0.21s]
    Passed test  not_null_stg_thelook__users_created_at [14 of 196 in 0.22s]
    Passed test  not_null_stg_thelook__events_event_id [16 of 196 in 0.21s]
    Passed test  accepted_values_stg_thelook__events_event_type__home__department__product__cart__purchase__cancel [15 of 196 in 0.22s]
    Passed test  not_null_stg_thelook__events_session_id [19 of 196 in 0.23s]
    Passed test  accepted_values_stg_thelook__events_traffic_source__Email__Adwords__Facebook__YouTube__Organic [22 of 196 in 0.34s]
    Passed test  not_null_stg_thelook__products_distribution_center_id [24 of 196 in 0.35s]
    Passed test  not_null_stg_thelook__products_product_id [26 of 196 in 0.41s]
    Passed test  accepted_values_stg_thelook__products_department__Men__Women [25 of 196 in 0.42s]
    Passed test  unique_stg_thelook__products_product_id [27 of 196 in 0.45s]
    Passed test  relationships_stg_thelook__events_user_id__user_id__ref_stg_thelook__users_ [23 of 196 in 0.49s]
    Passed test  not_null_stg_thelook__inventory_items_product_id [28 of 196 in 0.48s]
    Passed test  not_null_stg_thelook__inventory_items_inventory_item_id [31 of 196 in 0.49s]
    Passed test  not_null_stg_thelook__inventory_items_distribution_center_id [32 of 196 in 0.51s]
    Passed test  unique_stg_thelook__events_event_id [20 of 196 in 0.61s]
    Passed test  not_null_stg_thelook__order_items_product_id [34 of 196 in 0.51s]
    Passed test  not_null_stg_thelook__order_items_order_item_id [35 of 196 in 0.53s]
    Passed test  not_null_stg_thelook__order_items_user_id [37 of 196 in 0.54s]
    Passed test  unique_stg_thelook__order_items_order_item_id [36 of 196 in 0.58s]
    Passed test  not_null_stg_thelook__order_items_order_id [38 of 196 in 0.60s]
    Passed test  not_null_stg_thelook__order_items_status [39 of 196 in 0.61s]
    Passed test  not_null_stg_thelook__order_items_inventory_item_id [41 of 196 in 0.62s]
    Passed test  unique_stg_thelook__inventory_items_inventory_item_id [33 of 196 in 0.69s]
    Passed test  accepted_values_stg_thelook__order_items_status__Complete__Shipped__Processing__Returned__Cancelled [42 of 196 in 0.69s]
    Passed test  not_null_stg_thelook__inventory_items_created_at [29 of 196 in 0.75s]
    Passed test  not_null_stg_thelook__order_items_created_at [40 of 196 in 0.77s]
    Passed test  unique_stg_thelook__orders_order_id [47 of 196 in 0.81s]
    Passed test  accepted_values_stg_thelook__orders_gender__M__F [46 of 196 in 0.84s]
    Passed test  not_null_stg_thelook__orders_status [49 of 196 in 0.85s]
    Passed test  not_null_stg_thelook__events_created_at [18 of 196 in 1.03s]
    Passed test  accepted_values_stg_thelook__orders_status__Complete__Shipped__Processing__Returned__Cancelled [51 of 196 in 0.92s]
    Passed test  not_null_stg_thelook__orders_user_id [52 of 196 in 0.94s]
    Passed test  not_null_stg_thelook__orders_order_id [54 of 196 in 0.97s]
    Passed test  assert_no_orphan_order_items [50 of 196 in 0.99s]
    Warned test  assert_order_item_created_at_is_plausible (tests/assert_order_item_created_at_is_plausible.sql) [45 of 196 in 1.04s]
 Succeeded model main.int_inventory_items__enriched (view) [30 of 196 in 0.64s]
    Passed test  not_null_stg_thelook__orders_created_at [53 of 196 in 1.08s]
 Succeeded model main.int_events__sessions (view) [21 of 196 in 0.33s]
 Succeeded model main.int_users__first_order_cohort (view) [43 of 196 in 0.52s]
    Passed test  not_null_int_inventory_items__enriched_product_id [56 of 196 in 0.14s]
    Passed test  not_null_int_inventory_items__enriched_distribution_center_id [58 of 196 in 0.14s]
    Passed test  not_null_int_inventory_items__enriched_inventory_item_id [59 of 196 in 0.15s]
    Passed test  unique_int_inventory_items__enriched_inventory_item_id [55 of 196 in 0.17s]
    Passed test  assert_timestamps_are_before_after [44 of 196 in 1.23s]
 Succeeded model main.int_inventory__by_product_center (view) [57 of 196 in 0.17s]
 Succeeded model main.int_order_items__enriched (view) [48 of 196 in 0.65s]
    Passed test  not_null_int_users__first_order_cohort_user_id [64 of 196 in 0.38s]
 Succeeded model main.fct_inventory_items (table) [60 of 196 in 1.67s]
    Passed test  unique_int_users__first_order_cohort_user_id [65 of 196 in 1.73s]
    Passed test  not_null_int_users__first_order_cohort_signup_at [66 of 196 in 1.79s]
    Passed test  unique_int_inventory__by_product_center_product_center_key [67 of 196 in 2.04s]
    Passed test  not_null_int_inventory__by_product_center_product_id [68 of 196 in 2.05s]
    Passed test  not_null_int_inventory__by_product_center_product_center_key [69 of 196 in 2.43s]
    Passed test  not_null_int_inventory__by_product_center_distribution_center_id [70 of 196 in 2.45s]
    Passed test  not_null_int_order_items__enriched_order_status [72 of 196 in 2.48s]
    Passed test  not_null_int_order_items__enriched_distribution_center_id [74 of 196 in 2.66s]
    Passed test  not_null_int_order_items__enriched_product_id [75 of 196 in 2.71s]
    Passed test  not_null_int_order_items__enriched_order_item_id [76 of 196 in 2.74s]
    Passed test  accepted_values_int_order_items__enriched_order_item_status__Complete__Shipped__Processing__Returned__Cancelled [77 of 196 in 2.82s]
    Passed test  not_null_int_order_items__enriched_order_id [78 of 196 in 2.86s]
    Passed test  accepted_values_int_order_items__enriched_user_traffic_source__Search__Organic__Facebook__Email__Display [81 of 196 in 2.97s]
    Passed test  unique_int_order_items__enriched_order_item_id [82 of 196 in 3.28s]
    Passed test  not_null_int_order_items__enriched_order_item_status [83 of 196 in 3.32s]
    Passed test  accepted_values_int_order_items__enriched_order_status__Complete__Shipped__Processing__Returned__Cancelled [84 of 196 in 3.37s]
    Passed test  not_null_int_order_items__enriched_inventory_item_id [85 of 196 in 3.42s]
    Passed test  not_null_int_order_items__enriched_product_cost [86 of 196 in 3.60s]
    Passed test  not_null_int_order_items__enriched_user_id [87 of 196 in 3.64s]
    Passed test  unique_int_order_items__enriched_inventory_item_id [89 of 196 in 3.91s]
    Passed test  accepted_values_int_events__sessions_traffic_source__Email__Adwords__Facebook__YouTube__Organic [63 of 196 in 4.35s]
    Passed test  not_null_int_order_items__enriched_sale_price [90 of 196 in 4.16s]
    Passed test  not_null_fct_inventory_items_is_sold [91 of 196 in 2.78s]
    Passed test  not_null_fct_inventory_items_distribution_center_id [92 of 196 in 2.81s]
    Passed test  not_null_fct_inventory_items_inventory_item_id [93 of 196 in 2.84s]
    Passed test  not_null_fct_inventory_items_unit_cost [94 of 196 in 2.87s]
    Passed test  relationships_int_order_items__enriched_inventory_item_id__inventory_item_id__ref_int_inventory_items__enriched_ [88 of 196 in 4.27s]
    Passed test  not_null_fct_inventory_items_product_id [96 of 196 in 2.90s]
    Passed test  not_null_fct_inventory_items_created_at [97 of 196 in 2.92s]
    Passed test  unique_int_events__sessions_session_id [61 of 196 in 4.74s]
    Passed test  unique_fct_inventory_items_inventory_item_id [95 of 196 in 3.13s]
 Succeeded model main.int_products__returns (view) [73 of 196 in 2.04s]
 Succeeded model main.int_orders__item_rollup (view) [79 of 196 in 2.14s]
    Passed test  not_null_int_events__sessions_session_id [62 of 196 in 5.00s]
 Succeeded model main.dim_distribution_centers (table) [71 of 196 in 3.98s]
 Succeeded model main.int_products__sales (view) [80 of 196 in 2.28s]
    Passed test  not_null_int_orders__item_rollup_user_id [104 of 196 in 0.22s]
    Passed test  unique_int_products__returns_product_id [98 of 196 in 0.31s]
    Passed test  not_null_int_orders__item_rollup_order_status [105 of 196 in 0.40s]
    Passed test  accepted_values_int_orders__item_rollup_order_status__Complete__Shipped__Processing__Returned__Cancelled [100 of 196 in 0.41s]
    Passed test  not_null_int_products__returns_product_id [99 of 196 in 0.55s]
    Passed test  unique_int_orders__item_rollup_order_id [101 of 196 in 0.53s]
    Passed test  not_null_int_orders__item_rollup_order_date [107 of 196 in 0.62s]
    Passed test  not_null_int_orders__item_rollup_order_id [106 of 196 in 0.68s]
    Passed test  relationships_fct_inventory_items_distribution_center_id__distribution_center_id__ref_dim_distribution_centers_ [111 of 196 in 0.66s]
    Passed test  unique_dim_distribution_centers_distribution_center_id [112 of 196 in 0.66s]
    Passed test  not_null_dim_distribution_centers_distribution_center_id [113 of 196 in 0.67s]
    Passed test  not_null_int_orders__item_rollup_order_created_at [109 of 196 in 0.79s]
    Passed test  relationships_int_order_items__enriched_order_id__order_id__ref_int_orders__item_rollup_ [102 of 196 in 0.84s]
    Passed test  not_null_int_products__sales_product_id [114 of 196 in 0.77s]
    Passed test  unique_int_products__sales_product_id [115 of 196 in 0.85s]
 Succeeded model main.int_cohorts__user_months (view) [108 of 196 in 0.20s]
 Succeeded model main.int_users__lifetime_orders (view) [110 of 196 in 0.22s]
 Succeeded model main.int_orders__daily (view) [103 of 196 in 0.24s]
    Passed test  not_null_int_cohorts__user_months_user_id [119 of 196 in 0.30s]
 Succeeded model main.dim_products (table) [117 of 196 in 1.12s]
    Passed test  relationships_int_cohorts__user_months_user_id__user_id__ref_int_users__first_order_cohort_ [120 of 196 in 0.60s]
    Passed test  unique_int_cohorts__user_months_user_month_key [118 of 196 in 0.69s]
 Succeeded model main.mart_product_performance (table) [116 of 196 in 1.41s]
    Passed test  not_null_int_cohorts__user_months_activity_month [122 of 196 in 0.97s]
    Passed test  not_null_int_cohorts__user_months_user_month_key [121 of 196 in 1.02s]
    Passed test  not_null_int_users__lifetime_orders_user_id [125 of 196 in 1.09s]
    Passed test  not_null_int_cohorts__user_months_cohort_month [124 of 196 in 1.15s]
    Passed test  accepted_values_dim_products_department__Men__Women [132 of 196 in 0.63s]
    Passed test  not_null_dim_products_distribution_center_id [133 of 196 in 0.65s]
    Passed test  unique_dim_products_product_id [134 of 196 in 0.68s]
    Passed test  not_null_dim_products_product_id [135 of 196 in 0.70s]
    Passed test  unique_int_users__lifetime_orders_user_id [127 of 196 in 1.25s]
    Passed test  relationships_dim_products_distribution_center_id__distribution_center_id__ref_dim_distribution_centers_ [137 of 196 in 0.73s]
    Passed test  relationships_fct_inventory_items_product_id__product_id__ref_dim_products_ [136 of 196 in 0.75s]
    Passed test  unique_mart_product_performance_product_id [138 of 196 in 0.48s]
    Passed test  unique_int_orders__daily_order_date [129 of 196 in 1.32s]
    Passed test  relationships_mart_product_performance_product_id__product_id__ref_dim_products_ [139 of 196 in 0.50s]
    Passed test  not_null_mart_product_performance_product_id [140 of 196 in 0.51s]
    Passed test  not_null_int_orders__daily_order_date [131 of 196 in 1.36s]
 Succeeded model main.mart_cohort_retention (table) [123 of 196 in 0.88s]
 Succeeded model main.mart_daily_revenue (table) [130 of 196 in 1.17s]
 Succeeded model main.dim_date (table) [128 of 196 in 1.18s]
    Passed test  not_null_mart_cohort_retention_activity_month [144 of 196 in 0.05s]
    Passed test  not_null_mart_cohort_retention_cohort_activity_key [141 of 196 in 0.05s]
    Passed test  not_null_mart_cohort_retention_cohort_month [142 of 196 in 0.06s]
    Passed test  not_null_mart_cohort_retention_months_since_cohort [143 of 196 in 0.06s]
    Passed test  unique_mart_cohort_retention_cohort_activity_key [145 of 196 in 0.07s]
    Passed test  unique_mart_daily_revenue_revenue_date [146 of 196 in 0.07s]
    Passed test  not_null_dim_date_date_day [149 of 196 in 0.06s]
    Passed test  not_null_dim_date_days_since_first_order [148 of 196 in 0.06s]
    Passed test  not_null_mart_daily_revenue_revenue_date [147 of 196 in 0.08s]
    Passed test  not_null_dim_date_month_start_at [150 of 196 in 0.07s]
    Passed test  unique_dim_date_date_day [151 of 196 in 0.09s]
    Passed test  relationships_mart_daily_revenue_revenue_date__date_day__ref_dim_date_ [152 of 196 in 0.09s]
    Passed test  not_null_dim_date_is_weekend [153 of 196 in 0.09s]
    Passed test  not_null_dim_date_day_of_week_iso [154 of 196 in 0.09s]
    Passed test  not_null_dim_date_date_month [155 of 196 in 0.09s]
 Succeeded model main.dim_users (table) [126 of 196 in 1.41s]
    Passed test  not_null_dim_users_user_id [156 of 196 in 0.03s]
    Passed test  accepted_values_dim_users_gender__M__F [159 of 196 in 0.04s]
    Passed test  unique_dim_users_user_id [158 of 196 in 0.04s]
    Passed test  not_null_dim_users_signup_at [160 of 196 in 0.04s]
    Passed test  accepted_values_dim_users_traffic_source__Search__Organic__Facebook__Email__Display [162 of 196 in 0.04s]
 Succeeded model main.fct_orders (table) [161 of 196 in 0.69s]
 Succeeded model main.mart_customer_summary (table) [157 of 196 in 0.74s]
    Passed test  not_null_fct_orders_order_month [166 of 196 in 0.05s]
    Passed test  not_null_fct_orders_user_id [164 of 196 in 0.08s]
    Passed test  accepted_values_fct_orders_order_status__Complete__Shipped__Processing__Returned__Cancelled [168 of 196 in 0.10s]
    Passed test  unique_fct_orders_order_id [167 of 196 in 0.12s]
    Passed test  not_null_fct_orders_order_id [165 of 196 in 0.13s]
    Passed test  accepted_values_fct_orders_user_traffic_source__Search__Organic__Facebook__Email__Display [171 of 196 in 0.13s]
    Passed test  not_null_fct_orders_order_date [170 of 196 in 0.13s]
    Passed test  relationships_fct_orders_user_id__user_id__ref_dim_users_ [169 of 196 in 0.17s]
    Passed test  not_null_fct_orders_order_created_at [172 of 196 in 0.20s]
    Passed test  not_null_fct_orders_order_status [174 of 196 in 0.20s]
    Passed test  not_null_mart_customer_summary_user_id [175 of 196 in 0.18s]
    Passed test  unique_mart_customer_summary_user_id [176 of 196 in 0.20s]
    Passed test  relationships_mart_customer_summary_user_id__user_id__ref_dim_users_ [177 of 196 in 0.22s]
    Passed test  assert_order_item_count_matches_orders [173 of 196 in 0.26s]
 Succeeded model main.fct_order_items (table) [163 of 196 in 1.09s]
    Passed test  not_null_fct_order_items_user_id [180 of 196 in 0.04s]
    Passed test  not_null_fct_order_items_product_id [183 of 196 in 0.06s]
    Passed test  unique_fct_order_items_inventory_item_id [178 of 196 in 0.08s]
    Passed test  accepted_values_fct_order_items_order_status__Complete__Shipped__Processing__Returned__Cancelled [188 of 196 in 0.09s]
    Passed test  not_null_fct_order_items_product_cost [186 of 196 in 0.13s]
    Passed test  relationships_fct_order_items_order_id__order_id__ref_fct_orders_ [179 of 196 in 0.13s]
    Passed test  relationships_fct_order_items_user_id__user_id__ref_dim_users_ [181 of 196 in 0.13s]
    Passed test  unique_fct_order_items_order_item_id [184 of 196 in 0.14s]
    Passed test  not_null_fct_order_items_sale_price [182 of 196 in 0.14s]
    Passed test  not_null_fct_order_items_order_item_status [187 of 196 in 0.15s]
    Passed test  relationships_fct_order_items_product_id__product_id__ref_dim_products_ [185 of 196 in 0.15s]
    Passed test  not_null_fct_order_items_inventory_item_id [190 of 196 in 0.15s]
    Passed test  not_null_fct_order_items_order_item_id [191 of 196 in 0.17s]
    Passed test  not_null_fct_order_items_distribution_center_id [196 of 196 in 0.17s]
    Passed test  not_null_fct_order_items_order_status [192 of 196 in 0.18s]
    Passed test  relationships_fct_order_items_distribution_center_id__distribution_center_id__ref_dim_distribution_centers_ [189 of 196 in 0.18s]
    Passed test  relationships_fct_order_items_inventory_item_id__inventory_item_id__ref_fct_inventory_items_ [195 of 196 in 0.19s]
    Passed test  accepted_values_fct_order_items_order_item_status__Complete__Shipped__Processing__Returned__Cancelled [194 of 196 in 0.20s]
    Passed test  not_null_fct_order_items_order_id [193 of 196 in 0.20s]

==================== Execution Summary =====================
Finished 'build' with 2 warnings for target 'duckdb' [13.2s]
Processed: 29 models | 167 tests
Summary: 196 total | 195 success | 1 warn

# --- stderr ---

=================== Errors and Warnings ====================
[warning] [MacroSyntaxInvalid (dbt1502)]: Failed to parse macro SQL syntax error: unexpected 'endmacro' end of block identifier
(in analyses/value_parity/rows.md:92:6)
  --> analyses/value_parity/rows.md:92:6
