# b07b: the same bearer-token secret with SCOPE set
# sql: analyses/transport_b/sql/b07b_http_bearer_scoped.sql (placeholders substituted at run time;
#      __SA_PATH__ stands for the service-account key path, __TOKEN__ for a
#      short-lived access token — neither value is ever written to this log)
# wall 2.45s  exit 1  peak RSS 40300 kB
# command: /usr/bin/time -v -o /home/hermes/.hermes/profiles/bruno/cache/scratch/transport_b/b07b.time /home/hermes/.local/bin/duckdb -init /dev/null :memory: <<'SQL'

-- b07b: the same read with the scope added. Measured: the secret stops being applied
-- and the request goes out unauthenticated (HTTP 0 / internal error), so the working
-- form is the *unscoped* http secret above.
CREATE SECRET tb_http_scoped (TYPE http, BEARER_TOKEN '__TOKEN__', SCOPE 'storage.googleapis.com');
SELECT count(*) FROM read_parquet('https://storage.googleapis.com/coreychimpbot-experiments/transport_b/b02/mart_daily_revenue-000000000000.parquet');

# ---- output ----
┌─────────┐
│ Success │
│ boolean │
├─────────┤
│ true    │
└─────────┘
HTTP Error: HTTP GET error on 'https://storage.googleapis.com/coreychimpbot-experiments/transport_b/b02/mart_daily_revenue-000000000000.parquet' (HTTP 0 Internal Server Error)

LINE 1: SELECT count(*) FROM read_parquet('https://storage.googleapis.com/coreychimpbot...
                             ^

