# b13b: EXPORT DATA BIGNUMERIC + GEOGRAPHY as Parquet
# sql: analyses/transport_b/sql/b13b_export_edge_parquet.sql
# wall (job insert + poll) 3.25s  http 200  job job_LEXcGAJBvgQLsphJtusCmz1aSdmk
# statementType EXPORT_DATA  state DONE
# expected to fail: False
# objects under gs://coreychimpbot-experiments/transport_b/b13b/: 1

-- b13b: BIGNUMERIC and GEOGRAPHY on their own. Neither has an obvious Parquet type:
-- BIGNUMERIC is 76 significant digits where Parquet DECIMAL stops at 38, and GEOGRAPHY
-- is not a Parquet primitive. Isolating them means the failure (if any) is attributable.
EXPORT DATA OPTIONS(
  uri='gs://coreychimpbot-experiments/transport_b/b13b/edge-*.parquet',
  format='PARQUET',
  overwrite=true) AS
SELECT * FROM `coreychimpbot.experiments_dev.transport_b_types_edge`

# ---- job resource ----
{
 "kind": "bigquery#job",
 "etag": "vYbKPFu0rZcAzJnMIJXdAg==",
 "id": "coreychimpbot:US.job_LEXcGAJBvgQLsphJtusCmz1aSdmk",
 "selfLink": "https://bigquery.googleapis.com/bigquery/v2/projects/coreychimpbot/jobs/job_LEXcGAJBvgQLsphJtusCmz1aSdmk?location=US",
 "user_email": "coreychimpbot@coreychimpbot.iam.gserviceaccount.com",
 "configuration": {
  "query": {
   "query": "-- b13b: BIGNUMERIC and GEOGRAPHY on their own. Neither has an obvious Parquet type:\n-- BIGNUMERIC is 76 significant digits where Parquet DECIMAL stops at 38, and GEOGRAPHY\n-- is not a Parquet primitive. Isolating them means the failure (if any) is attributable.\nEXPORT DATA OPTIONS(\n  uri='gs://coreychimpbot-experiments/transport_b/b13b/edge-*.parquet',\n  format='PARQUET',\n  overwrite=true) AS\nSELECT * FROM `coreychimpbot.experiments_dev.transport_b_types_edge`\n",
   "priority": "INTERACTIVE",
   "maximumBytesBilled": "1000000000000",
   "useLegacySql": false
  },
  "jobType": "QUERY"
 },
 "jobReference": {
  "projectId": "coreychimpbot",
  "jobId": "job_LEXcGAJBvgQLsphJtusCmz1aSdmk",
  "location": "US"
 },
 "statistics": {
  "creationTime": "1790526259796",
  "startTime": "1790526259910",
  "endTime": "1790526260491",
  "totalBytesProcessed": "88",
  "query": {
   "queryPlan": [
    {
     "name": "S00: Output",
     "id": "0",
     "startMs": "1790526260020",
     "endMs": "1790526260414",
     "waitRatioAvg": 0.0026109660574412533,
     "waitMsAvg": "1",
     "waitRatioMax": 0.0026109660574412533,
     "waitMsMax": "1",
     "readRatioAvg": 0.013054830287206266,
     "readMsAvg": "5",
     "readRatioMax": 0.013054830287206266,
     "readMsMax": "5",
     "computeRatioAvg": 0.04699738903394256,
     "computeMsAvg": "18",
     "computeRatioMax": 0.04699738903394256,
     "computeMsMax": "18",
     "writeRatioAvg": 1,
     "writeMsAvg": "383",
     "writeRatioMax": 1,
     "writeMsMax": "383",
     "shuffleOutputBytes": "0",
     "shuffleOutputBytesSpilled": "0",
     "recordsRead": "2",
     "recordsWritten": "2",
     "parallelInputs": "1",
     "completedParallelInputs": "1",
     "status": "COMPLETE",
     "steps": [
      {
       "kind": "READ",
       "substeps": [
        "$1:id, $2:bn, $3:g",
        "FROM coreychimpbot.experiments_dev.transport_b_types_edge"
       ]
      },
      {
       "kind": "WRITE",
       "substeps": [
        "$1, $2, $3",
        "TO __stage00_output"
       ]
      }
     ],
     "slotMs": "545",
     "computeMode": "BIGQUERY"
    }
   ],
   "estimatedBytesProcessed": "88",
   "timeline": [
    {
     "elapsedMs": "90",
     "totalSlotMs": "545",
     "pendingUnits": "0",
     "completedUnits": "0",
     "activeUnits": "0",
     "estimatedRunnableUnits": "0"
    },
    {
     "elapsedMs": "527",
     "totalSlotMs": "545",
     "pendingUnits": "0",
     "completedUnits": "1",
     "estimatedRunnableUnits": "0"
    }
   ],
   "totalPartitionsProcessed": "0",
   "totalBytesProcessed": "88",
   "totalBytesBilled": "10485760",
   "billingTier": 1,
   "totalSlotMs": "545",
   "cacheHit": false,
   "referencedTables": [
    {
     "projectId": "coreychimpbot",
     "datasetId": "experiments_dev",
     "tableId": "transport_b_types_edge"
    }
   ],
   "statementType": "EXPORT_DATA",
   "exportDataStatistics": {
    "fileCount": "1",
    "rowCount": "2"
   },
   "performanceInsights": {
    "avgPreviousExecutionMs": "528"
   },
   "transferredBytes": "0",
   "metadataCacheStatistics": {
    "tableMetadataCacheUsage": [
     {
      "tableReference": {
       "projectId": "coreychimpbot",
       "datasetId": "experiments_dev",
       "tableId": "transport_b_types_edge"
      },
      "unusedReason": "OTHER_REASON",
      "explanation": "Table does not have CMETA."
     }
    ]
   }
  },
  "totalSlotMs": "545",
  "finalExecutionDurationMs": "454"
 },
 "status": {
  "state": "DONE"
 },
 "principal_subject": "serviceAccount:coreychimpbot@coreychimpbot.iam.gserviceaccount.com",
 "jobCreationReason": {
  "code": "REQUESTED"
 }
}
# ---- objects ----
transport_b/b13b/edge-000000000000.parquet  1516 bytes  2026-09-27T16:24:20.385Z
