# b22: row order, export A (no ORDER BY)
# sql: analyses/transport_b/sql/b22_row_order_a.sql
# wall (job insert + poll) 5.45s  http 200  job job_NteXXvMtolhGHESVHp-Zv4vKgeMG
# statementType EXPORT_DATA  state DONE
# expected to fail: False
# objects under gs://coreychimpbot-experiments/transport_b/b22/a-: 17

-- b22: row order, export A. No ORDER BY: whatever order the storage layer hands over.
-- Source: noaa_gsod.gsod2023, 4,038,747 rows / 786 MB — big enough to be cut into more
-- than one file (the file sizes are recorded in the job listing next to this scenario).
EXPORT DATA OPTIONS(
  uri='gs://coreychimpbot-experiments/transport_b/b22/a-*.parquet',
  format='PARQUET', overwrite=true) AS
SELECT stn, year, mo, da, temp
FROM `bigquery-public-data.noaa_gsod.gsod2023`
WHERE temp IS NOT NULL

# ---- job resource ----
{
 "kind": "bigquery#job",
 "etag": "XfON3E9VAzNogpN2IU73hw==",
 "id": "coreychimpbot:US.job_NteXXvMtolhGHESVHp-Zv4vKgeMG",
 "selfLink": "https://bigquery.googleapis.com/bigquery/v2/projects/coreychimpbot/jobs/job_NteXXvMtolhGHESVHp-Zv4vKgeMG?location=US",
 "user_email": "coreychimpbot@coreychimpbot.iam.gserviceaccount.com",
 "configuration": {
  "query": {
   "query": "-- b22: row order, export A. No ORDER BY: whatever order the storage layer hands over.\n-- Source: noaa_gsod.gsod2023, 4,038,747 rows / 786 MB \u2014 big enough to be cut into more\n-- than one file (the file sizes are recorded in the job listing next to this scenario).\nEXPORT DATA OPTIONS(\n  uri='gs://coreychimpbot-experiments/transport_b/b22/a-*.parquet',\n  format='PARQUET', overwrite=true) AS\nSELECT stn, year, mo, da, temp\nFROM `bigquery-public-data.noaa_gsod.gsod2023`\nWHERE temp IS NOT NULL\n",
   "priority": "INTERACTIVE",
   "maximumBytesBilled": "1000000000000",
   "useLegacySql": false
  },
  "jobType": "QUERY"
 },
 "jobReference": {
  "projectId": "coreychimpbot",
  "jobId": "job_NteXXvMtolhGHESVHp-Zv4vKgeMG",
  "location": "US"
 },
 "statistics": {
  "creationTime": "1790526294245",
  "startTime": "1790526294401",
  "endTime": "1790526297225",
  "totalBytesProcessed": "121162410",
  "query": {
   "queryPlan": [
    {
     "name": "S00: Output",
     "id": "0",
     "startMs": "1790526294496",
     "endMs": "1790526297130",
     "waitRatioAvg": 0.00041631973355537054,
     "waitMsAvg": "1",
     "waitRatioMax": 0.0008326394671107411,
     "waitMsMax": "2",
     "readRatioAvg": 0.005412156536219817,
     "readMsAvg": "13",
     "readRatioMax": 0.010824313072439634,
     "readMsMax": "26",
     "computeRatioAvg": 0.1228143213988343,
     "computeMsAvg": "295",
     "computeRatioMax": 0.1540383014154871,
     "computeMsMax": "370",
     "writeRatioAvg": 0.7077435470441299,
     "writeMsAvg": "1700",
     "writeRatioMax": 1,
     "writeMsMax": "2402",
     "shuffleOutputBytes": "0",
     "shuffleOutputBytesSpilled": "0",
     "recordsRead": "4038747",
     "recordsWritten": "4038747",
     "parallelInputs": "17",
     "completedParallelInputs": "17",
     "status": "COMPLETE",
     "steps": [
      {
       "kind": "READ",
       "substeps": [
        "$1:stn, $2:year, $3:mo, $4:da, $5:temp",
        "FROM bigquery-public-data.noaa_gsod.gsod2023",
        "WHERE not(is_null($5))"
       ]
      },
      {
       "kind": "WRITE",
       "substeps": [
        "$1, $2, $3, $4, $5",
        "TO __stage00_output"
       ]
      }
     ],
     "slotMs": "34319",
     "computeMode": "BIGQUERY"
    }
   ],
   "estimatedBytesProcessed": "121162410",
   "timeline": [
    {
     "elapsedMs": "599",
     "totalSlotMs": "34319",
     "pendingUnits": "17",
     "completedUnits": "0",
     "activeUnits": "17",
     "estimatedRunnableUnits": "0"
    },
    {
     "elapsedMs": "1599",
     "totalSlotMs": "34319",
     "pendingUnits": "12",
     "completedUnits": "5",
     "activeUnits": "12",
     "estimatedRunnableUnits": "0"
    },
    {
     "elapsedMs": "2736",
     "totalSlotMs": "34319",
     "pendingUnits": "0",
     "completedUnits": "17",
     "activeUnits": "6",
     "estimatedRunnableUnits": "0"
    }
   ],
   "totalPartitionsProcessed": "0",
   "totalBytesProcessed": "121162410",
   "totalBytesBilled": "121634816",
   "billingTier": 1,
   "totalSlotMs": "34319",
   "cacheHit": false,
   "referencedTables": [
    {
     "projectId": "bigquery-public-data",
     "datasetId": "noaa_gsod",
     "tableId": "gsod2023"
    }
   ],
   "statementType": "EXPORT_DATA",
   "exportDataStatistics": {
    "fileCount": "17",
    "rowCount": "4038747"
   },
   "performanceInsights": {
    "avgPreviousExecutionMs": "2626"
   },
   "transferredBytes": "0",
   "metadataCacheStatistics": {
    "tableMetadataCacheUsage": [
     {
      "tableReference": {
       "projectId": "bigquery-public-data",
       "datasetId": "noaa_gsod",
       "tableId": "gsod2023"
      },
      "unusedReason": "OTHER_REASON",
      "explanation": "Table does not have CMETA."
     }
    ]
   }
  },
  "totalSlotMs": "34319",
  "finalExecutionDurationMs": "2675"
 },
 "status": {
  "state": "DONE"
 },
 "principal_subject": "serviceAccount:coreychimpbot@coreychimpbot.iam.gserviceaccount.com",
 "jobCreationReason": {
  "code": "REQUESTED"
 }
}
# ---- objects ----
transport_b/b22/a-000000000000.parquet  880530 bytes  2026-09-27T16:24:55.942Z
transport_b/b22/a-000000000001.parquet  882626 bytes  2026-09-27T16:24:55.678Z
transport_b/b22/a-000000000002.parquet  883276 bytes  2026-09-27T16:24:55.756Z
transport_b/b22/a-000000000003.parquet  879690 bytes  2026-09-27T16:24:55.649Z
transport_b/b22/a-000000000004.parquet  878624 bytes  2026-09-27T16:24:55.893Z
transport_b/b22/a-000000000005.parquet  881442 bytes  2026-09-27T16:24:56.687Z
transport_b/b22/a-000000000006.parquet  880170 bytes  2026-09-27T16:24:56.862Z
transport_b/b22/a-000000000007.parquet  881277 bytes  2026-09-27T16:24:57.015Z
transport_b/b22/a-000000000008.parquet  881981 bytes  2026-09-27T16:24:56.297Z
transport_b/b22/a-000000000009.parquet  880325 bytes  2026-09-27T16:24:56.776Z
transport_b/b22/a-000000000010.parquet  879804 bytes  2026-09-27T16:24:55.978Z
transport_b/b22/a-000000000011.parquet  880215 bytes  2026-09-27T16:24:55.868Z
transport_b/b22/a-000000000012.parquet  880088 bytes  2026-09-27T16:24:56.195Z
transport_b/b22/a-000000000013.parquet  883580 bytes  2026-09-27T16:24:56.091Z
transport_b/b22/a-000000000014.parquet  878871 bytes  2026-09-27T16:24:56.624Z
transport_b/b22/a-000000000015.parquet  880539 bytes  2026-09-27T16:24:57.099Z
transport_b/b22/a-000000000016.parquet  879218 bytes  2026-09-27T16:24:56.941Z
