# b31: cleanup: leave the bucket and the dataset as they were found
# deleted 190 objects under gs://coreychimpbot-experiments/transport_b/
# dropped the five probe tables this harness created in experiments_dev

deleted: [
 "transport_b/b02/mart_daily_revenue-000000000000.parquet",
 "transport_b/b03/usa_names-000000000000.parquet",
 "transport_b/b03/usa_names-000000000001.parquet",
 "transport_b/b03/usa_names-000000000002.parquet",
 "transport_b/b03/usa_names-000000000003.parquet",
 "transport_b/b03/usa_names-000000000004.parquet",
 "transport_b/b03/usa_names-000000000005.parquet",
 "transport_b/b04/citibike-000000000000.parquet",
 "transport_b/b04/citibike-000000000001.parquet",
 "transport_b/b04/citibike-000000000002.parquet",
 "transport_b/b04/citibike-000000000003.parquet",
 "transport_b/b04/citibike-000000000004.parquet",
 "transport_b/b04/citibike-000000000005.parquet",
 "transport_b/b04/citibike-000000000006.parquet",
 "transport_b/b04/citibike-000000000007.parquet",
 "transport_b/b04/citibike-000000000008.parquet",
 "transport_b/b04/citibike-000000000009.parquet",
 "transport_b/b04/citibike-000000000010.parquet",
 "transport_b/b04/citibike-000000000011.parquet",
 "transport_b/b04/citibike-000000000012.parquet",
 "transport_b/b04/citibike-000000000013.parquet",
 "transport_b/b04/citibike-000000000014.parquet",
 "transport_b/b04/citibike-000000000015.parquet",
 "transport_b/b04/citibike-000000000016.parquet",
 "transport_b/b04/citibike-000000000017.parquet",
 "transport_b/b04/citibike-000000000018.parquet",
 "transport_b/b04/citibike-000000000019.parquet",
 "transport_b/b04/citibike-000000000020.parquet",
 "transport_b/b04/citibike-000000000021.parquet",
 "transport_b/b04/citibike-000000000022.parquet",
 "transport_b/b04/citibike-000000000023.parquet",
 "transport_b/b04/citibike-000000000024.parquet",
 "transport_b/b04/citibike-000000000025.parquet",
 "transport_b/b04/citibike-000000000026.parquet",
 "transport_b/b04/citibike-000000000027.parquet",
 "transport_b/b04/citibike-000000000028.parquet",
 "transport_b/b04/citibike-000000000029.parquet",
 "transport_b/b04/citibike-000000000030.parquet",
 "transport_b/b04/citibike-000000000031.parquet",
 "transport_b/b04/citibike-000000000032.parquet",
 "transport_b/b04/citibike-000000000033.parquet",
 "transport_b/b04/citibike-000000000034.parquet",
 "transport_b/b04/citibike-000000000035.parquet",
 "transport_b/b04/citibike-000000000036.parquet",
 "transport_b/b04/citibike-000000000037.parquet",
 "transport_b/b04/citibike-000000000038.parquet",
 "transport_b/b04/citibike-000000000039.parquet",
 "transport_b/b04/citibike-000000000040.parquet",
 "transport_b/b04/citibike-000000000041.parquet",
 "transport_b/b04/citibike-000000000042.parquet",
 "transport_b/b04/citibike-000000000043.parquet",
 "transport_b/b04/citibike-000000000044.parquet",
 "transport_b/b04/citibike-000000000045.parquet",
 "transport_b/b04/citibike-000000000046.parquet",
 "transport_b/b04/citibike-000000000047.parquet",
 "transport_b/b04/citibike-000000000048.parquet",
 "transport_b/b04/citibike-000000000049.parquet",
 "transport_b/b04/citibike-000000000050.parquet",
 "transport_b/b04/citibike-000000000051.parquet",
 "transport_b/b04/citibike-000000000052.parquet",
 "transport_b/b04/citibike-000000000053.parquet",
 "transport_b/b04/citibike-000000000054.parquet",
 "transport_b/b04/citibike-000000000055.parquet",
 "transport_b/b04/citibike-000000000056.parquet",
 "transport_b/b04/citibike-000000000057.parquet",
 "transport_b/b04/citibike-000000000058.parquet",
 "transport_b/b13/types-000000000000.parquet",
 "transport_b/b13b/edge-000000000000.parquet",
 "transport_b/b14b/json-000000000000.csv",
 "transport_b/b15/flat-000000000000.csv",
 "transport_b/b16/flat-000000000000.parquet",
 "transport_b/b19/a-000000000000.parquet",
 "transport_b/b19/b-000000000000.parquet",
 "transport_b/b20/cohort-000000000000.parquet",
 "transport_b/b20/revenue-000000000000.parquet",
 "transport_b/b21/merged-000000000000.parquet",
 "transport_b/b21/merged-000000000001.parquet",
 "transport_b/b22/a-000000000000.parquet",
 "transport_b/b22/a-000000000001.parquet",
 "transport_b/b22/a-000000000002.parquet",
 "transport_b/b22/a-000000000003.parquet",
 "transport_b/b22/a-000000000004.parquet",
 "transport_b/b22/a-000000000005.parquet",
 "transport_b/b22/a-000000000006.parquet",
 "transport_b/b22/a-000000000007.parquet",
 "transport_b/b22/a-000000000008.parquet",
 "transport_b/b22/a-000000000009.parquet",
 "transport_b/b22/a-000000000010.parquet",
 "transport_b/b22/a-000000000011.parquet",
 "transport_b/b22/a-000000000012.parquet",
 "transport_b/b22/a-000000000013.parquet",
 "transport_b/b22/a-000000000014.parquet",
 "transport_b/b22/a-000000000015.parquet",
 "transport_b/b22/a-000000000016.parquet",
 "transport_b/b22/b-000000000000.parquet",
 "transport_b/b22/b-000000000001.parquet",
 "transport_b/b22/b-000000000002.parquet",
 "transport_b/b22/b-000000000003.parquet",
 "transport_b/b22/b-000000000004.parquet",
 "transport_b/b22/b-000000000005.parquet",
 "transport_b/b22/b-000000000006.parquet",
 "transport_b/b22/b-000000000007.parquet",
 "transport_b/b22/b-000000000008.parquet",
 "transport_b/b22/b-000000000009.parquet",
 "transport_b/b22/b-000000000010.parquet",
 "transport_b/b22/b-000000000011.parquet",
 "transport_b/b22/b-000000000012.parquet",
 "transport_b/b22/b-000000000013.parquet",
 "transport_b/b22/b-000000000014.parquet",
 "transport_b/b22/b-000000000015.parquet",
 "transport_b/b22/b-000000000016.parquet",
 "transport_b/b22/d-000000000000.parquet",
 "transport_b/b22/d-000000000001.parquet",
 "transport_b/b22/d-000000000002.parquet",
 "transport_b/b22/d-000000000003.parquet",
 "transport_b/b22/d-000000000004.parquet",
 "transport_b/b22/d-000000000005.parquet",
 "transport_b/b22/d-000000000006.parquet",
 "transport_b/b22/d-000000000007.parquet",
 "transport_b/b22/d-000000000008.parquet",
 "transport_b/b22/d-000000000009.parquet",
 "transport_b/b22/d-000000000010.parquet",
 "transport_b/b22/d-000000000011.parquet",
 "transport_b/b22/d-000000000012.parquet",
 "transport_b/b22/d-000000000013.parquet",
 "transport_b/b22/d-000000000014.parquet",
 "transport_b/b22/d-000000000015.parquet",
 "transport_b/b22/d-000000000016.parquet",
 "transport_b/b23/c-000000000000.parquet",
 "transport_b/b25/citibike-000000000000.parquet",
 "transport_b/b25/citibike-000000000001.parquet",
 "transport_b/b25/citibike-000000000002.parquet",
 "transport_b/b25/citibike-000000000003.parquet",
 "transport_b/b25/citibike-000000000004.parquet",
 "transport_b/b25/citibike-000000000005.parquet",
 "transport_b/b25/citibike-000000000006.parquet",
 "transport_b/b25/citibike-000000000007.parquet",
 "transport_b/b25/citibike-000000000008.parquet",
 "transport_b/b25/citibike-000000000009.parquet",
 "transport_b/b25/citibike-000000000010.parquet",
 "transport_b/b25/citibike-000000000011.parquet",
 "transport_b/b25/citibike-000000000012.parquet",
 "transport_b/b25/citibike-000000000013.parquet",
 "transport_b/b25/citibike-000000000014.parquet",
 "transport_b/b25/citibike-000000000015.parquet",
 "transport_b/b25/citibike-000000000016.parquet",
 "transport_b/b25/citibike-000000000017.parquet",
 "transport_b/b25/citibike-000000000018.parquet",
 "transport_b/b25/citibike-000000000019.parquet",
 "transport_b/b25/citibike-000000000020.parquet",
 "transport_b/b25/citibike-000000000021.parquet",
 "transport_b/b25/citibike-000000000022.parquet",
 "transport_b/b25/citibike-000000000023.parquet",
 "transport_b/b25/citibike-000000000024.parquet",
 "transport_b/b25/citibike-000000000025.parquet",
 "transport_b/b25/citibike-000000000026.parquet",
 "transport_b/b25/citibike-000000000027.parquet",
 "transport_b/b25/citibike-000000000028.parquet",
 "transport_b/b25/citibike-000000000029.parquet",
 "transport_b/b25/citibike-000000000030.parquet",
 "transport_b/b25/citibike-000000000031.parquet",
 "transport_b/b25/citibike-000000000032.parquet",
 "transport_b/b25/citibike-000000000033.parquet",
 "transport_b/b25/citibike-000000000034.parquet",
 "transport_b/b25/citibike-000000000035.parquet",
 "transport_b/b25/citibike-000000000036.parquet",
 "transport_b/b25/citibike-000000000037.parquet",
 "transport_b/b25/citibike-000000000038.parquet",
 "transport_b/b25/citibike-000000000039.parquet",
 "transport_b/b25/citibike-000000000040.parquet",
 "transport_b/b25/citibike-000000000041.parquet",
 "transport_b/b25/citibike-000000000042.parquet",
 "transport_b/b25/citibike-000000000043.parquet",
 "transport_b/b25/citibike-000000000044.parquet",
 "transport_b/b25/citibike-000000000045.parquet",
 "transport_b/b25/citibike-000000000046.parquet",
 "transport_b/b25/citibike-000000000047.parquet",
 "transport_b/b25/citibike-000000000048.parquet",
 "transport_b/b25/citibike-000000000049.parquet",
 "transport_b/b25/citibike-000000000050.parquet",
 "transport_b/b25/citibike-000000000051.parquet",
 "transport_b/b25/citibike-000000000052.parquet",
 "transport_b/b25/citibike-000000000053.parquet",
 "transport_b/b25/citibike-000000000054.parquet",
 "transport_b/b25/citibike-000000000055.parquet",
 "transport_b/b25/citibike-000000000056.parquet",
 "transport_b/b25/citibike-000000000057.parquet",
 "transport_b/b25/citibike-000000000058.parquet",
 "transport_b/b25/mart-000000000000.parquet",
 "transport_b/b27/reverse_src.parquet"
]
objects remaining under the prefix: 0
drops: ['transport_b_types: 200', 'transport_b_types_flat: 200', 'transport_b_types_json: 200', 'transport_b_types_edge: 200', 'transport_b_reverse: 200', 'transport_b_reverse_ext: 200']
tables left in experiments_dev (29): ['dim_date', 'dim_distribution_centers', 'dim_products', 'dim_users', 'fct_inventory_items', 'fct_order_items', 'fct_orders', 'int_cohorts__user_months', 'int_events__sessions', 'int_inventory__by_product_center', 'int_inventory_items__enriched', 'int_order_items__enriched', 'int_orders__daily', 'int_orders__item_rollup', 'int_products__returns', 'int_products__sales', 'int_users__first_order_cohort', 'int_users__lifetime_orders', 'mart_cohort_retention', 'mart_customer_summary', 'mart_daily_revenue', 'mart_product_performance', 'stg_thelook__distribution_centers', 'stg_thelook__events', 'stg_thelook__inventory_items', 'stg_thelook__order_items', 'stg_thelook__orders', 'stg_thelook__products', 'stg_thelook__users']
